Archive member included because of file (symbol)

c:/winavr-20100110/bin/../lib/gcc/avr/4.3.3/avr5\libgcc.a(_mulsi3.o)
                              FC_main.o (__mulsi3)
c:/winavr-20100110/bin/../lib/gcc/avr/4.3.3/avr5\libgcc.a(_exit.o)
                              c:/winavr-20100110/bin/../lib/gcc/avr/4.3.3/../../../../avr/lib/avr5/crtm168p.o (exit)
c:/winavr-20100110/bin/../lib/gcc/avr/4.3.3/avr5\libgcc.a(_copy_data.o)
                              motors.o (__do_copy_data)
c:/winavr-20100110/bin/../lib/gcc/avr/4.3.3/avr5\libgcc.a(_clear_bss.o)
                              FC_main.o (__do_clear_bss)
c:/winavr-20100110/bin/../lib/gcc/avr/4.3.3/../../../../avr/lib/avr5\libc.a(eerd_block_atmega168p.o)
                              eeprom.o (__eerd_block_m168p)
c:/winavr-20100110/bin/../lib/gcc/avr/4.3.3/../../../../avr/lib/avr5\libc.a(eerd_byte_atmega168p.o)
                              eeprom.o (__eerd_byte_m168p)
c:/winavr-20100110/bin/../lib/gcc/avr/4.3.3/../../../../avr/lib/avr5\libc.a(eewr_byte_atmega168p.o)
                              eeprom.o (__eewr_byte_m168p)

Allocating common symbols
Common symbol       size              file

PitchGyroLimit      0x2               pots.o
RxInCollective      0x1               rc.o
gyroADC             0x6               gyros.o
MotorOut1           0x2               motors.o
GyroCalibrated      0x1               gyros.o
RxChannel2Start     0x2               isr.o
RxChannel4          0x2               isr.o
RxChannelsUpdatedFlag
                    0x1               isr.o
RxInRoll            0x1               rc.o
RxInYaw             0x1               rc.o
MotorOut2           0x2               motors.o
RxChannel3Start     0x2               isr.o
RollGyroLimit       0x2               pots.o
YawGyroLimit        0x2               pots.o
MotorOut4           0x2               motors.o
GainIn              0x3               pots.o
RxChannel2          0x2               isr.o
MotorOut3           0x2               motors.o
AcroMode            0x1               FC_main.o
YawStickScale       0x1               FC_main.o
RxInPitch           0x1               rc.o
Armed               0x1               init.o
RxChannel1Start     0x2               isr.o
GainInADC           0x6               pots.o
RxChannel4Start     0x2               isr.o
RollStickScale      0x1               FC_main.o
PitchStickScale     0x1               FC_main.o
RxChannel3          0x2               isr.o
RxChannel1          0x2               isr.o
Config              0x9               init.o

Memory Configuration

Name             Origin             Length             Attributes
text             0x00000000         0x00020000         xr
data             0x00800060         0x0000ffa0         rw !x
eeprom           0x00810000         0x00010000         rw !x
fuse             0x00820000         0x00000400         rw !x
lock             0x00830000         0x00000400         rw !x
signature        0x00840000         0x00000400         rw !x
*default*        0x00000000         0xffffffff

Linker script and memory map

Address of section .data set to 0x800100
LOAD c:/winavr-20100110/bin/../lib/gcc/avr/4.3.3/../../../../avr/lib/avr5/crtm168p.o
LOAD adc.o
LOAD eeprom.o
LOAD FC_main.o
LOAD gyros.o
LOAD init.o
LOAD isr.o
LOAD motors.o
LOAD pots.o
LOAD rc.o
LOAD c:/winavr-20100110/bin/../lib/gcc/avr/4.3.3/avr5\libgcc.a
LOAD c:/winavr-20100110/bin/../lib/gcc/avr/4.3.3/../../../../avr/lib/avr5\libc.a
LOAD c:/winavr-20100110/bin/../lib/gcc/avr/4.3.3/avr5\libgcc.a

.hash
 *(.hash)

.dynsym
 *(.dynsym)

.dynstr
 *(.dynstr)

.gnu.version
 *(.gnu.version)

.gnu.version_d
 *(.gnu.version_d)

.gnu.version_r
 *(.gnu.version_r)

.rel.init
 *(.rel.init)

.rela.init
 *(.rela.init)

.rel.text
 *(.rel.text)
 *(.rel.text.*)
 *(.rel.gnu.linkonce.t*)

.rela.text
 *(.rela.text)
 *(.rela.text.*)
 *(.rela.gnu.linkonce.t*)

.rel.fini
 *(.rel.fini)

.rela.fini
 *(.rela.fini)

.rel.rodata
 *(.rel.rodata)
 *(.rel.rodata.*)
 *(.rel.gnu.linkonce.r*)

.rela.rodata
 *(.rela.rodata)
 *(.rela.rodata.*)
 *(.rela.gnu.linkonce.r*)

.rel.data
 *(.rel.data)
 *(.rel.data.*)
 *(.rel.gnu.linkonce.d*)

.rela.data
 *(.rela.data)
 *(.rela.data.*)
 *(.rela.gnu.linkonce.d*)

.rel.ctors
 *(.rel.ctors)

.rela.ctors
 *(.rela.ctors)

.rel.dtors
 *(.rel.dtors)

.rela.dtors
 *(.rela.dtors)

.rel.got
 *(.rel.got)

.rela.got
 *(.rela.got)

.rel.bss
 *(.rel.bss)

.rela.bss
 *(.rela.bss)

.rel.plt
 *(.rel.plt)

.rela.plt
 *(.rela.plt)

.text           0x00000000     0x1172
 *(.vectors)
 .vectors       0x00000000       0x68 c:/winavr-20100110/bin/../lib/gcc/avr/4.3.3/../../../../avr/lib/avr5/crtm168p.o
                0x00000000                __vectors
                0x00000000                __vector_default
 *(.vectors)
 *(.progmem.gcc*)
 *(.progmem*)
                0x00000068                . = ALIGN (0x2)
                0x00000068                __trampolines_start = .
 *(.trampolines)
 .trampolines   0x00000068        0x0 linker stubs
 *(.trampolines*)
                0x00000068                __trampolines_end = .
 *(.jumptables)
 *(.jumptables*)
 *(.lowtext)
 *(.lowtext*)
                0x00000068                __ctors_start = .
 *(.ctors)
                0x00000068                __ctors_end = .
                0x00000068                __dtors_start = .
 *(.dtors)
                0x00000068                __dtors_end = .
 SORT(*)(.ctors)
 SORT(*)(.dtors)
 *(.init0)
 .init0         0x00000068        0x0 c:/winavr-20100110/bin/../lib/gcc/avr/4.3.3/../../../../avr/lib/avr5/crtm168p.o
                0x00000068                __init
 *(.init0)
 *(.init1)
 *(.init1)
 *(.init2)
 .init2         0x00000068        0xc c:/winavr-20100110/bin/../lib/gcc/avr/4.3.3/../../../../avr/lib/avr5/crtm168p.o
 *(.init2)
 *(.init3)
 *(.init3)
 *(.init4)
 .init4         0x00000074       0x16 c:/winavr-20100110/bin/../lib/gcc/avr/4.3.3/avr5\libgcc.a(_copy_data.o)
                0x00000074                __do_copy_data
 .init4         0x0000008a       0x10 c:/winavr-20100110/bin/../lib/gcc/avr/4.3.3/avr5\libgcc.a(_clear_bss.o)
                0x0000008a                __do_clear_bss
 *(.init4)
 *(.init5)
 *(.init5)
 *(.init6)
 *(.init6)
 *(.init7)
 *(.init7)
 *(.init8)
 *(.init8)
 *(.init9)
 .init9         0x0000009a        0x8 c:/winavr-20100110/bin/../lib/gcc/avr/4.3.3/../../../../avr/lib/avr5/crtm168p.o
 *(.init9)
 *(.text)
 .text          0x000000a2        0x4 c:/winavr-20100110/bin/../lib/gcc/avr/4.3.3/../../../../avr/lib/avr5/crtm168p.o
                0x000000a2                __vector_22
                0x000000a2                __vector_24
                0x000000a2                __vector_12
                0x000000a2                __bad_interrupt
                0x000000a2                __vector_6
                0x000000a2                __vector_23
                0x000000a2                __vector_25
                0x000000a2                __vector_11
                0x000000a2                __vector_13
                0x000000a2                __vector_17
                0x000000a2                __vector_19
                0x000000a2                __vector_7
                0x000000a2                __vector_4
                0x000000a2                __vector_9
                0x000000a2                __vector_21
                0x000000a2                __vector_15
                0x000000a2                __vector_8
                0x000000a2                __vector_14
                0x000000a2                __vector_10
                0x000000a2                __vector_16
                0x000000a2                __vector_18
                0x000000a2                __vector_20
 .text          0x000000a6       0x20 adc.o
                0x000000a6                Init_ADC
                0x000000b2                read_adc
 .text          0x000000c6       0xfa eeprom.o
                0x000000c6                Set_EEPROM_Default_Config
                0x000000f0                eeprom_write_byte_changed
                0x00000112                eeprom_write_block_changes
                0x0000016e                Initial_EEPROM_Config_Load
                0x00000158                Save_Config_to_EEPROM
 .text          0x000001c0      0x6b0 FC_main.o
                0x000001c0                main
 .text          0x00000870      0x172 gyros.o
                0x00000870                CalibrateGyros
                0x00000974                ReadGyros
 .text          0x000009e2      0x31e init.o
                0x000009e2                init
 .text          0x00000d00      0x170 isr.o
                0x00000d5c                __vector_1
                0x00000e14                __vector_3
                0x00000d00                __vector_5
                0x00000db8                __vector_2
 .text          0x00000e70      0x144 motors.o
                0x00000e70                output_motor_ppm
 .text          0x00000fb4       0x74 pots.o
                0x00000fb4                ReadGainValues
 .text          0x00001028       0xbc rc.o
                0x00001028                RxGetChannels
 .text          0x000010e4        0x0 c:/winavr-20100110/bin/../lib/gcc/avr/4.3.3/avr5\libgcc.a(_mulsi3.o)
 .text          0x000010e4        0x0 c:/winavr-20100110/bin/../lib/gcc/avr/4.3.3/avr5\libgcc.a(_exit.o)
 .text          0x000010e4        0x0 c:/winavr-20100110/bin/../lib/gcc/avr/4.3.3/avr5\libgcc.a(_copy_data.o)
 .text          0x000010e4        0x0 c:/winavr-20100110/bin/../lib/gcc/avr/4.3.3/avr5\libgcc.a(_clear_bss.o)
 .text          0x000010e4        0x0 c:/winavr-20100110/bin/../lib/gcc/avr/4.3.3/../../../../avr/lib/avr5\libc.a(eerd_block_atmega168p.o)
 .text          0x000010e4        0x0 c:/winavr-20100110/bin/../lib/gcc/avr/4.3.3/../../../../avr/lib/avr5\libc.a(eerd_byte_atmega168p.o)
 .text          0x000010e4        0x0 c:/winavr-20100110/bin/../lib/gcc/avr/4.3.3/../../../../avr/lib/avr5\libc.a(eewr_byte_atmega168p.o)
                0x000010e4                . = ALIGN (0x2)
 *(.text.*)
 .text.libgcc   0x000010e4       0x3e c:/winavr-20100110/bin/../lib/gcc/avr/4.3.3/avr5\libgcc.a(_mulsi3.o)
                0x000010e4                __mulsi3
 .text.libgcc   0x00001122        0x0 c:/winavr-20100110/bin/../lib/gcc/avr/4.3.3/avr5\libgcc.a(_exit.o)
 .text.libgcc   0x00001122        0x0 c:/winavr-20100110/bin/../lib/gcc/avr/4.3.3/avr5\libgcc.a(_copy_data.o)
 .text.libgcc   0x00001122        0x0 c:/winavr-20100110/bin/../lib/gcc/avr/4.3.3/avr5\libgcc.a(_clear_bss.o)
 .text.avr-libc
                0x00001122       0x20 c:/winavr-20100110/bin/../lib/gcc/avr/4.3.3/../../../../avr/lib/avr5\libc.a(eerd_block_atmega168p.o)
                0x00001122                __eerd_block_m168p
                0x00001126                __eerd_blraw_m168p
 .text.avr-libc
                0x00001142       0x10 c:/winavr-20100110/bin/../lib/gcc/avr/4.3.3/../../../../avr/lib/avr5\libc.a(eerd_byte_atmega168p.o)
                0x00001142                __eerd_byte_m168p
 .text.avr-libc
                0x00001152       0x1c c:/winavr-20100110/bin/../lib/gcc/avr/4.3.3/../../../../avr/lib/avr5\libc.a(eewr_byte_atmega168p.o)
                0x00001152                __eewr_byte_m168p
                0x00001154                __eewr_r18_m168p
                0x0000116e                . = ALIGN (0x2)
 *(.fini9)
 .fini9         0x0000116e        0x0 c:/winavr-20100110/bin/../lib/gcc/avr/4.3.3/avr5\libgcc.a(_exit.o)
                0x0000116e                exit
                0x0000116e                _exit
 *(.fini9)
 *(.fini8)
 *(.fini8)
 *(.fini7)
 *(.fini7)
 *(.fini6)
 *(.fini6)
 *(.fini5)
 *(.fini5)
 *(.fini4)
 *(.fini4)
 *(.fini3)
 *(.fini3)
 *(.fini2)
 *(.fini2)
 *(.fini1)
 *(.fini1)
 *(.fini0)
 .fini0         0x0000116e        0x4 c:/winavr-20100110/bin/../lib/gcc/avr/4.3.3/avr5\libgcc.a(_exit.o)
 *(.fini0)
                0x00001172                _etext = .

.data           0x00800100        0x2 load address 0x00001172
                0x00800100                PROVIDE (__data_start, .)
 *(.data)
 .data          0x00800100        0x0 c:/winavr-20100110/bin/../lib/gcc/avr/4.3.3/../../../../avr/lib/avr5/crtm168p.o
 .data          0x00800100        0x0 adc.o
 .data          0x00800100        0x0 eeprom.o
 .data          0x00800100        0x0 FC_main.o
 .data          0x00800100        0x0 gyros.o
 .data          0x00800100        0x0 init.o
 .data          0x00800100        0x0 isr.o
 .data          0x00800100        0x2 motors.o
                0x00800100                PWM_Low_Pulse_Interval
 .data          0x00800102        0x0 pots.o
 .data          0x00800102        0x0 rc.o
 .data          0x00800102        0x0 c:/winavr-20100110/bin/../lib/gcc/avr/4.3.3/avr5\libgcc.a(_mulsi3.o)
 .data          0x00800102        0x0 c:/winavr-20100110/bin/../lib/gcc/avr/4.3.3/avr5\libgcc.a(_exit.o)
 .data          0x00800102        0x0 c:/winavr-20100110/bin/../lib/gcc/avr/4.3.3/avr5\libgcc.a(_copy_data.o)
 .data          0x00800102        0x0 c:/winavr-20100110/bin/../lib/gcc/avr/4.3.3/avr5\libgcc.a(_clear_bss.o)
 .data          0x00800102        0x0 c:/winavr-20100110/bin/../lib/gcc/avr/4.3.3/../../../../avr/lib/avr5\libc.a(eerd_block_atmega168p.o)
 .data          0x00800102        0x0 c:/winavr-20100110/bin/../lib/gcc/avr/4.3.3/../../../../avr/lib/avr5\libc.a(eerd_byte_atmega168p.o)
 .data          0x00800102        0x0 c:/winavr-20100110/bin/../lib/gcc/avr/4.3.3/../../../../avr/lib/avr5\libc.a(eewr_byte_atmega168p.o)
 *(.data*)
 *(.rodata)
 *(.rodata*)
 *(.gnu.linkonce.d*)
                0x00800102                . = ALIGN (0x2)
                0x00800102                _edata = .
                0x00800102                PROVIDE (__data_end, .)

.bss            0x00800102       0x6c
                0x00800102                PROVIDE (__bss_start, .)
 *(.bss)
 .bss           0x00800102        0x0 c:/winavr-20100110/bin/../lib/gcc/avr/4.3.3/../../../../avr/lib/avr5/crtm168p.o
 .bss           0x00800102        0x0 adc.o
 .bss           0x00800102        0x0 eeprom.o
 .bss           0x00800102       0x1e FC_main.o
                0x0080011a                DifferentialGyro
                0x0080011c                loop_count
                0x0080010a                IntegralYaw
                0x00800102                IntegralPitch
                0x0080010e                currentGyroError
                0x00800114                lastGyroError
                0x00800106                IntegralRoll
 .bss           0x00800120        0x6 gyros.o
                0x00800120                gyroZero
 .bss           0x00800126        0x0 init.o
 .bss           0x00800126        0x0 isr.o
 .bss           0x00800126        0x7 motors.o
                0x00800126                output_motor_high
 .bss           0x0080012d        0x0 pots.o
 .bss           0x0080012d        0x0 rc.o
 .bss           0x0080012d        0x0 c:/winavr-20100110/bin/../lib/gcc/avr/4.3.3/avr5\libgcc.a(_mulsi3.o)
 .bss           0x0080012d        0x0 c:/winavr-20100110/bin/../lib/gcc/avr/4.3.3/avr5\libgcc.a(_exit.o)
 .bss           0x0080012d        0x0 c:/winavr-20100110/bin/../lib/gcc/avr/4.3.3/avr5\libgcc.a(_copy_data.o)
 .bss           0x0080012d        0x0 c:/winavr-20100110/bin/../lib/gcc/avr/4.3.3/avr5\libgcc.a(_clear_bss.o)
 .bss           0x0080012d        0x0 c:/winavr-20100110/bin/../lib/gcc/avr/4.3.3/../../../../avr/lib/avr5\libc.a(eerd_block_atmega168p.o)
 .bss           0x0080012d        0x0 c:/winavr-20100110/bin/../lib/gcc/avr/4.3.3/../../../../avr/lib/avr5\libc.a(eerd_byte_atmega168p.o)
 .bss           0x0080012d        0x0 c:/winavr-20100110/bin/../lib/gcc/avr/4.3.3/../../../../avr/lib/avr5\libc.a(eewr_byte_atmega168p.o)
 *(.bss*)
 *(COMMON)
 COMMON         0x0080012d        0x4 FC_main.o
                0x0080012d                AcroMode
                0x0080012e                YawStickScale
                0x0080012f                RollStickScale
                0x00800130                PitchStickScale
 COMMON         0x00800131        0x7 gyros.o
                0x00800131                gyroADC
                0x00800137                GyroCalibrated
 COMMON         0x00800138        0xa init.o
                0x00800138                Armed
                0x00800139                Config
 COMMON         0x00800142       0x11 isr.o
                0x00800142                RxChannel2Start
                0x00800144                RxChannel4
                0x00800146                RxChannelsUpdatedFlag
                0x00800147                RxChannel3Start
                0x00800149                RxChannel2
                0x0080014b                RxChannel1Start
                0x0080014d                RxChannel4Start
                0x0080014f                RxChannel3
                0x00800151                RxChannel1
 COMMON         0x00800153        0x8 motors.o
                0x00800153                MotorOut1
                0x00800155                MotorOut2
                0x00800157                MotorOut4
                0x00800159                MotorOut3
 COMMON         0x0080015b        0xf pots.o
                0x0080015b                PitchGyroLimit
                0x0080015d                RollGyroLimit
                0x0080015f                YawGyroLimit
                0x00800161                GainIn
                0x00800164                GainInADC
 COMMON         0x0080016a        0x4 rc.o
                0x0080016a                RxInCollective
                0x0080016b                RxInRoll
                0x0080016c                RxInYaw
                0x0080016d                RxInPitch
                0x0080016e                PROVIDE (__bss_end, .)
                0x00001172                __data_load_start = LOADADDR (.data)
                0x00001174                __data_load_end = (__data_load_start + SIZEOF (.data))

.noinit         0x0080016e        0x0
                0x0080016e                PROVIDE (__noinit_start, .)
 *(.noinit*)
                0x0080016e                PROVIDE (__noinit_end, .)
                0x0080016e                _end = .
                0x0080016e                PROVIDE (__heap_start, .)

.eeprom         0x00810000        0x0
 *(.eeprom*)
                0x00810000                __eeprom_end = .

.fuse
 *(.fuse)
 *(.lfuse)
 *(.hfuse)
 *(.efuse)

.lock
 *(.lock*)

.signature
 *(.signature*)

.stab
 *(.stab)

.stabstr
 *(.stabstr)

.stab.excl
 *(.stab.excl)

.stab.exclstr
 *(.stab.exclstr)

.stab.index
 *(.stab.index)

.stab.indexstr
 *(.stab.indexstr)

.comment
 *(.comment)

.debug
 *(.debug)

.line
 *(.line)

.debug_srcinfo
 *(.debug_srcinfo)

.debug_sfnames
 *(.debug_sfnames)

.debug_aranges  0x00000000      0x120
 *(.debug_aranges)
 .debug_aranges
                0x00000000       0x20 adc.o
 .debug_aranges
                0x00000020       0x20 eeprom.o
 .debug_aranges
                0x00000040       0x20 FC_main.o
 .debug_aranges
                0x00000060       0x20 gyros.o
 .debug_aranges
                0x00000080       0x20 init.o
 .debug_aranges
                0x000000a0       0x20 isr.o
 .debug_aranges
                0x000000c0       0x20 motors.o
 .debug_aranges
                0x000000e0       0x20 pots.o
 .debug_aranges
                0x00000100       0x20 rc.o

.debug_pubnames
                0x00000000      0x496
 *(.debug_pubnames)
 .debug_pubnames
                0x00000000       0x2c adc.o
 .debug_pubnames
                0x0000002c       0xa6 eeprom.o
 .debug_pubnames
                0x000000d2       0xdf FC_main.o
 .debug_pubnames
                0x000001b1       0x5f gyros.o
 .debug_pubnames
                0x00000210       0x30 init.o
 .debug_pubnames
                0x00000240       0xf4 isr.o
 .debug_pubnames
                0x00000334       0x90 motors.o
 .debug_pubnames
                0x000003c4       0x74 pots.o
 .debug_pubnames
                0x00000438       0x5e rc.o

.debug_info     0x00000000     0x1633
 *(.debug_info)
 .debug_info    0x00000000       0xa1 adc.o
 .debug_info    0x000000a1      0x1db eeprom.o
 .debug_info    0x0000027c      0x4c5 FC_main.o
 .debug_info    0x00000741      0x1e1 gyros.o
 .debug_info    0x00000922      0x5be init.o
 .debug_info    0x00000ee0      0x1fd isr.o
 .debug_info    0x000010dd      0x243 motors.o
 .debug_info    0x00001320      0x160 pots.o
 .debug_info    0x00001480      0x1b3 rc.o
 *(.gnu.linkonce.wi.*)

.debug_abbrev   0x00000000      0x848
 *(.debug_abbrev)
 .debug_abbrev  0x00000000       0x70 adc.o
 .debug_abbrev  0x00000070      0x101 eeprom.o
 .debug_abbrev  0x00000171      0x19f FC_main.o
 .debug_abbrev  0x00000310       0xf7 gyros.o
 .debug_abbrev  0x00000407      0x1a9 init.o
 .debug_abbrev  0x000005b0       0x86 isr.o
 .debug_abbrev  0x00000636       0xd7 motors.o
 .debug_abbrev  0x0000070d       0x99 pots.o
 .debug_abbrev  0x000007a6       0xa2 rc.o

.debug_line     0x00000000     0x158f
 *(.debug_line)
 .debug_line    0x00000000       0xcf adc.o
 .debug_line    0x000000cf      0x1fc eeprom.o
 .debug_line    0x000002cb      0x4c8 FC_main.o
 .debug_line    0x00000793      0x210 gyros.o
 .debug_line    0x000009a3      0x5fc init.o
 .debug_line    0x00000f9f      0x16c isr.o
 .debug_line    0x0000110b      0x216 motors.o
 .debug_line    0x00001321      0x101 pots.o
 .debug_line    0x00001422      0x16d rc.o

.debug_frame    0x00000000      0x1b0
 *(.debug_frame)
 .debug_frame   0x00000000       0x30 adc.o
 .debug_frame   0x00000030       0x60 eeprom.o
 .debug_frame   0x00000090       0x20 FC_main.o
 .debug_frame   0x000000b0       0x30 gyros.o
 .debug_frame   0x000000e0       0x20 init.o
 .debug_frame   0x00000100       0x50 isr.o
 .debug_frame   0x00000150       0x20 motors.o
 .debug_frame   0x00000170       0x20 pots.o
 .debug_frame   0x00000190       0x20 rc.o

.debug_str      0x00000000      0x617
 *(.debug_str)
 .debug_str     0x00000000       0xaf adc.o
                                 0xe3 (size before relaxing)
 .debug_str     0x000000af      0x11d eeprom.o
                                0x1e0 (size before relaxing)
 .debug_str     0x000001cc      0x221 FC_main.o
                                0x305 (size before relaxing)
 .debug_str     0x000003ed       0x79 gyros.o
                                0x1b7 (size before relaxing)
 .debug_str     0x00000466       0x76 init.o
                                0x2af (size before relaxing)
 .debug_str     0x000004dc       0x79 isr.o
                                0x1a6 (size before relaxing)
 .debug_str     0x00000555       0x57 motors.o
                                0x1b0 (size before relaxing)
 .debug_str     0x000005ac       0x47 pots.o
                                0x181 (size before relaxing)
 .debug_str     0x000005f3       0x24 rc.o
                                0x1d9 (size before relaxing)

.debug_loc      0x00000000      0x6e8
 *(.debug_loc)
 .debug_loc     0x00000000       0x13 adc.o
 .debug_loc     0x00000013      0x106 eeprom.o
 .debug_loc     0x00000119      0x258 FC_main.o
 .debug_loc     0x00000371       0x2b gyros.o
 .debug_loc     0x0000039c      0x290 init.o
 .debug_loc     0x0000062c       0xa4 motors.o
 .debug_loc     0x000006d0       0x18 rc.o

.debug_macinfo
 *(.debug_macinfo)
OUTPUT(NeXtcopter.elf elf32-avr)
LOAD linker stubs

.debug_ranges   0x00000000      0x2a0
 .debug_ranges  0x00000000       0x48 gyros.o
 .debug_ranges  0x00000048      0x258 init.o
