Archive member included because of file (symbol)

c:/program files (x86)/atmel/atmel toolchain/avr8 gcc/native/3.4.1051/avr8-gnu-toolchain/bin/../lib/gcc/avr/4.8.1/../../../../avr/lib/avr5\libm.a(addsf3.o)
                              src/imu.o (__subsf3)
c:/program files (x86)/atmel/atmel toolchain/avr8 gcc/native/3.4.1051/avr8-gnu-toolchain/bin/../lib/gcc/avr/4.8.1/../../../../avr/lib/avr5\libm.a(addsf3x.o)
                              c:/program files (x86)/atmel/atmel toolchain/avr8 gcc/native/3.4.1051/avr8-gnu-toolchain/bin/../lib/gcc/avr/4.8.1/../../../../avr/lib/avr5\libm.a(addsf3.o) (__addsf3x)
c:/program files (x86)/atmel/atmel toolchain/avr8 gcc/native/3.4.1051/avr8-gnu-toolchain/bin/../lib/gcc/avr/4.8.1/../../../../avr/lib/avr5\libm.a(cmpsf2.o)
                              src/imu.o (__ltsf2)
c:/program files (x86)/atmel/atmel toolchain/avr8 gcc/native/3.4.1051/avr8-gnu-toolchain/bin/../lib/gcc/avr/4.8.1/../../../../avr/lib/avr5\libm.a(divsf3.o)
                              src/gyros.o (__divsf3)
c:/program files (x86)/atmel/atmel toolchain/avr8 gcc/native/3.4.1051/avr8-gnu-toolchain/bin/../lib/gcc/avr/4.8.1/../../../../avr/lib/avr5\libm.a(divsf3x.o)
                              c:/program files (x86)/atmel/atmel toolchain/avr8 gcc/native/3.4.1051/avr8-gnu-toolchain/bin/../lib/gcc/avr/4.8.1/../../../../avr/lib/avr5\libm.a(divsf3.o) (__divsf3x)
c:/program files (x86)/atmel/atmel toolchain/avr8 gcc/native/3.4.1051/avr8-gnu-toolchain/bin/../lib/gcc/avr/4.8.1/../../../../avr/lib/avr5\libm.a(fixsfsi.o)
                              src/acc.o (__fixsfsi)
c:/program files (x86)/atmel/atmel toolchain/avr8 gcc/native/3.4.1051/avr8-gnu-toolchain/bin/../lib/gcc/avr/4.8.1/../../../../avr/lib/avr5\libm.a(fixunssfsi.o)
                              c:/program files (x86)/atmel/atmel toolchain/avr8 gcc/native/3.4.1051/avr8-gnu-toolchain/bin/../lib/gcc/avr/4.8.1/../../../../avr/lib/avr5\libm.a(fixsfsi.o) (__fixunssfsi)
c:/program files (x86)/atmel/atmel toolchain/avr8 gcc/native/3.4.1051/avr8-gnu-toolchain/bin/../lib/gcc/avr/4.8.1/../../../../avr/lib/avr5\libm.a(floatsisf.o)
                              src/imu.o (__floatunsisf)
c:/program files (x86)/atmel/atmel toolchain/avr8 gcc/native/3.4.1051/avr8-gnu-toolchain/bin/../lib/gcc/avr/4.8.1/../../../../avr/lib/avr5\libm.a(fp_cmp.o)
                              c:/program files (x86)/atmel/atmel toolchain/avr8 gcc/native/3.4.1051/avr8-gnu-toolchain/bin/../lib/gcc/avr/4.8.1/../../../../avr/lib/avr5\libm.a(cmpsf2.o) (__fp_cmp)
c:/program files (x86)/atmel/atmel toolchain/avr8 gcc/native/3.4.1051/avr8-gnu-toolchain/bin/../lib/gcc/avr/4.8.1/../../../../avr/lib/avr5\libm.a(fp_inf.o)
                              c:/program files (x86)/atmel/atmel toolchain/avr8 gcc/native/3.4.1051/avr8-gnu-toolchain/bin/../lib/gcc/avr/4.8.1/../../../../avr/lib/avr5\libm.a(addsf3x.o) (__fp_inf)
c:/program files (x86)/atmel/atmel toolchain/avr8 gcc/native/3.4.1051/avr8-gnu-toolchain/bin/../lib/gcc/avr/4.8.1/../../../../avr/lib/avr5\libm.a(fp_nan.o)
                              c:/program files (x86)/atmel/atmel toolchain/avr8 gcc/native/3.4.1051/avr8-gnu-toolchain/bin/../lib/gcc/avr/4.8.1/../../../../avr/lib/avr5\libm.a(addsf3x.o) (__fp_nan)
c:/program files (x86)/atmel/atmel toolchain/avr8 gcc/native/3.4.1051/avr8-gnu-toolchain/bin/../lib/gcc/avr/4.8.1/../../../../avr/lib/avr5\libm.a(fp_pscA.o)
                              c:/program files (x86)/atmel/atmel toolchain/avr8 gcc/native/3.4.1051/avr8-gnu-toolchain/bin/../lib/gcc/avr/4.8.1/../../../../avr/lib/avr5\libm.a(addsf3x.o) (__fp_pscA)
c:/program files (x86)/atmel/atmel toolchain/avr8 gcc/native/3.4.1051/avr8-gnu-toolchain/bin/../lib/gcc/avr/4.8.1/../../../../avr/lib/avr5\libm.a(fp_pscB.o)
                              c:/program files (x86)/atmel/atmel toolchain/avr8 gcc/native/3.4.1051/avr8-gnu-toolchain/bin/../lib/gcc/avr/4.8.1/../../../../avr/lib/avr5\libm.a(addsf3x.o) (__fp_pscB)
c:/program files (x86)/atmel/atmel toolchain/avr8 gcc/native/3.4.1051/avr8-gnu-toolchain/bin/../lib/gcc/avr/4.8.1/../../../../avr/lib/avr5\libm.a(fp_round.o)
                              c:/program files (x86)/atmel/atmel toolchain/avr8 gcc/native/3.4.1051/avr8-gnu-toolchain/bin/../lib/gcc/avr/4.8.1/../../../../avr/lib/avr5\libm.a(addsf3.o) (__fp_round)
c:/program files (x86)/atmel/atmel toolchain/avr8 gcc/native/3.4.1051/avr8-gnu-toolchain/bin/../lib/gcc/avr/4.8.1/../../../../avr/lib/avr5\libm.a(fp_split3.o)
                              c:/program files (x86)/atmel/atmel toolchain/avr8 gcc/native/3.4.1051/avr8-gnu-toolchain/bin/../lib/gcc/avr/4.8.1/../../../../avr/lib/avr5\libm.a(addsf3x.o) (__fp_split3)
c:/program files (x86)/atmel/atmel toolchain/avr8 gcc/native/3.4.1051/avr8-gnu-toolchain/bin/../lib/gcc/avr/4.8.1/../../../../avr/lib/avr5\libm.a(fp_zero.o)
[...]
Memory Configuration

Name             Origin             Length             Attributes
text             0x00000000         0x00020000         xr
data             0x00800060         0x0000ffa0         rw !x
eeprom           0x00810000         0x00010000         rw !x
fuse             0x00820000         0x00000400         rw !x
lock             0x00830000         0x00000400         rw !x
signature        0x00840000         0x00000400         rw !x
user_signatures  0x00850000         0x00000400         rw !x
*default*        0x00000000         0xffffffff

Linker script and memory map

Address of section .data set to 0x800100
LOAD c:/program files (x86)/atmel/atmel toolchain/avr8 gcc/native/3.4.1051/avr8-gnu-toolchain/bin/../lib/gcc/avr/4.8.1/../../../../avr/lib/avr5/crtm644pa.o
LOAD src/acc.o
LOAD src/adc.o
LOAD src/display_balance.o
LOAD src/display_rcinput.o
LOAD src/display_sensors.o
LOAD src/display_status.o
LOAD src/display_wizard.o
LOAD src/eeprom.o
LOAD src/FC_main.o
LOAD src/glcd_driver.o
LOAD src/glcd_menu.o
LOAD src/gyros.o
LOAD src/i2c.o
LOAD src/imu.o
LOAD src/init.o
LOAD src/isr.o
LOAD src/menu_driver.o
LOAD src/menu_flight.o
LOAD src/menu_main.o
LOAD src/menu_mixer.o
LOAD src/menu_servos.o
LOAD src/menu_settings.o
LOAD src/misc_asm.o
LOAD src/mixer.o
LOAD src/mugui_text.o
LOAD src/pid.o
LOAD src/rc.o
LOAD src/servos.o
LOAD src/servos_asm.o
LOAD src/twimastertimeout.o
LOAD src/uart.o
LOAD src/vbat.o
START GROUP
LOAD c:/program files (x86)/atmel/atmel toolchain/avr8 gcc/native/3.4.1051/avr8-gnu-toolchain/bin/../lib/gcc/avr/4.8.1/../../../../avr/lib/avr5\libm.a
END GROUP
START GROUP
LOAD c:/program files (x86)/atmel/atmel toolchain/avr8 gcc/native/3.4.1051/avr8-gnu-toolchain/bin/../lib/gcc/avr/4.8.1/avr5\libgcc.a
LOAD c:/program files (x86)/atmel/atmel toolchain/avr8 gcc/native/3.4.1051/avr8-gnu-toolchain/bin/../lib/gcc/avr/4.8.1/../../../../avr/lib/avr5\libm.a
LOAD c:/program files (x86)/atmel/atmel toolchain/avr8 gcc/native/3.4.1051/avr8-gnu-toolchain/bin/../lib/gcc/avr/4.8.1/../../../../avr/lib/avr5\libc.a
END GROUP

.hash
 *(.hash)

.dynsym
 *(.dynsym)

.dynstr
 *(.dynstr)

.gnu.version
 *(.gnu.version)

.gnu.version_d
 *(.gnu.version_d)

.gnu.version_r
 *(.gnu.version_r)

.rel.init
 *(.rel.init)

.rela.init
 *(.rela.init)

.rel.text
 *(.rel.text)
 *(.rel.text.*)
 *(.rel.gnu.linkonce.t*)

.rela.text
 *(.rela.text)
 *(.rela.text.*)
 *(.rela.gnu.linkonce.t*)

.rel.fini
 *(.rel.fini)

.rela.fini
 *(.rela.fini)

.rel.rodata
 *(.rel.rodata)
 *(.rel.rodata.*)
 *(.rel.gnu.linkonce.r*)

.rela.rodata
 *(.rela.rodata)
 *(.rela.rodata.*)
 *(.rela.gnu.linkonce.r*)

.rel.data
 *(.rel.data)
 *(.rel.data.*)
 *(.rel.gnu.linkonce.d*)

.rela.data
 *(.rela.data)
 *(.rela.data.*)
 *(.rela.gnu.linkonce.d*)

.rel.ctors
 *(.rel.ctors)

.rela.ctors
 *(.rela.ctors)

.rel.dtors
 *(.rel.dtors)

.rela.dtors
 *(.rela.dtors)

.rel.got
 *(.rel.got)

.rela.got
 *(.rela.got)

.rel.bss
 *(.rel.bss)

.rela.bss
 *(.rela.bss)

.rel.plt
 *(.rel.plt)

.rela.plt
 *(.rela.plt)

.text           0x00000000     0x90f2
 *(.vectors)
 .vectors       0x00000000       0x7c c:/program files (x86)/atmel/atmel toolchain/avr8 gcc/native/3.4.1051/avr8-gnu-toolchain/bin/../lib/gcc/avr/4.8.1/../../../../avr/lib/avr5/crtm644pa.o
                0x00000000                __vector_default
                0x00000000                __vectors
 *(.vectors)
 *(.progmem.gcc*)
 .progmem.gcc_sw_table.do_main_menu_item
                0x0000007c       0x26 src/menu_main.o
                0x000000a2                . = ALIGN (0x2)
                0x000000a2                __trampolines_start = .
 *(.trampolines)
 .trampolines   0x000000a2        0x0 linker stubs
 *(.trampolines*)
                0x000000a2                __trampolines_end = .
 *(.progmem*)
 .progmem.data.Acc_Pol
                0x000000a2       0x12 src/acc.o
                0x000000a2                Acc_Pol
 .progmem.data.ACC_RPY_Order
                0x000000b4       0x12 src/acc.o
                0x000000b4                ACC_RPY_Order
 .progmem.data.FUTABA
                0x000000c6        0x8 src/eeprom.o
                0x000000c6                FUTABA
 .progmem.data.JR
                0x000000ce        0x8 src/eeprom.o
                0x000000ce                JR
 .progmem.data.Trans_Matrix
                0x000000d6        0x9 src/FC_main.o
                0x000000d6                Trans_Matrix
 .progmem.data.Wingdings
                0x000000df       0x6a src/FC_main.o
                0x000000df                Wingdings
 .progmem.data.Verdana14
                0x00000149      0x8ae src/FC_main.o
                0x00000149                Verdana14
 .progmem.data.Verdana8
                0x000009f7      0x3d1 src/FC_main.o
                0x000009f7                Verdana8
 .progmem.data.lcd_commmands
                0x00000dc8        0xe src/glcd_driver.o
                0x00000dc8                lcd_commmands
 .progmem.data.pagemap
                0x00000dd6        0x8 src/glcd_driver.o
                0x00000dd6                pagemap
 .progmem.data.text_menu
                0x00000dde      0x20a src/glcd_menu.o
                0x00000dde                text_menu
 .progmem.data.Dummy0
                0x00000fe8        0x1 src/glcd_menu.o
                0x00000fe8                Dummy0
 .progmem.data.MPU6050LPF4
                0x00000fe9        0x5 src/glcd_menu.o
                0x00000fe9                MPU6050LPF4
 .progmem.data.MPU6050LPF3
                0x00000fee        0x5 src/glcd_menu.o
                0x00000fee                MPU6050LPF3
 .progmem.data.MPU6050LPF2
                0x00000ff3        0x5 src/glcd_menu.o
                0x00000ff3                MPU6050LPF2
 .progmem.data.MPU6050LPF1
                0x00000ff8        0x4 src/glcd_menu.o
                0x00000ff8                MPU6050LPF1
 .progmem.data.MPU6050LPF7
                0x00000ffc        0x6 src/glcd_menu.o
                0x00000ffc                MPU6050LPF7
 .progmem.data.MPU6050LPF6
                0x00001002        0x6 src/glcd_menu.o
                0x00001002                MPU6050LPF6
 .progmem.data.MPU6050LPF5
                0x00001008        0x5 src/glcd_menu.o
                0x00001008                MPU6050LPF5
 .progmem.data.GeneralText10
                0x0000100d        0xd src/glcd_menu.o
                0x0000100d                GeneralText10
 .progmem.data.SWLPF2
                0x0000101a        0x5 src/glcd_menu.o
                0x0000101a                SWLPF2
 .progmem.data.SWLPF1
                0x0000101f        0x5 src/glcd_menu.o
                0x0000101f                SWLPF1
 .progmem.data.Random1
                0x00001024        0x5 src/glcd_menu.o
                0x00001024                Random1
 .progmem.data.Safety2
                0x00001029        0x8 src/glcd_menu.o
                0x00001029                Safety2
 .progmem.data.Safety1
                0x00001031        0x6 src/glcd_menu.o
                0x00001031                Safety1
 .progmem.data.GeneralText5
                0x00001037        0x8 src/glcd_menu.o
                0x00001037                GeneralText5
 .progmem.data.MixerItem16
                0x0000103f        0xa src/glcd_menu.o
                0x0000103f                MixerItem16
 .progmem.data.MixerItem15
                0x00001049        0x7 src/glcd_menu.o
                0x00001049                MixerItem15
 .progmem.data.MixerItem12
                0x00001050        0x9 src/glcd_menu.o
                0x00001050                MixerItem12
 .progmem.data.MixerItem11
                0x00001059        0x7 src/glcd_menu.o
                0x00001059                MixerItem11
 .progmem.data.MixerMenuItem7
                0x00001060        0x8 src/glcd_menu.o
                0x00001060                MixerMenuItem7
 .progmem.data.MixerMenuItem6
                0x00001068        0x9 src/glcd_menu.o
                0x00001068                MixerMenuItem6
 .progmem.data.MixerMenuItem5
                0x00001071        0x4 src/glcd_menu.o
                0x00001071                MixerMenuItem5
 .progmem.data.MixerMenuItem4
                0x00001075        0x9 src/glcd_menu.o
                0x00001075                MixerMenuItem4
 .progmem.data.MixerMenuItem3
                0x0000107e        0x9 src/glcd_menu.o
                0x0000107e                MixerMenuItem3
 .progmem.data.MixerMenuItem2
                0x00001087        0x8 src/glcd_menu.o
                0x00001087                MixerMenuItem2
 .progmem.data.MOUT8
                0x0000108f        0x5 src/glcd_menu.o
                0x0000108f                MOUT8
 .progmem.data.MOUT7
                0x00001094        0x5 src/glcd_menu.o
                0x00001094                MOUT7
 .progmem.data.MOUT6
                0x00001099        0x5 src/glcd_menu.o
                0x00001099                MOUT6
 .progmem.data.MOUT5
                0x0000109e        0x5 src/glcd_menu.o
                0x0000109e                MOUT5
 .progmem.data.MOUT4
                0x000010a3        0x5 src/glcd_menu.o
                0x000010a3                MOUT4
 .progmem.data.MOUT3
                0x000010a8        0x5 src/glcd_menu.o
                0x000010a8                MOUT3
 .progmem.data.MOUT2
                0x000010ad        0x5 src/glcd_menu.o
                0x000010ad                MOUT2
 .progmem.data.MOUT1
                0x000010b2        0x5 src/glcd_menu.o
                0x000010b2                MOUT1
 .progmem.data.Status5
                0x000010b7        0xb src/glcd_menu.o
                0x000010b7                Status5
 .progmem.data.Status4
                0x000010c2        0x8 src/glcd_menu.o
                0x000010c2                Status4
 .progmem.data.Status2
                0x000010ca        0xc src/glcd_menu.o
                0x000010ca                Status2
 .progmem.data.Status0
                0x000010d6        0x6 src/glcd_menu.o
                0x000010d6                Status0
 .progmem.data.WizardText2
                0x000010dc        0x5 src/glcd_menu.o
                0x000010dc                WizardText2
 .progmem.data.WizardText1
                0x000010e1        0xe src/glcd_menu.o
                0x000010e1                WizardText1
 .progmem.data.WizardText0
                0x000010ef        0xd src/glcd_menu.o
                0x000010ef                WizardText0
 .progmem.data.PText6
                0x000010fc        0x9 src/glcd_menu.o
                0x000010fc                PText6
 .progmem.data.PText5
                0x00001105        0x9 src/glcd_menu.o
                0x00001105                PText5
 .progmem.data.PText4
                0x0000110e        0xc src/glcd_menu.o
                0x0000110e                PText4
 .progmem.data.PText3
                0x0000111a        0xe src/glcd_menu.o
                0x0000111a                PText3
 .progmem.data.PText2
                0x00001128        0xc src/glcd_menu.o
                0x00001128                PText2
 .progmem.data.PText1
                0x00001134        0x6 src/glcd_menu.o
                0x00001134                PText1
 .progmem.data.PText0
                0x0000113a        0xa src/glcd_menu.o
                0x0000113a                PText0
 .progmem.data.Disarmed
                0x00001144        0x9 src/glcd_menu.o
                0x00001144                Disarmed
 .progmem.data.ErrorText10
                0x0000114d        0x4 src/glcd_menu.o
                0x0000114d                ErrorText10
 .progmem.data.Status3
                0x00001151        0x8 src/glcd_menu.o
                0x00001151                Status3
 .progmem.data.ErrorText7
                0x00001159        0x6 src/glcd_menu.o
                0x00001159                ErrorText7
 .progmem.data.ErrorText6
                0x0000115f        0x5 src/glcd_menu.o
                0x0000115f                ErrorText6
 .progmem.data.ErrorText5
                0x00001164        0x6 src/glcd_menu.o
                0x00001164                ErrorText5
 .progmem.data.ErrorText4
                0x0000116a        0x7 src/glcd_menu.o
                0x0000116a                ErrorText4
 .progmem.data.ErrorText3
                0x00001171        0x3 src/glcd_menu.o
                0x00001171                ErrorText3
 .progmem.data.ChannelRef12
                0x00001174        0x6 src/glcd_menu.o
                0x00001174                ChannelRef12
 .progmem.data.ChannelRef10
                0x0000117a        0x7 src/glcd_menu.o
                0x0000117a                ChannelRef10
 .progmem.data.ChannelRef8
                0x00001181        0x5 src/glcd_menu.o
                0x00001181                ChannelRef8
 .progmem.data.ChannelRef7
                0x00001186        0x5 src/glcd_menu.o
                0x00001186                ChannelRef7
 .progmem.data.ChannelRef6
                0x0000118b        0x5 src/glcd_menu.o
                0x0000118b                ChannelRef6
 .progmem.data.ChannelRef5
                0x00001190        0x5 src/glcd_menu.o
                0x00001190                ChannelRef5
 .progmem.data.ChannelRef4
                0x00001195        0x5 src/glcd_menu.o
                0x00001195                ChannelRef4
 .progmem.data.ChannelRef3
                0x0000119a        0x7 src/glcd_menu.o
                0x0000119a                ChannelRef3
 .progmem.data.ChannelRef2
                0x000011a1        0x9 src/glcd_menu.o
                0x000011a1                ChannelRef2
 .progmem.data.ChannelRef1
                0x000011aa        0x8 src/glcd_menu.o
                0x000011aa                ChannelRef1
 .progmem.data.ChannelRef0
                0x000011b2        0x9 src/glcd_menu.o
                0x000011b2                ChannelRef0
 .progmem.data.MixerItem62
                0x000011bb        0x9 src/glcd_menu.o
                0x000011bb                MixerItem62
 .progmem.data.MixerItem61
                0x000011c4        0x5 src/glcd_menu.o
                0x000011c4                MixerItem61
 .progmem.data.MixerItem60
                0x000011c9        0x7 src/glcd_menu.o
                0x000011c9                MixerItem60
 .progmem.data.MixerItem49
                0x000011d0        0x6 src/glcd_menu.o
                0x000011d0                MixerItem49
 .progmem.data.MixerItem41
                0x000011d6        0x8 src/glcd_menu.o
                0x000011d6                MixerItem41
 .progmem.data.MixerItem40
                0x000011de        0x8 src/glcd_menu.o
                0x000011de                MixerItem40
 .progmem.data.MixerItem81
                0x000011e6        0xa src/glcd_menu.o
                0x000011e6                MixerItem81
 .progmem.data.MixerItem80
                0x000011f0        0x9 src/glcd_menu.o
                0x000011f0                MixerItem80
 .progmem.data.MixerItem74
                0x000011f9        0x9 src/glcd_menu.o
                0x000011f9                MixerItem74
 .progmem.data.MixerItem73
                0x00001202        0x8 src/glcd_menu.o
                0x00001202                MixerItem73
 .progmem.data.MixerItem72
                0x0000120a        0x8 src/glcd_menu.o
                0x0000120a                MixerItem72
 .progmem.data.MixerItem71
                0x00001212        0xa src/glcd_menu.o
                0x00001212                MixerItem71
 .progmem.data.MixerItem70
                0x0000121c        0x9 src/glcd_menu.o
                0x0000121c                MixerItem70
 .progmem.data.MixerItem31
                0x00001225        0xd src/glcd_menu.o
                0x00001225                MixerItem31
 .progmem.data.MixerItem21
                0x00001232        0xd src/glcd_menu.o
                0x00001232                MixerItem21
 .progmem.data.MixerItem30
                0x0000123f        0xb src/glcd_menu.o
                0x0000123f                MixerItem30
 .progmem.data.MixerItem29
                0x0000124a        0xd src/glcd_menu.o
                0x0000124a                MixerItem29
 .progmem.data.MixerItem2
                0x00001257        0xb src/glcd_menu.o
                0x00001257                MixerItem2
 .progmem.data.MixerItem0
                0x00001262        0xd src/glcd_menu.o
                0x00001262                MixerItem0
 .progmem.data.MixerItem43
                0x0000126f        0xa src/glcd_menu.o
                0x0000126f                MixerItem43
 .progmem.data.MixerItem42
                0x00001279        0xa src/glcd_menu.o
                0x00001279                MixerItem42
 .progmem.data.MixerItem28
                0x00001283        0xd src/glcd_menu.o
                0x00001283                MixerItem28
 .progmem.data.MixerItem3
                0x00001290        0xc src/glcd_menu.o
                0x00001290                MixerItem3
 .progmem.data.MixerItem27
                0x0000129c        0xc src/glcd_menu.o
                0x0000129c                MixerItem27
 .progmem.data.MixerItem7
                0x000012a8        0xc src/glcd_menu.o
                0x000012a8                MixerItem7
 .progmem.data.MixerItem26
                0x000012b4        0xd src/glcd_menu.o
                0x000012b4                MixerItem26
 .progmem.data.MixerItem6
                0x000012c1        0xd src/glcd_menu.o
                0x000012c1                MixerItem6
 .progmem.data.MixerItem25
                0x000012ce        0xf src/glcd_menu.o
                0x000012ce                MixerItem25
 .progmem.data.MixerItem5
                0x000012dd        0xf src/glcd_menu.o
                0x000012dd                MixerItem5
 .progmem.data.MixerItem24
                0x000012ec        0xe src/glcd_menu.o
                0x000012ec                MixerItem24
 .progmem.data.MixerItem4
                0x000012fa        0xe src/glcd_menu.o
                0x000012fa                MixerItem4
 .progmem.data.MixerItem56
                0x00001308       0x10 src/glcd_menu.o
                0x00001308                MixerItem56
 .progmem.data.MixerItem53
                0x00001318       0x10 src/glcd_menu.o
                0x00001318                MixerItem53
 .progmem.data.MixerItem55
                0x00001328       0x10 src/glcd_menu.o
                0x00001328                MixerItem55
 .progmem.data.MixerItem52
                0x00001338       0x10 src/glcd_menu.o
                0x00001338                MixerItem52
 .progmem.data.MixerItem54
                0x00001348       0x10 src/glcd_menu.o
                0x00001348                MixerItem54
 .progmem.data.MixerItem51
                0x00001358       0x10 src/glcd_menu.o
                0x00001358                MixerItem51
 .progmem.data.Mixeritem50
                0x00001368        0xf src/glcd_menu.o
                0x00001368                Mixeritem50
 .progmem.data.MixerItem33
                0x00001377       0x10 src/glcd_menu.o
                0x00001377                MixerItem33
 .progmem.data.MixerItem23
                0x00001387       0x10 src/glcd_menu.o
                0x00001387                MixerItem23
 .progmem.data.MixerItem34
                0x00001397        0xb src/glcd_menu.o
                0x00001397                MixerItem34
 .progmem.data.MixerItem35
                0x000013a2        0xd src/glcd_menu.o
                0x000013a2                MixerItem35
 .progmem.data.MixerItem36
                0x000013af       0x11 src/glcd_menu.o
                0x000013af                MixerItem36
 .progmem.data.MixerItem20
                0x000013c0        0xb src/glcd_menu.o
                0x000013c0                MixerItem20
 .progmem.data.MixerItem1
                0x000013cb        0x8 src/glcd_menu.o
                0x000013cb                MixerItem1
 .progmem.data.P5text
                0x000013d3        0xa src/glcd_menu.o
                0x000013d3                P5text
 .progmem.data.P4text
                0x000013dd        0xa src/glcd_menu.o
                0x000013dd                P4text
 .progmem.data.P3text
                0x000013e7        0x3 src/glcd_menu.o
                0x000013e7                P3text
 .progmem.data.P2text
                0x000013ea        0x5 src/glcd_menu.o
                0x000013ea                P2text
 .progmem.data.P1text
                0x000013ef        0x3 src/glcd_menu.o
                0x000013ef                P1text
 .progmem.data.BattMenuItem2
                0x000013f2        0xe src/glcd_menu.o
                0x000013f2                BattMenuItem2
 .progmem.data.GeneralText7
                0x00001400        0xc src/glcd_menu.o
                0x00001400                GeneralText7
 .progmem.data.GeneralText16
                0x0000140c        0xa src/glcd_menu.o
                0x0000140c                GeneralText16
 .progmem.data.GeneralText6
                0x00001416        0xa src/glcd_menu.o
                0x00001416                GeneralText6
 .progmem.data.GeneralText3
                0x00001420        0xa src/glcd_menu.o
                0x00001420                GeneralText3
 .progmem.data.GeneralText2
                0x0000142a        0xd src/glcd_menu.o
                0x0000142a                GeneralText2
 .progmem.data.AutoMenuItem2
                0x00001437        0x8 src/glcd_menu.o
                0x00001437                AutoMenuItem2
 .progmem.data.Contrast
                0x0000143f        0xa src/glcd_menu.o
                0x0000143f                Contrast
 .progmem.data.MixerMenuItem0
                0x00001449        0xd src/glcd_menu.o
                0x00001449                MixerMenuItem0
 .progmem.data.RCMenuItem7
                0x00001456        0x7 src/glcd_menu.o
                0x00001456                RCMenuItem7
 .progmem.data.RCMenuItem6
                0x0000145d        0x9 src/glcd_menu.o
                0x0000145d                RCMenuItem6
 .progmem.data.RXMode3
                0x00001466        0x9 src/glcd_menu.o
                0x00001466                RXMode3
 .progmem.data.RXMode2
                0x0000146f        0x6 src/glcd_menu.o
                0x0000146f                RXMode2
 .progmem.data.RXMode1
                0x00001475        0x4 src/glcd_menu.o
                0x00001475                RXMode1
 .progmem.data.RXMode0
                0x00001479        0x5 src/glcd_menu.o
                0x00001479                RXMode0
 .progmem.data.Transition_P1n
                0x0000147e        0xc src/glcd_menu.o
                0x0000147e                Transition_P1n
 .progmem.data.Transition
                0x0000148a        0xb src/glcd_menu.o
                0x0000148a                Transition
 .progmem.data.RCMenuItem10
                0x00001495        0xd src/glcd_menu.o
                0x00001495                RCMenuItem10
 .progmem.data.RCMenuItem9
                0x000014a2        0xf src/glcd_menu.o
                0x000014a2                RCMenuItem9
 .progmem.data.RCMenuItem8
                0x000014b1        0xe src/glcd_menu.o
                0x000014b1                RCMenuItem8
 .progmem.data.RCMenuItem2
                0x000014bf        0xf src/glcd_menu.o
                0x000014bf                RCMenuItem2
 .progmem.data.RCMenuItem0
                0x000014ce        0xb src/glcd_menu.o
                0x000014ce                RCMenuItem0
 .progmem.data.RCMenuItem20
                0x000014d9        0xa src/glcd_menu.o
                0x000014d9                RCMenuItem20
 .progmem.data.RCMenuItem1
                0x000014e3        0x9 src/glcd_menu.o
                0x000014e3                RCMenuItem1
 .progmem.data.AutoMenuItem15
                0x000014ec        0x3 src/glcd_menu.o
                0x000014ec                AutoMenuItem15
 .progmem.data.AutoMenuItem11
                0x000014ef        0x4 src/glcd_menu.o
                0x000014ef                AutoMenuItem11
 .progmem.data.StabMenuItem30
                0x000014f3        0xa src/glcd_menu.o
                0x000014f3                StabMenuItem30
 .progmem.data.StabMenuItem9
                0x000014fd        0xc src/glcd_menu.o
                0x000014fd                StabMenuItem9
 .progmem.data.StabMenuItem12
                0x00001509        0xd src/glcd_menu.o
                0x00001509                StabMenuItem12
 .progmem.data.StabMenuItem8
                0x00001516        0x7 src/glcd_menu.o
                0x00001516                StabMenuItem8
 .progmem.data.StabMenuItem7
                0x0000151d        0x7 src/glcd_menu.o
                0x0000151d                StabMenuItem7
 .progmem.data.AutoMenuItem8
                0x00001524        0xc src/glcd_menu.o
                0x00001524                AutoMenuItem8
 .progmem.data.AutoMenuItem21
                0x00001530        0xf src/glcd_menu.o
                0x00001530                AutoMenuItem21
 .progmem.data.StabMenuItem6
                0x0000153f        0xe src/glcd_menu.o
                0x0000153f                StabMenuItem6
 .progmem.data.StabMenuItem11
                0x0000154d        0xf src/glcd_menu.o
                0x0000154d                StabMenuItem11
 .progmem.data.StabMenuItem5
                0x0000155c        0x9 src/glcd_menu.o
                0x0000155c                StabMenuItem5
 .progmem.data.AutoMenuItem4
                0x00001565        0x9 src/glcd_menu.o
                0x00001565                AutoMenuItem4
 .progmem.data.AutoMenuItem7
                0x0000156e        0xb src/glcd_menu.o
                0x0000156e                AutoMenuItem7
 .progmem.data.AutoMenuItem20
                0x00001579        0xe src/glcd_menu.o
                0x00001579                AutoMenuItem20
 .progmem.data.StabMenuItem3
                0x00001587        0xd src/glcd_menu.o
                0x00001587                StabMenuItem3
 .progmem.data.StabMenuItem10
                0x00001594        0xe src/glcd_menu.o
                0x00001594                StabMenuItem10
 .progmem.data.StabMenuItem2
                0x000015a2        0x8 src/glcd_menu.o
                0x000015a2                StabMenuItem2
 .progmem.data.AutoMenuItem1
                0x000015aa        0x8 src/glcd_menu.o
                0x000015aa                AutoMenuItem1
 .progmem.data.StabMenuItem13
                0x000015b2        0xc src/glcd_menu.o
                0x000015b2                StabMenuItem13
 .progmem.data.SensorMenuItem2
                0x000015be        0x5 src/glcd_menu.o
                0x000015be                SensorMenuItem2
 .progmem.data.SensorMenuItem1
                0x000015c3        0x5 src/glcd_menu.o
                0x000015c3                SensorMenuItem1
 .progmem.data.PText19
                0x000015c8        0x4 src/glcd_menu.o
                0x000015c8                PText19
 .progmem.data.PText18
                0x000015cc        0x4 src/glcd_menu.o
                0x000015cc                PText18
 .progmem.data.PText17
                0x000015d0        0x6 src/glcd_menu.o
                0x000015d0                PText17
 .progmem.data.PText16
                0x000015d6        0x5 src/glcd_menu.o
                0x000015d6                PText16
 .progmem.data.PText15
                0x000015db        0x5 src/glcd_menu.o
                0x000015db                PText15
 .progmem.data.MainMenuItem23
                0x000015e0       0x19 src/glcd_menu.o
                0x000015e0                MainMenuItem23
 .progmem.data.MainMenuItem22
                0x000015f9       0x19 src/glcd_menu.o
                0x000015f9                MainMenuItem22
 .progmem.data.MainMenuItem20
                0x00001612       0x14 src/glcd_menu.o
                0x00001612                MainMenuItem20
 .progmem.data.MainMenuItem18
                0x00001626        0xf src/glcd_menu.o
                0x00001626                MainMenuItem18
 .progmem.data.MainMenuItem17
                0x00001635        0xf src/glcd_menu.o
                0x00001635                MainMenuItem17
 .progmem.data.MainMenuItem16
                0x00001644        0xf src/glcd_menu.o
                0x00001644                MainMenuItem16
 .progmem.data.MainMenuItem15
                0x00001653        0xf src/glcd_menu.o
                0x00001653                MainMenuItem15
 .progmem.data.MainMenuItem14
                0x00001662        0xf src/glcd_menu.o
                0x00001662                MainMenuItem14
 .progmem.data.MainMenuItem13
                0x00001671        0xf src/glcd_menu.o
                0x00001671                MainMenuItem13
 .progmem.data.MainMenuItem12
                0x00001680        0xf src/glcd_menu.o
                0x00001680                MainMenuItem12
 .progmem.data.MainMenuItem11
                0x0000168f        0xe src/glcd_menu.o
                0x0000168f                MainMenuItem11
 .progmem.data.MainMenuItem3
                0x0000169d       0x14 src/glcd_menu.o
                0x0000169d                MainMenuItem3
 .progmem.data.MainMenuItem2
                0x000016b1       0x14 src/glcd_menu.o
                0x000016b1                MainMenuItem2
 .progmem.data.MainMenuItem10
                0x000016c5        0xf src/glcd_menu.o
                0x000016c5                MainMenuItem10
 .progmem.data.MainMenuItem8
                0x000016d4       0x16 src/glcd_menu.o
                0x000016d4                MainMenuItem8
 .progmem.data.MainMenuItem7
                0x000016ea       0x12 src/glcd_menu.o
                0x000016ea                MainMenuItem7
 .progmem.data.MainMenuItem9
                0x000016fc       0x13 src/glcd_menu.o
                0x000016fc                MainMenuItem9
 .progmem.data.MainMenuItem1
                0x0000170f       0x12 src/glcd_menu.o
                0x0000170f                MainMenuItem1
 .progmem.data.MainMenuItem0
                0x00001721        0xb src/glcd_menu.o
                0x00001721                MainMenuItem0
 .progmem.data.MenuFrame8
                0x0000172c        0x5 src/glcd_menu.o
                0x0000172c                MenuFrame8
 .progmem.data.MenuFrame7
                0x00001731        0x5 src/glcd_menu.o
                0x00001731                MenuFrame7
 .progmem.data.MenuFrame6
                0x00001736        0x5 src/glcd_menu.o
                0x00001736                MenuFrame6
 .progmem.data.MenuFrame5
                0x0000173b        0x5 src/glcd_menu.o
                0x0000173b                MenuFrame5
 .progmem.data.MenuFrame1
                0x00001740        0x2 src/glcd_menu.o
                0x00001740                MenuFrame1
 .progmem.data.MenuFrame4
                0x00001742        0x2 src/glcd_menu.o
                0x00001742                MenuFrame4
 .progmem.data.MenuFrame3
                0x00001744        0x2 src/glcd_menu.o
                0x00001744                MenuFrame3
 .progmem.data.MenuFrame2
                0x00001746        0x2 src/glcd_menu.o
                0x00001746                MenuFrame2
 .progmem.data.MenuFrame0
                0x00001748        0x2 src/glcd_menu.o
                0x00001748                MenuFrame0
 .progmem.data.StatusText9
                0x0000174a        0x8 src/glcd_menu.o
                0x0000174a                StatusText9
 .progmem.data.StatusText8
                0x00001752        0x5 src/glcd_menu.o
                0x00001752                StatusText8
 .progmem.data.StatusText7
                0x00001757        0x9 src/glcd_menu.o
                0x00001757                StatusText7
 .progmem.data.StatusText5
                0x00001760        0x2 src/glcd_menu.o
                0x00001760                StatusText5
 .progmem.data.StatusText4
                0x00001762        0x2 src/glcd_menu.o
                0x00001762                StatusText4
 .progmem.data.StatusText3
                0x00001764        0x9 src/glcd_menu.o
                0x00001764                StatusText3
 .progmem.data.StatusText1
                0x0000176d        0x6 src/glcd_menu.o
                0x0000176d                StatusText1
 .progmem.data.StatusText0
                0x00001773       0x10 src/glcd_menu.o
                0x00001773                StatusText0
 .progmem.data.Gyro_Pol
                0x00001783       0x12 src/gyros.o
                0x00001783                Gyro_Pol
 .progmem.data.Gyro_RPY_Order
                0x00001795       0x12 src/gyros.o
                0x00001795                Gyro_RPY_Order
 .progmem.data.LPF_lookup
                0x000017a7        0x7 src/imu.o
                0x000017a7                LPF_lookup
 .progmem.data.lines
                0x000017ae        0x4 src/menu_driver.o
                0x000017ae                lines
 .progmem.data.flight_menu_ranges
                0x000017b2       0x5a src/menu_flight.o
                0x000017b2                flight_menu_ranges
 .progmem.data.FlightMenuText
                0x0000180c       0x12 src/menu_flight.o
                0x0000180c                FlightMenuText
 .progmem.data.mixer_menu_ranges
                0x0000181e       0xaa src/menu_mixer.o
                0x0000181e                mixer_menu_ranges
 .progmem.data.MixerMenuText
                0x000018c8       0x22 src/menu_mixer.o
                0x000018c8                MixerMenuText
 .progmem.data.servo_menu_ranges
                0x000018ea        0xf src/menu_servos.o
                0x000018ea                servo_menu_ranges
 .progmem.data.ServoMenuText
                0x000018f9       0x18 src/menu_servos.o
                0x000018f9                ServoMenuText
 .progmem.data.rc_menu_ranges
                0x00001911       0x64 src/menu_settings.o
                0x00001911                rc_menu_ranges
 .progmem.data.RCMenuText
                0x00001975       0x14 src/menu_settings.o
                0x00001975                RCMenuText
 .progmem.data.SQRTSIN
                0x00001989       0x65 src/mixer.o
                0x00001989                SQRTSIN
 .progmem.data.SIN
                0x000019ee       0x65 src/mixer.o
                0x000019ee                SIN
                0x00001a54                . = ALIGN (0x2)
 *fill*         0x00001a53        0x1 
 *(.jumptables)
 *(.jumptables*)
 *(.lowtext)
 *(.lowtext*)
                0x00001a54                __ctors_start = .
 *(.ctors)
                0x00001a54                __ctors_end = .
                0x00001a54                __dtors_start = .
 *(.dtors)
                0x00001a54                __dtors_end = .
 SORT(*)(.ctors)
 SORT(*)(.dtors)
 *(.init0)
 .init0         0x00001a54        0x0 c:/program files (x86)/atmel/atmel toolchain/avr8 gcc/native/3.4.1051/avr8-gnu-toolchain/bin/../lib/gcc/avr/4.8.1/../../../../avr/lib/avr5/crtm644pa.o
                0x00001a54                __init
 *(.init0)
 *(.init1)
 *(.init1)
 *(.init2)
 .init2         0x00001a54        0xc c:/program files (x86)/atmel/atmel toolchain/avr8 gcc/native/3.4.1051/avr8-gnu-toolchain/bin/../lib/gcc/avr/4.8.1/../../../../avr/lib/avr5/crtm644pa.o
 *(.init2)
 *(.init3)
 .init3         0x00001a60       0x12 src/init.o
                0x00001a60                wdt_init
 *(.init3)
 *(.init4)
 .init4         0x00001a72       0x16 c:/program files (x86)/atmel/atmel toolchain/avr8 gcc/native/3.4.1051/avr8-gnu-toolchain/bin/../lib/gcc/avr/4.8.1/avr5\libgcc.a(_copy_data.o)
                0x00001a72                __do_copy_data
 .init4         0x00001a88       0x10 c:/program files (x86)/atmel/atmel toolchain/avr8 gcc/native/3.4.1051/avr8-gnu-toolchain/bin/../lib/gcc/avr/4.8.1/avr5\libgcc.a(_clear_bss.o)
                0x00001a88                __do_clear_bss
 *(.init4)
 *(.init5)
 *(.init5)
 *(.init6)
 *(.init6)
 *(.init7)
 *(.init7)
 *(.init8)
 *(.init8)
 *(.init9)
 .init9         0x00001a98        0x8 c:/program files (x86)/atmel/atmel toolchain/avr8 gcc/native/3.4.1051/avr8-gnu-toolchain/bin/../lib/gcc/avr/4.8.1/../../../../avr/lib/avr5/crtm644pa.o
 *(.init9)
 *(.text)
 .text          0x00001aa0        0x4 c:/program files (x86)/atmel/atmel toolchain/avr8 gcc/native/3.4.1051/avr8-gnu-toolchain/bin/../lib/gcc/avr/4.8.1/../../../../avr/lib/avr5/crtm644pa.o
                0x00001aa0                __vector_22
                0x00001aa0                __vector_28
                0x00001aa0                __vector_24
                0x00001aa0                __vector_12
                0x00001aa0                __bad_interrupt
                0x00001aa0                __vector_6
                0x00001aa0                __vector_23
                0x00001aa0                __vector_30
                0x00001aa0                __vector_25
                0x00001aa0                __vector_11
                0x00001aa0                __vector_13
                0x00001aa0                __vector_17
                0x00001aa0                __vector_19
                0x00001aa0                __vector_27
                0x00001aa0                __vector_4
                0x00001aa0                __vector_9
                0x00001aa0                __vector_21
                0x00001aa0                __vector_15
                0x00001aa0                __vector_29
                0x00001aa0                __vector_8
                0x00001aa0                __vector_26
                0x00001aa0                __vector_14
                0x00001aa0                __vector_10
                0x00001aa0                __vector_16
 .text          0x00001aa4       0x46 src/misc_asm.o
                0x00001aa4                glcd_delay
                0x00001aa8                glcd_delay_1us
                0x00001ab2                bind_master
 .text          0x00001aea      0x340 src/servos_asm.o
                0x00001aea                output_servo_ppm_asm
                0x00001d3a                output_servo_ppm_asm3
                0x00001e2a                . = ALIGN (0x2)
 *(.text.*)
 .text.get_raw_accs
                0x00001e2a       0xd0 src/acc.o
                0x00001e2a                get_raw_accs
 .text.ReadAcc  0x00001efa       0xc8 src/acc.o
                0x00001efa                ReadAcc
 .text.CalibrateAcc
                0x00001fc2      0x1e6 src/acc.o
                0x00001fc2                CalibrateAcc
 .text.init_i2c_accs
                0x000021a8       0x14 src/acc.o
                0x000021a8                init_i2c_accs
 .text.Init_ADC
                0x000021bc        0xc src/adc.o
                0x000021bc                Init_ADC
 .text.read_adc
                0x000021c8       0x14 src/adc.o
                0x000021c8                read_adc
 .text.Display_balance
                0x000021dc      0x128 src/display_balance.o
                0x000021dc                Display_balance
 .text.Display_rcinput
                0x00002304      0x1fe src/display_rcinput.o
                0x00002304                Display_rcinput
 .text.Display_sensors
                0x00002502      0x1e0 src/display_sensors.o
                0x00002502                Display_sensors
 .text.Display_status
                0x000026e2      0x3a6 src/display_status.o
                0x000026e2                Display_status
 .text.Display_sticks
                0x00002a88      0x214 src/display_wizard.o
                0x00002a88                Display_sticks
 .text.eeprom_write_byte_changed
                0x00002c9c       0x38 src/eeprom.o
                0x00002c9c                eeprom_write_byte_changed
 .text.eeprom_write_block_changes
                0x00002cd4       0x38 src/eeprom.o
                0x00002cd4                eeprom_write_block_changes
 .text.Save_Config_to_EEPROM
                0x00002d0c       0x16 src/eeprom.o
                0x00002d0c                Save_Config_to_EEPROM
 .text.Update_V1_0_to_V1_1
                0x00002d22      0x44e src/eeprom.o
                0x00002d22                Update_V1_0_to_V1_1
 .text.Set_EEPROM_Default_Config
                0x00003170      0x150 src/eeprom.o
                0x00003170                Set_EEPROM_Default_Config
 .text.Initial_EEPROM_Config_Load
                0x000032c0       0x46 src/eeprom.o
                0x000032c0                Initial_EEPROM_Config_Load
 .text.startup.main
                0x00003306      0xa38 src/FC_main.o
                0x00003306                main
 .text.spiwrite
                0x00003d3e       0x3e src/glcd_driver.o
                0x00003d3e                spiwrite
 .text.st7565_command
                0x00003d7c        0x6 src/glcd_driver.o
                0x00003d7c                st7565_command
 .text.st7565_data
                0x00003d82        0x6 src/glcd_driver.o
                0x00003d82                st7565_data
 .text.st7565_set_brightness
                0x00003d88       0x12 src/glcd_driver.o
                0x00003d88                st7565_set_brightness
 .text.st7565_init
                0x00003d9a       0x3e src/glcd_driver.o
                0x00003d9a                st7565_init
 .text.write_buffer
                0x00003dd8       0x64 src/glcd_driver.o
                0x00003dd8                write_buffer
 .text.clear_buffer
                0x00003e3c       0x12 src/glcd_driver.o
                0x00003e3c                clear_buffer
 .text.clear_screen
                0x00003e4e       0x3c src/glcd_driver.o
                0x00003e4e                clear_screen
 .text.setpixel
                0x00003e8a       0x72 src/glcd_driver.o
                0x00003e8a                setpixel
 .text.drawline
                0x00003efc       0xd4 src/glcd_driver.o
                0x00003efc                drawline
 .text.fillrect
                0x00003fd0       0x68 src/glcd_driver.o
                0x00003fd0                fillrect
 .text.drawrect
                0x00004038       0xa4 src/glcd_driver.o
                0x00004038                drawrect
 .text.fillcircle
                0x000040dc      0x122 src/glcd_driver.o
                0x000040dc                fillcircle
 .text.LCD_Display_Text
                0x000041fe       0x12 src/glcd_menu.o
                0x000041fe                LCD_Display_Text
 .text.gLCDprint_Menu_P
                0x00004210        0x4 src/glcd_menu.o
                0x00004210                gLCDprint_Menu_P
 .text.idle_screen
                0x00004214      0x106 src/glcd_menu.o
                0x00004214                idle_screen
 .text.get_raw_gyros
                0x0000431a       0xca src/gyros.o
                0x0000431a                get_raw_gyros
 .text.ReadGyros
                0x000043e4       0x5a src/gyros.o
                0x000043e4                ReadGyros
 .text.CalibrateGyrosFast
                0x0000443e       0xaa src/gyros.o
                0x0000443e                CalibrateGyrosFast
 .text.CalibrateGyrosSlow
                0x000044e8      0x1be src/gyros.o
                0x000044e8                CalibrateGyrosSlow
 .text.init_i2c_gyros
                0x000046a6       0x2e src/gyros.o
                0x000046a6                init_i2c_gyros
 .text.writeI2Cbyte
                0x000046d4       0x2e src/i2c.o
                0x000046d4                writeI2Cbyte
 .text.readI2CbyteArray
                0x00004702       0x84 src/i2c.o
                0x00004702                readI2CbyteArray
 .text.RotateVector
                0x00004786      0x122 src/imu.o
                0x00004786                RotateVector
 .text.thetascale
                0x000048a8       0xa0 src/imu.o
                0x000048a8                thetascale
 .text.Rotate3dVector
                0x00004948      0x256 src/imu.o
                0x00004948                Rotate3dVector
 .text.ext2     0x00004b9e       0x74 src/imu.o
                0x00004b9e                ext2
 .text.ExtractEulerAngles
                0x00004c12       0x4a src/imu.o
                0x00004c12                ExtractEulerAngles
 .text.simple_imu_update
                0x00004c5c      0x39e src/imu.o
                0x00004c5c                simple_imu_update
 .text.reset_IMU
                0x00004ffa       0x92 src/imu.o
                0x00004ffa                reset_IMU
 .text.init     0x0000508c      0x38e src/init.o
                0x0000508c                init
 .text.__vector_18
                0x0000541a       0x2e src/isr.o
                0x0000541a                __vector_18
 .text.__vector_2
                0x00005448       0x70 src/isr.o
                0x00005448                __vector_2
 .text.__vector_1
                0x000054b8       0x72 src/isr.o
                0x000054b8                __vector_1
 .text.__vector_7
                0x0000552a       0x72 src/isr.o
                0x0000552a                __vector_7
 .text.__vector_5
                0x0000559c       0x72 src/isr.o
                0x0000559c                __vector_5
 .text.__vector_3
                0x0000560e      0x174 src/isr.o
                0x0000560e                __vector_3
 .text.TIM16_ReadTCNT1
                0x00005782       0x10 src/isr.o
                0x00005782                TIM16_ReadTCNT1
 .text.__vector_20
                0x00005792      0x2ce src/isr.o
                0x00005792                __vector_20
 .text.Disable_RC_Interrupts
                0x00005a60       0x26 src/isr.o
                0x00005a60                Disable_RC_Interrupts
 .text.init_int
                0x00005a86       0x72 src/isr.o
                0x00005a86                init_int
 .text.print_menu_frame
                0x00005af8       0xaa src/menu_driver.o
                0x00005af8                print_menu_frame
 .text.get_menu_range
                0x00005ba2       0x60 src/menu_driver.o
                0x00005ba2                get_menu_range
 .text.print_menu_text
                0x00005c02       0x48 src/menu_driver.o
                0x00005c02                print_menu_text
 .text.poll_buttons
                0x00005c4a       0x6a src/menu_driver.o
                0x00005c4a                poll_buttons
 .text.do_menu_item
                0x00005cb4      0x2da src/menu_driver.o
                0x00005cb4                do_menu_item
 .text.menu_beep
                0x00005f8e       0x34 src/menu_driver.o
                0x00005f8e                menu_beep
 .text.update_menu
                0x00005fc2      0x180 src/menu_driver.o
                0x00005fc2                update_menu
 .text.print_cursor
                0x00006142       0x14 src/menu_driver.o
                0x00006142                print_cursor
 .text.print_menu_items
                0x00006156      0x14a src/menu_driver.o
                0x00006156                print_menu_items
 .text.menu_flight
                0x000062a0      0x136 src/menu_flight.o
                0x000062a0                menu_flight
 .text.do_main_menu_item
                0x000063d6       0x6c src/menu_main.o
                0x000063d6                do_main_menu_item
 .text.Wait_BUTTON1
                0x00006442       0x1a src/menu_main.o
                0x00006442                Wait_BUTTON1
 .text.menu_main
                0x0000645c       0xfc src/menu_main.o
                0x0000645c                menu_main
 .text.Wait_BUTTON4
                0x00006558       0x1a src/menu_main.o
                0x00006558                Wait_BUTTON4
 .text.menu_mixer
                0x00006572      0x136 src/menu_mixer.o
                0x00006572                menu_mixer
 .text.menu_servo_setup
                0x000066a8      0x1da src/menu_servos.o
                0x000066a8                menu_servo_setup
 .text.menu_rc_setup
                0x00006882      0x204 src/menu_settings.o
                0x00006882                menu_rc_setup
 .text.UpdateLimits
                0x00006a86      0x1f4 src/mixer.o
                0x00006a86                UpdateLimits
 .text.UpdateServos
                0x00006c7a       0x7a src/mixer.o
                0x00006c7a                UpdateServos
 .text.scale32  0x00006cf4       0x46 src/mixer.o
                0x00006cf4                scale32
 .text.ProcessMixer
                0x00006d3a      0xba8 src/mixer.o
                0x00006d3a                ProcessMixer
 .text.scale_percent
                0x000078e2        0xe src/mixer.o
                0x000078e2                scale_percent
 .text.mugui_text_sizestring
                0x000078f0       0x9c src/mugui_text.o
                0x000078f0                mugui_text_sizestring
 .text.pgm_mugui_scopy
                0x0000798c       0x2e src/mugui_text.o
                0x0000798c                pgm_mugui_scopy
 .text.mugui_lcd_putc
                0x000079ba      0x178 src/mugui_text.o
                0x000079ba                mugui_lcd_putc
 .text.pgm_mugui_lcd_puts
                0x00007b32       0x5c src/mugui_text.o
                0x00007b32                pgm_mugui_lcd_puts
 .text.mugui_lcd_puts
                0x00007b8e       0x6a src/mugui_text.o
                0x00007b8e                mugui_lcd_puts
 .text.Sensor_PID
                0x00007bf8      0x372 src/pid.o
                0x00007bf8                Sensor_PID
 .text.Calculate_PID
                0x00007f6a      0x55e src/pid.o
                0x00007f6a                Calculate_PID
 .text.RxGetChannels
                0x000084c8      0x12a src/rc.o
                0x000084c8                RxGetChannels
 .text.CenterSticks
                0x000085f2       0xaa src/rc.o
                0x000085f2                CenterSticks
 .text.output_servo_ppm
                0x0000869c      0x136 src/servos.o
                0x0000869c                output_servo_ppm
 .text.i2c_init
                0x000087d2        0xc src/twimastertimeout.o
                0x000087d2                i2c_init
 .text.i2c_start
                0x000087de       0x7a src/twimastertimeout.o
                0x000087de                i2c_start
 .text.i2c_start_wait
                0x00008858       0x7e src/twimastertimeout.o
                0x00008858                i2c_start_wait
 .text.i2c_rep_start
                0x000088d6        0x4 src/twimastertimeout.o
                0x000088d6                i2c_rep_start
 .text.i2c_stop
                0x000088da       0x1e src/twimastertimeout.o
                0x000088da                i2c_stop
 .text.i2c_write
                0x000088f8       0x40 src/twimastertimeout.o
                0x000088f8                i2c_write
 .text.i2c_readAck
                0x00008938       0x32 src/twimastertimeout.o
                0x00008938                i2c_readAck
 .text.i2c_readNak
                0x0000896a       0x32 src/twimastertimeout.o
                0x0000896a                i2c_readNak
 .text.init_uart
                0x0000899c       0xc0 src/uart.o
                0x0000899c                init_uart
 .text.GetVbat  0x00008a5c       0x1e src/vbat.o
                0x00008a5c                GetVbat
 .text.avr-libc.fplib
                0x00008a7a        0xa c:/program files (x86)/atmel/atmel toolchain/avr8 gcc/native/3.4.1051/avr8-gnu-toolchain/bin/../lib/gcc/avr/4.8.1/../../../../avr/lib/avr5\libm.a(addsf3.o)
                0x00008a7a                __subsf3
                0x00008a7c                __addsf3
 .text.avr-libc.fplib
                0x00008a84       0xc0 c:/program files (x86)/atmel/atmel toolchain/avr8 gcc/native/3.4.1051/avr8-gnu-toolchain/bin/../lib/gcc/avr/4.8.1/../../../../avr/lib/avr5\libm.a(addsf3x.o)
                0x00008a9e                __addsf3x
 .text.avr-libc.fplib
                0x00008b44        0x8 c:/program files (x86)/atmel/atmel toolchain/avr8 gcc/native/3.4.1051/avr8-gnu-toolchain/bin/../lib/gcc/avr/4.8.1/../../../../avr/lib/avr5\libm.a(cmpsf2.o)
                0x00008b44                __nesf2
                0x00008b44                __eqsf2
                0x00008b44                __cmpsf2
                0x00008b44                __ltsf2
                0x00008b44                __lesf2
 .text.avr-libc.fplib
                0x00008b4c        0x4 c:/program files (x86)/atmel/atmel toolchain/avr8 gcc/native/3.4.1051/avr8-gnu-toolchain/bin/../lib/gcc/avr/4.8.1/../../../../avr/lib/avr5\libm.a(divsf3.o)
                0x00008b4c                __divsf3
 .text.avr-libc.fplib
                0x00008b50       0xcc c:/program files (x86)/atmel/atmel toolchain/avr8 gcc/native/3.4.1051/avr8-gnu-toolchain/bin/../lib/gcc/avr/4.8.1/../../../../avr/lib/avr5\libm.a(divsf3x.o)
                0x00008b66                __divsf3x
                0x00008b6a                __divsf3_pse
 .text.avr-libc.fplib
                0x00008c1c        0xa c:/program files (x86)/atmel/atmel toolchain/avr8 gcc/native/3.4.1051/avr8-gnu-toolchain/bin/../lib/gcc/avr/4.8.1/../../../../avr/lib/avr5\libm.a(fixsfsi.o)
                0x00008c1c                __fixsfsi
 .text.avr-libc.fplib
                0x00008c26       0x58 c:/program files (x86)/atmel/atmel toolchain/avr8 gcc/native/3.4.1051/avr8-gnu-toolchain/bin/../lib/gcc/avr/4.8.1/../../../../avr/lib/avr5\libm.a(fixunssfsi.o)
                0x00008c26                __fixunssfsi
 .text.avr-libc.fplib
                0x00008c7e       0x7a c:/program files (x86)/atmel/atmel toolchain/avr8 gcc/native/3.4.1051/avr8-gnu-toolchain/bin/../lib/gcc/avr/4.8.1/../../../../avr/lib/avr5\libm.a(floatsisf.o)
                0x00008c7e                __floatunsisf
                0x00008c82                __floatsisf
 .text.avr-libc.fplib
                0x00008cf8       0x48 c:/program files (x86)/atmel/atmel toolchain/avr8 gcc/native/3.4.1051/avr8-gnu-toolchain/bin/../lib/gcc/avr/4.8.1/../../../../avr/lib/avr5\libm.a(fp_cmp.o)
                0x00008cf8                __fp_cmp
 .text.avr-libc.fplib
                0x00008d40        0xc c:/program files (x86)/atmel/atmel toolchain/avr8 gcc/native/3.4.1051/avr8-gnu-toolchain/bin/../lib/gcc/avr/4.8.1/../../../../avr/lib/avr5\libm.a(fp_inf.o)
                0x00008d40                __fp_inf
 .text.avr-libc.fplib
                0x00008d4c        0x6 c:/program files (x86)/atmel/atmel toolchain/avr8 gcc/native/3.4.1051/avr8-gnu-toolchain/bin/../lib/gcc/avr/4.8.1/../../../../avr/lib/avr5\libm.a(fp_nan.o)
                0x00008d4c                __fp_nan
 .text.avr-libc.fplib
                0x00008d52        0xe c:/program files (x86)/atmel/atmel toolchain/avr8 gcc/native/3.4.1051/avr8-gnu-toolchain/bin/../lib/gcc/avr/4.8.1/../../../../avr/lib/avr5\libm.a(fp_pscA.o)
                0x00008d52                __fp_pscA
 .text.avr-libc.fplib
                0x00008d60        0xe c:/program files (x86)/atmel/atmel toolchain/avr8 gcc/native/3.4.1051/avr8-gnu-toolchain/bin/../lib/gcc/avr/4.8.1/../../../../avr/lib/avr5\libm.a(fp_pscB.o)
                0x00008d60                __fp_pscB
 .text.avr-libc.fplib
                0x00008d6e       0x22 c:/program files (x86)/atmel/atmel toolchain/avr8 gcc/native/3.4.1051/avr8-gnu-toolchain/bin/../lib/gcc/avr/4.8.1/../../../../avr/lib/avr5\libm.a(fp_round.o)
                0x00008d6e                __fp_round
 .text.avr-libc.fplib
                0x00008d90       0x44 c:/program files (x86)/atmel/atmel toolchain/avr8 gcc/native/3.4.1051/avr8-gnu-toolchain/bin/../lib/gcc/avr/4.8.1/../../../../avr/lib/avr5\libm.a(fp_split3.o)
                0x00008d90                __fp_split3
                0x00008da0                __fp_splitA
 .text.avr-libc.fplib
                0x00008dd4        0xe c:/program files (x86)/atmel/atmel toolchain/avr8 gcc/native/3.4.1051/avr8-gnu-toolchain/bin/../lib/gcc/avr/4.8.1/../../../../avr/lib/avr5\libm.a(fp_zero.o)
                0x00008dd4                __fp_zero
                0x00008dd6                __fp_szero
 .text.avr-libc.fplib
                0x00008de2        0x8 c:/program files (x86)/atmel/atmel toolchain/avr8 gcc/native/3.4.1051/avr8-gnu-toolchain/bin/../lib/gcc/avr/4.8.1/../../../../avr/lib/avr5\libm.a(gesf2.o)
                0x00008de2                __gesf2
                0x00008de2                __gtsf2
 .text.avr-libc.fplib
                0x00008dea        0x4 c:/program files (x86)/atmel/atmel toolchain/avr8 gcc/native/3.4.1051/avr8-gnu-toolchain/bin/../lib/gcc/avr/4.8.1/../../../../avr/lib/avr5\libm.a(mulsf3.o)
                0x00008dea                __mulsf3
 .text.avr-libc.fplib
                0x00008dee       0xc2 c:/program files (x86)/atmel/atmel toolchain/avr8 gcc/native/3.4.1051/avr8-gnu-toolchain/bin/../lib/gcc/avr/4.8.1/../../../../avr/lib/avr5\libm.a(mulsf3x.o)
                0x00008e02                __mulsf3x
                0x00008e06                __mulsf3_pse
 .text.libgcc.div
                0x00008eb0       0x28 c:/program files (x86)/atmel/atmel toolchain/avr8 gcc/native/3.4.1051/avr8-gnu-toolchain/bin/../lib/gcc/avr/4.8.1/avr5\libgcc.a(_udivmodhi4.o)
                0x00008eb0                __udivmodhi4
 .text.libgcc.div
                0x00008ed8       0x28 c:/program files (x86)/atmel/atmel toolchain/avr8 gcc/native/3.4.1051/avr8-gnu-toolchain/bin/../lib/gcc/avr/4.8.1/avr5\libgcc.a(_divmodhi4.o)
                0x00008ed8                _div
                0x00008ed8                __divmodhi4
 .text.libgcc.div
                0x00008f00       0x44 c:/program files (x86)/atmel/atmel toolchain/avr8 gcc/native/3.4.1051/avr8-gnu-toolchain/bin/../lib/gcc/avr/4.8.1/avr5\libgcc.a(_udivmodsi4.o)
                0x00008f00                __udivmodsi4
 .text.libgcc.div
                0x00008f44       0x2e c:/program files (x86)/atmel/atmel toolchain/avr8 gcc/native/3.4.1051/avr8-gnu-toolchain/bin/../lib/gcc/avr/4.8.1/avr5\libgcc.a(_divmodsi4.o)
                0x00008f44                __divmodsi4
 .text.libgcc.div
                0x00008f72       0x10 c:/program files (x86)/atmel/atmel toolchain/avr8 gcc/native/3.4.1051/avr8-gnu-toolchain/bin/../lib/gcc/avr/4.8.1/avr5\libgcc.a(_negsi2.o)
                0x00008f72                __negsi2
 .text.libgcc   0x00008f82        0xc c:/program files (x86)/atmel/atmel toolchain/avr8 gcc/native/3.4.1051/avr8-gnu-toolchain/bin/../lib/gcc/avr/4.8.1/avr5\libgcc.a(_tablejump.o)
                0x00008f82                __tablejump2__
                0x00008f86                __tablejump__
 .text.libgcc.mul
                0x00008f8e       0x10 c:/program files (x86)/atmel/atmel toolchain/avr8 gcc/native/3.4.1051/avr8-gnu-toolchain/bin/../lib/gcc/avr/4.8.1/avr5\libgcc.a(_mulhisi3.o)
                0x00008f8e                __mulhisi3
 .text.libgcc.mul
                0x00008f9e       0x1e c:/program files (x86)/atmel/atmel toolchain/avr8 gcc/native/3.4.1051/avr8-gnu-toolchain/bin/../lib/gcc/avr/4.8.1/avr5\libgcc.a(_umulhisi3.o)
                0x00008f9e                __umulhisi3
 .text.libgcc.mul
                0x00008fbc        0xe c:/program files (x86)/atmel/atmel toolchain/avr8 gcc/native/3.4.1051/avr8-gnu-toolchain/bin/../lib/gcc/avr/4.8.1/avr5\libgcc.a(_usmulhisi3.o)
                0x00008fbc                __usmulhisi3
                0x00008fc0                __usmulhisi3_tail
 .text.libgcc.mul
                0x00008fca       0x16 c:/program files (x86)/atmel/atmel toolchain/avr8 gcc/native/3.4.1051/avr8-gnu-toolchain/bin/../lib/gcc/avr/4.8.1/avr5\libgcc.a(_muluhisi3.o)
                0x00008fca                __muluhisi3
 .text.libgcc.mul
                0x00008fe0       0x10 c:/program files (x86)/atmel/atmel toolchain/avr8 gcc/native/3.4.1051/avr8-gnu-toolchain/bin/../lib/gcc/avr/4.8.1/avr5\libgcc.a(_mulshisi3.o)
                0x00008fe0                __mulshisi3
                0x00008fe6                __mulohisi3
 .text.avr-libc
                0x00008ff0       0x12 c:/program files (x86)/atmel/atmel toolchain/avr8 gcc/native/3.4.1051/avr8-gnu-toolchain/bin/../lib/gcc/avr/4.8.1/../../../../avr/lib/avr5\libc.a(memcpy_P.o)
                0x00008ff0                memcpy_P
 .text.avr-libc
                0x00009002       0x24 c:/program files (x86)/atmel/atmel toolchain/avr8 gcc/native/3.4.1051/avr8-gnu-toolchain/bin/../lib/gcc/avr/4.8.1/../../../../avr/lib/avr5\libc.a(memmove.o)
                0x00009002                memmove
 .text.avr-libc
                0x00009026       0x16 c:/program files (x86)/atmel/atmel toolchain/avr8 gcc/native/3.4.1051/avr8-gnu-toolchain/bin/../lib/gcc/avr/4.8.1/../../../../avr/lib/avr5\libc.a(itoa_ncheck.o)
                0x00009026                __itoa_ncheck
 .text.avr-libc
                0x0000903c       0x34 c:/program files (x86)/atmel/atmel toolchain/avr8 gcc/native/3.4.1051/avr8-gnu-toolchain/bin/../lib/gcc/avr/4.8.1/../../../../avr/lib/avr5\libc.a(utoa_ncheck.o)
                0x0000903c                __utoa_ncheck
                0x0000903e                __utoa_common
 .text.avr-libc
                0x00009070       0x20 c:/program files (x86)/atmel/atmel toolchain/avr8 gcc/native/3.4.1051/avr8-gnu-toolchain/bin/../lib/gcc/avr/4.8.1/../../../../avr/lib/avr5\libc.a(eerd_block_atmega644pa.o)
                0x00009070                __eerd_block_m644pa
                0x00009074                __eerd_blraw_m644pa
 .text.avr-libc
                0x00009090       0x10 c:/program files (x86)/atmel/atmel toolchain/avr8 gcc/native/3.4.1051/avr8-gnu-toolchain/bin/../lib/gcc/avr/4.8.1/../../../../avr/lib/avr5\libc.a(eerd_byte_atmega644pa.o)
                0x00009090                __eerd_byte_m644pa
 .text.avr-libc
                0x000090a0       0x1c c:/program files (x86)/atmel/atmel toolchain/avr8 gcc/native/3.4.1051/avr8-gnu-toolchain/bin/../lib/gcc/avr/4.8.1/../../../../avr/lib/avr5\libc.a(eewr_byte_atmega644pa.o)
                0x000090a0                __eewr_byte_m644pa
                0x000090a2                __eewr_r18_m644pa
 .text.avr-libc
                0x000090bc       0x12 c:/program files (x86)/atmel/atmel toolchain/avr8 gcc/native/3.4.1051/avr8-gnu-toolchain/bin/../lib/gcc/avr/4.8.1/../../../../avr/lib/avr5\libc.a(memcpy.o)
                0x000090bc                memcpy
 .text.avr-libc
                0x000090ce       0x20 c:/program files (x86)/atmel/atmel toolchain/avr8 gcc/native/3.4.1051/avr8-gnu-toolchain/bin/../lib/gcc/avr/4.8.1/../../../../avr/lib/avr5\libc.a(strrev.o)
                0x000090ce                strrev
                0x000090ee                . = ALIGN (0x2)
 *(.fini9)
 .fini9         0x000090ee        0x0 c:/program files (x86)/atmel/atmel toolchain/avr8 gcc/native/3.4.1051/avr8-gnu-toolchain/bin/../lib/gcc/avr/4.8.1/avr5\libgcc.a(_exit.o)
                0x000090ee                _exit
                0x000090ee                exit
 *(.fini9)
 *(.fini8)
 *(.fini8)
 *(.fini7)
 *(.fini7)
 *(.fini6)
 *(.fini6)
 *(.fini5)
 *(.fini5)
 *(.fini4)
 *(.fini4)
 *(.fini3)
 *(.fini3)
 *(.fini2)
 *(.fini2)
 *(.fini1)
 *(.fini1)
 *(.fini0)
 .fini0         0x000090ee        0x4 c:/program files (x86)/atmel/atmel toolchain/avr8 gcc/native/3.4.1051/avr8-gnu-toolchain/bin/../lib/gcc/avr/4.8.1/avr5\libgcc.a(_exit.o)
 *(.fini0)
                0x000090f2                _etext = .

.data           0x00800100      0x40e load address 0x000090f2
                0x00800100                PROVIDE (__data_start, .)
 *(.data)
 .data          0x00800100        0x0 c:/program files (x86)/atmel/atmel toolchain/avr8 gcc/native/3.4.1051/avr8-gnu-toolchain/bin/../lib/gcc/avr/4.8.1/../../../../avr/lib/avr5/crtm644pa.o
 .data          0x00800100        0x0 src/acc.o
 .data          0x00800100        0x0 src/adc.o
 .data          0x00800100        0x0 src/display_balance.o
 .data          0x00800100        0x0 src/display_rcinput.o
 .data          0x00800100        0x0 src/display_sensors.o
 .data          0x00800100        0x0 src/display_status.o
 .data          0x00800100        0x0 src/display_wizard.o
 .data          0x00800100        0x0 src/eeprom.o
 .data          0x00800100        0x0 src/FC_main.o
 .data          0x00800100        0x0 src/glcd_driver.o
 .data          0x00800100        0x0 src/glcd_menu.o
 .data          0x00800100        0x0 src/gyros.o
 .data          0x00800100        0x0 src/i2c.o
 .data          0x00800100        0x0 src/imu.o
 .data          0x00800100        0x0 src/init.o
 .data          0x00800100        0x0 src/isr.o
 .data          0x00800100        0x0 src/menu_driver.o
 .data          0x00800100        0x0 src/menu_flight.o
 .data          0x00800100        0x0 src/menu_main.o
 .data          0x00800100        0x0 src/menu_mixer.o
 .data          0x00800100        0x0 src/menu_servos.o
 .data          0x00800100        0x0 src/menu_settings.o
 .data          0x00800100        0x0 src/misc_asm.o
 .data          0x00800100        0x0 src/mixer.o
 .data          0x00800100        0x0 src/mugui_text.o
 .data          0x00800100        0x0 src/pid.o
 .data          0x00800100        0x0 src/rc.o
 .data          0x00800100        0x0 src/servos.o
 .data          0x00800100        0x0 src/servos_asm.o
 .data          0x00800100        0x0 src/twimastertimeout.o
 .data          0x00800100        0x0 src/uart.o
 .data          0x00800100        0x0 src/vbat.o
 .data          0x00800100        0x0 c:/program files (x86)/atmel/atmel toolchain/avr8 gcc/native/3.4.1051/avr8-gnu-toolchain/bin/../lib/gcc/avr/4.8.1/../../../../avr/lib/avr5\libm.a(addsf3.o)
 .data          0x00800100        0x0 c:/program files (x86)/atmel/atmel toolchain/avr8 gcc/native/3.4.1051/avr8-gnu-toolchain/bin/../lib/gcc/avr/4.8.1/../../../../avr/lib/avr5\libm.a(addsf3x.o)
 .data          0x00800100        0x0 c:/program files (x86)/atmel/atmel toolchain/avr8 gcc/native/3.4.1051/avr8-gnu-toolchain/bin/../lib/gcc/avr/4.8.1/../../../../avr/lib/avr5\libm.a(cmpsf2.o)
 .data          0x00800100        0x0 c:/program files (x86)/atmel/atmel toolchain/avr8 gcc/native/3.4.1051/avr8-gnu-toolchain/bin/../lib/gcc/avr/4.8.1/../../../../avr/lib/avr5\libm.a(divsf3.o)
 .data          0x00800100        0x0 c:/program files (x86)/atmel/atmel toolchain/avr8 gcc/native/3.4.1051/avr8-gnu-toolchain/bin/../lib/gcc/avr/4.8.1/../../../../avr/lib/avr5\libm.a(divsf3x.o)
 .data          0x00800100        0x0 c:/program files (x86)/atmel/atmel toolchain/avr8 gcc/native/3.4.1051/avr8-gnu-toolchain/bin/../lib/gcc/avr/4.8.1/../../../../avr/lib/avr5\libm.a(fixsfsi.o)
 .data          0x00800100        0x0 c:/program files (x86)/atmel/atmel toolchain/avr8 gcc/native/3.4.1051/avr8-gnu-toolchain/bin/../lib/gcc/avr/4.8.1/../../../../avr/lib/avr5\libm.a(fixunssfsi.o)
 .data          0x00800100        0x0 c:/program files (x86)/atmel/atmel toolchain/avr8 gcc/native/3.4.1051/avr8-gnu-toolchain/bin/../lib/gcc/avr/4.8.1/../../../../avr/lib/avr5\libm.a(floatsisf.o)
 .data          0x00800100        0x0 c:/program files (x86)/atmel/atmel toolchain/avr8 gcc/native/3.4.1051/avr8-gnu-toolchain/bin/../lib/gcc/avr/4.8.1/../../../../avr/lib/avr5\libm.a(fp_cmp.o)
 .data          0x00800100        0x0 c:/program files (x86)/atmel/atmel toolchain/avr8 gcc/native/3.4.1051/avr8-gnu-toolchain/bin/../lib/gcc/avr/4.8.1/../../../../avr/lib/avr5\libm.a(fp_inf.o)
 .data          0x00800100        0x0 c:/program files (x86)/atmel/atmel toolchain/avr8 gcc/native/3.4.1051/avr8-gnu-toolchain/bin/../lib/gcc/avr/4.8.1/../../../../avr/lib/avr5\libm.a(fp_nan.o)
 .data          0x00800100        0x0 c:/program files (x86)/atmel/atmel toolchain/avr8 gcc/native/3.4.1051/avr8-gnu-toolchain/bin/../lib/gcc/avr/4.8.1/../../../../avr/lib/avr5\libm.a(fp_pscA.o)
 .data          0x00800100        0x0 c:/program files (x86)/atmel/atmel toolchain/avr8 gcc/native/3.4.1051/avr8-gnu-toolchain/bin/../lib/gcc/avr/4.8.1/../../../../avr/lib/avr5\libm.a(fp_pscB.o)
 .data          0x00800100        0x0 c:/program files (x86)/atmel/atmel toolchain/avr8 gcc/native/3.4.1051/avr8-gnu-toolchain/bin/../lib/gcc/avr/4.8.1/../../../../avr/lib/avr5\libm.a(fp_round.o)
 .data          0x00800100        0x0 c:/program files (x86)/atmel/atmel toolchain/avr8 gcc/native/3.4.1051/avr8-gnu-toolchain/bin/../lib/gcc/avr/4.8.1/../../../../avr/lib/avr5\libm.a(fp_split3.o)
 .data          0x00800100        0x0 c:/program files (x86)/atmel/atmel toolchain/avr8 gcc/native/3.4.1051/avr8-gnu-toolchain/bin/../lib/gcc/avr/4.8.1/../../../../avr/lib/avr5\libm.a(fp_zero.o)
 .data          0x00800100        0x0 c:/program files (x86)/atmel/atmel toolchain/avr8 gcc/native/3.4.1051/avr8-gnu-toolchain/bin/../lib/gcc/avr/4.8.1/../../../../avr/lib/avr5\libm.a(gesf2.o)
 .data          0x00800100        0x0 c:/program files (x86)/atmel/atmel toolchain/avr8 gcc/native/3.4.1051/avr8-gnu-toolchain/bin/../lib/gcc/avr/4.8.1/../../../../avr/lib/avr5\libm.a(mulsf3.o)
 .data          0x00800100        0x0 c:/program files (x86)/atmel/atmel toolchain/avr8 gcc/native/3.4.1051/avr8-gnu-toolchain/bin/../lib/gcc/avr/4.8.1/../../../../avr/lib/avr5\libm.a(mulsf3x.o)
 .data          0x00800100        0x0 c:/program files (x86)/atmel/atmel toolchain/avr8 gcc/native/3.4.1051/avr8-gnu-toolchain/bin/../lib/gcc/avr/4.8.1/avr5\libgcc.a(_udivmodhi4.o)
 .data          0x00800100        0x0 c:/program files (x86)/atmel/atmel toolchain/avr8 gcc/native/3.4.1051/avr8-gnu-toolchain/bin/../lib/gcc/avr/4.8.1/avr5\libgcc.a(_divmodhi4.o)
 .data          0x00800100        0x0 c:/program files (x86)/atmel/atmel toolchain/avr8 gcc/native/3.4.1051/avr8-gnu-toolchain/bin/../lib/gcc/avr/4.8.1/avr5\libgcc.a(_udivmodsi4.o)
 .data          0x00800100        0x0 c:/program files (x86)/atmel/atmel toolchain/avr8 gcc/native/3.4.1051/avr8-gnu-toolchain/bin/../lib/gcc/avr/4.8.1/avr5\libgcc.a(_divmodsi4.o)
 .data          0x00800100        0x0 c:/program files (x86)/atmel/atmel toolchain/avr8 gcc/native/3.4.1051/avr8-gnu-toolchain/bin/../lib/gcc/avr/4.8.1/avr5\libgcc.a(_negsi2.o)
 .data          0x00800100        0x0 c:/program files (x86)/atmel/atmel toolchain/avr8 gcc/native/3.4.1051/avr8-gnu-toolchain/bin/../lib/gcc/avr/4.8.1/avr5\libgcc.a(_exit.o)
 .data          0x00800100        0x0 c:/program files (x86)/atmel/atmel toolchain/avr8 gcc/native/3.4.1051/avr8-gnu-toolchain/bin/../lib/gcc/avr/4.8.1/avr5\libgcc.a(_tablejump.o)
 .data          0x00800100        0x0 c:/program files (x86)/atmel/atmel toolchain/avr8 gcc/native/3.4.1051/avr8-gnu-toolchain/bin/../lib/gcc/avr/4.8.1/avr5\libgcc.a(_copy_data.o)
 .data          0x00800100        0x0 c:/program files (x86)/atmel/atmel toolchain/avr8 gcc/native/3.4.1051/avr8-gnu-toolchain/bin/../lib/gcc/avr/4.8.1/avr5\libgcc.a(_clear_bss.o)
 .data          0x00800100        0x0 c:/program files (x86)/atmel/atmel toolchain/avr8 gcc/native/3.4.1051/avr8-gnu-toolchain/bin/../lib/gcc/avr/4.8.1/avr5\libgcc.a(_mulhisi3.o)
 .data          0x00800100        0x0 c:/program files (x86)/atmel/atmel toolchain/avr8 gcc/native/3.4.1051/avr8-gnu-toolchain/bin/../lib/gcc/avr/4.8.1/avr5\libgcc.a(_umulhisi3.o)
 .data          0x00800100        0x0 c:/program files (x86)/atmel/atmel toolchain/avr8 gcc/native/3.4.1051/avr8-gnu-toolchain/bin/../lib/gcc/avr/4.8.1/avr5\libgcc.a(_usmulhisi3.o)
 .data          0x00800100        0x0 c:/program files (x86)/atmel/atmel toolchain/avr8 gcc/native/3.4.1051/avr8-gnu-toolchain/bin/../lib/gcc/avr/4.8.1/avr5\libgcc.a(_muluhisi3.o)
 .data          0x00800100        0x0 c:/program files (x86)/atmel/atmel toolchain/avr8 gcc/native/3.4.1051/avr8-gnu-toolchain/bin/../lib/gcc/avr/4.8.1/avr5\libgcc.a(_mulshisi3.o)
 .data          0x00800100        0x0 c:/program files (x86)/atmel/atmel toolchain/avr8 gcc/native/3.4.1051/avr8-gnu-toolchain/bin/../lib/gcc/avr/4.8.1/../../../../avr/lib/avr5\libc.a(memcpy_P.o)
 .data          0x00800100        0x0 c:/program files (x86)/atmel/atmel toolchain/avr8 gcc/native/3.4.1051/avr8-gnu-toolchain/bin/../lib/gcc/avr/4.8.1/../../../../avr/lib/avr5\libc.a(memmove.o)
 .data          0x00800100        0x0 c:/program files (x86)/atmel/atmel toolchain/avr8 gcc/native/3.4.1051/avr8-gnu-toolchain/bin/../lib/gcc/avr/4.8.1/../../../../avr/lib/avr5\libc.a(itoa_ncheck.o)
 .data          0x00800100        0x0 c:/program files (x86)/atmel/atmel toolchain/avr8 gcc/native/3.4.1051/avr8-gnu-toolchain/bin/../lib/gcc/avr/4.8.1/../../../../avr/lib/avr5\libc.a(utoa_ncheck.o)
 .data          0x00800100        0x0 c:/program files (x86)/atmel/atmel toolchain/avr8 gcc/native/3.4.1051/avr8-gnu-toolchain/bin/../lib/gcc/avr/4.8.1/../../../../avr/lib/avr5\libc.a(eerd_block_atmega644pa.o)
 .data          0x00800100        0x0 c:/program files (x86)/atmel/atmel toolchain/avr8 gcc/native/3.4.1051/avr8-gnu-toolchain/bin/../lib/gcc/avr/4.8.1/../../../../avr/lib/avr5\libc.a(eerd_byte_atmega644pa.o)
 .data          0x00800100        0x0 c:/program files (x86)/atmel/atmel toolchain/avr8 gcc/native/3.4.1051/avr8-gnu-toolchain/bin/../lib/gcc/avr/4.8.1/../../../../avr/lib/avr5\libc.a(eewr_byte_atmega644pa.o)
 .data          0x00800100        0x0 c:/program files (x86)/atmel/atmel toolchain/avr8 gcc/native/3.4.1051/avr8-gnu-toolchain/bin/../lib/gcc/avr/4.8.1/../../../../avr/lib/avr5\libc.a(memcpy.o)
 .data          0x00800100        0x0 c:/program files (x86)/atmel/atmel toolchain/avr8 gcc/native/3.4.1051/avr8-gnu-toolchain/bin/../lib/gcc/avr/4.8.1/../../../../avr/lib/avr5\libc.a(strrev.o)
 *(.data*)
 .data.SlowRC   0x00800100        0x1 src/FC_main.o
                0x00800100                SlowRC
 .data.buffer   0x00800101      0x400 src/FC_main.o
                0x00800101                buffer
 .data.VectorZ  0x00800501        0x4 src/imu.o
                0x00800501                VectorZ
 .data.cursor   0x00800505        0x1 src/menu_driver.o
                0x00800505                cursor
 .data.main_cursor.2264
                0x00800506        0x1 src/menu_main.o
 .data.main_top
                0x00800507        0x2 src/menu_main.o
                0x00800507                main_top
 *(.rodata)
 *(.rodata*)
 .rodata.str1.1
                0x00800509        0x4 src/display_status.o
 *(.gnu.linkonce.d*)
                0x0080050e                . = ALIGN (0x2)
 *fill*         0x0080050d        0x1 
                0x0080050e                _edata = .
                0x0080050e                PROVIDE (__data_end, .)

.bss            0x0080050e      0x33f
                0x0080050e                PROVIDE (__bss_start, .)
 *(.bss)
 *(.bss*)
 .bss.accVert   0x0080050e        0x2 src/acc.o
                0x0080050e                accVert
 .bss.PWM_Available_Timer
                0x00800510        0x4 src/FC_main.o
                0x00800510                PWM_Available_Timer
 .bss.RC_Master_Timer
                0x00800514        0x4 src/FC_main.o
                0x00800514                RC_Master_Timer
 .bss.LoopCount
                0x00800518        0x1 src/FC_main.o
                0x00800518                LoopCount
 .bss.Overdue   0x00800519        0x1 src/FC_main.o
                0x00800519                Overdue
 .bss.LoopStartTCNT1
                0x0080051a        0x2 src/FC_main.o
                0x0080051a                LoopStartTCNT1
 .bss.InterruptCount
                0x0080051c        0x2 src/FC_main.o
                0x0080051c                InterruptCount
 .bss.Alarm_flags
                0x0080051e        0x1 src/FC_main.o
                0x0080051e                Alarm_flags
 .bss.Flight_flags
                0x0080051f        0x1 src/FC_main.o
                0x0080051f                Flight_flags
 .bss.General_error
                0x00800520        0x1 src/FC_main.o
                0x00800520                General_error
 .bss.transition
                0x00800521        0x2 src/FC_main.o
                0x00800521                transition
 .bss.Transition_state
                0x00800523        0x1 src/FC_main.o
                0x00800523                Transition_state
 .bss.transition_counter
                0x00800524        0x2 src/FC_main.o
                0x00800524                transition_counter
 .bss.VectorY   0x00800526        0x4 src/imu.o
                0x00800526                VectorY
 .bss.VectorX   0x0080052a        0x4 src/imu.o
                0x0080052a                VectorX
 .bss.button_count.2530
                0x0080052e        0x1 src/menu_driver.o
 .bss.menu_temp
                0x0080052f        0x2 src/menu_driver.o
                0x0080052f                menu_temp
 .bss.old_menu.2266
                0x00800531        0x1 src/menu_main.o
 .bss.main_temp.2265
                0x00800532        0x2 src/menu_main.o
 .bss.sub_top   0x00800534        0x2 src/menu_main.o
                0x00800534                sub_top
 .bss.PID_AvgAccVert
                0x00800536        0x4 src/pid.o
                0x00800536                PID_AvgAccVert
 .bss.OldRxSum.2248
                0x0080053a        0x2 src/rc.o
 *(COMMON)
 COMMON         0x0080053c        0x6 src/acc.o
                0x0080053c                accADC
 COMMON         0x00800542       0x2d src/FC_main.o
                0x00800542                sBuffer
                0x0080055b                interval
                0x0080055f                pBuffer
 COMMON         0x0080056f        0x6 src/gyros.o
                0x0080056f                gyroADC
 COMMON         0x00800575       0x3c src/imu.o
                0x00800575                VectorNewB
                0x00800579                EulerAnglePitch
                0x0080057d                AccAngleRoll
                0x00800581                AccAnglePitch
                0x00800585                GyroPitchVC
                0x00800589                theta
                0x0080058d                GyroRollVC
                0x00800591                angle
                0x00800595                VectorNewA
                0x00800599                accSmooth
                0x008005a5                EulerAngleRoll
                0x008005a9                VectorA
                0x008005ad                VectorB
 COMMON         0x008005b1      0x208 src/init.o
                0x008005b1                Config
 COMMON         0x008007b9       0x31 src/isr.o
                0x008007b9                rcindex
                0x008007ba                RxChannel
                0x008007ca                Interrupted
                0x008007cb                max_chan
                0x008007cc                bytecount
                0x008007cd                TMR0_counter
                0x008007cf                RxChannelStart
                0x008007df                chanmask16
                0x008007e1                ch_num
                0x008007e2                PPMSyncStart
                0x008007e4                JitterGate
                0x008007e5                JitterFlag
                0x008007e6                checksum
                0x008007e8                FrameRate
 COMMON         0x008007ea        0x2 src/menu_driver.o
                0x008007ea                button
                0x008007eb                button_multiplier
 COMMON         0x008007ec        0x1 src/menu_main.o
                0x008007ec                menu_flag
 COMMON         0x008007ed       0x3c src/pid.o
                0x008007ed                IntegralGyro
                0x00800805                gyroSmooth
                0x00800811                PID_Gyros
                0x0080081d                PID_ACCs
 COMMON         0x00800829       0x14 src/rc.o
                0x00800829                MonopolarThrottle
                0x0080082b                RCinputs
 COMMON         0x0080083d       0x10 src/servos.o
                0x0080083d                ServoOut
                0x0080084d                PROVIDE (__bss_end, .)
                0x000090f2                __data_load_start = LOADADDR (.data)
                0x00009500                __data_load_end = (__data_load_start + SIZEOF (.data))

.noinit         0x0080084d        0x0
                0x0080084d                PROVIDE (__noinit_start, .)
 *(.noinit*)
                0x0080084d                PROVIDE (__noinit_end, .)
                0x0080084d                _end = .
                0x0080084d                PROVIDE (__heap_start, .)

.eeprom         0x00810000        0x0
 *(.eeprom*)
                0x00810000                __eeprom_end = .

.fuse
 *(.fuse)
 *(.lfuse)
 *(.hfuse)
 *(.efuse)

.lock
 *(.lock*)

.signature
 *(.signature*)

.user_signatures
 *(.user_signatures*)

.stab
 *(.stab)

.stabstr
 *(.stabstr)

.stab.excl
 *(.stab.excl)

.stab.exclstr
 *(.stab.exclstr)

.stab.index
 *(.stab.index)

.stab.indexstr
 *(.stab.indexstr)

.comment        0x00000000       0x30
 *(.comment)
 .comment       0x00000000       0x30 src/acc.o
                                 0x31 (size before relaxing)
 .comment       0x00000000       0x31 src/adc.o
 .comment       0x00000000       0x31 src/display_balance.o
 .comment       0x00000000       0x31 src/display_rcinput.o
 .comment       0x00000000       0x31 src/display_sensors.o
 .comment       0x00000000       0x31 src/display_status.o
 .comment       0x00000000       0x31 src/display_wizard.o
 .comment       0x00000000       0x31 src/eeprom.o
 .comment       0x00000000       0x31 src/FC_main.o
 .comment       0x00000000       0x31 src/glcd_driver.o
 .comment       0x00000000       0x31 src/glcd_menu.o
 .comment       0x00000000       0x31 src/gyros.o
 .comment       0x00000000       0x31 src/i2c.o
 .comment       0x00000000       0x31 src/imu.o
 .comment       0x00000000       0x31 src/init.o
 .comment       0x00000000       0x31 src/isr.o
 .comment       0x00000000       0x31 src/menu_driver.o
 .comment       0x00000000       0x31 src/menu_flight.o
 .comment       0x00000000       0x31 src/menu_main.o
 .comment       0x00000000       0x31 src/menu_mixer.o
 .comment       0x00000000       0x31 src/menu_servos.o
 .comment       0x00000000       0x31 src/menu_settings.o
 .comment       0x00000000       0x31 src/mixer.o
 .comment       0x00000000       0x31 src/mugui_text.o
 .comment       0x00000000       0x31 src/pid.o
 .comment       0x00000000       0x31 src/rc.o
 .comment       0x00000000       0x31 src/servos.o
 .comment       0x00000000       0x31 src/twimastertimeout.o
 .comment       0x00000000       0x31 src/uart.o
 .comment       0x00000000       0x31 src/vbat.o

.note.gnu.build-id
 *(.note.gnu.build-id)

.debug
 *(.debug)

.line
 *(.line)

.debug_srcinfo
 *(.debug_srcinfo)

.debug_sfnames
 *(.debug_sfnames)

.debug_aranges  0x00000000      0x660
 *(.debug_aranges)
 .debug_aranges
                0x00000000       0x38 src/acc.o
 .debug_aranges
                0x00000038       0x28 src/adc.o
 .debug_aranges
                0x00000060       0x20 src/display_balance.o
 .debug_aranges
                0x00000080       0x20 src/display_rcinput.o
 .debug_aranges
                0x000000a0       0x20 src/display_sensors.o
 .debug_aranges
                0x000000c0       0x20 src/display_status.o
 .debug_aranges
                0x000000e0       0x20 src/display_wizard.o
 .debug_aranges
                0x00000100       0x50 src/eeprom.o
 .debug_aranges
                0x00000150       0x20 src/FC_main.o
 .debug_aranges
                0x00000170       0x80 src/glcd_driver.o
 .debug_aranges
                0x000001f0       0x30 src/glcd_menu.o
 .debug_aranges
                0x00000220       0x40 src/gyros.o
 .debug_aranges
                0x00000260       0x28 src/i2c.o
 .debug_aranges
                0x00000288       0x60 src/imu.o
 .debug_aranges
                0x000002e8       0x28 src/init.o
 .debug_aranges
                0x00000310       0x68 src/isr.o
 .debug_aranges
                0x00000378       0x60 src/menu_driver.o
 .debug_aranges
                0x000003d8       0x20 src/menu_flight.o
 .debug_aranges
                0x000003f8       0x38 src/menu_main.o
 .debug_aranges
                0x00000430       0x20 src/menu_mixer.o
 .debug_aranges
                0x00000450       0x20 src/menu_servos.o
 .debug_aranges
                0x00000470       0x20 src/menu_settings.o
 .debug_aranges
                0x00000490       0x20 src/misc_asm.o
 .debug_aranges
                0x000004b0       0x48 src/mixer.o
 .debug_aranges
                0x000004f8       0x40 src/mugui_text.o
 .debug_aranges
                0x00000538       0x28 src/pid.o
 .debug_aranges
                0x00000560       0x28 src/rc.o
 .debug_aranges
                0x00000588       0x20 src/servos.o
 .debug_aranges
                0x000005a8       0x20 src/servos_asm.o
 .debug_aranges
                0x000005c8       0x58 src/twimastertimeout.o
 .debug_aranges
                0x00000620       0x20 src/uart.o
 .debug_aranges
                0x00000640       0x20 src/vbat.o

.debug_pubnames
 *(.debug_pubnames)

.debug_info     0x00000000    0x13b5a
 *(.debug_info .gnu.linkonce.wi.*)
 .debug_info    0x00000000      0xc14 src/acc.o
 .debug_info    0x00000c14       0xa9 src/adc.o
 .debug_info    0x00000cbd      0x488 src/display_balance.o
 .debug_info    0x00001145      0x886 src/display_rcinput.o
 .debug_info    0x000019cb      0x869 src/display_sensors.o
 .debug_info    0x00002234     0x1022 src/display_status.o
 .debug_info    0x00003256      0xc1a src/display_wizard.o
 .debug_info    0x00003e70      0xcc5 src/eeprom.o
 .debug_info    0x00004b35     0x108a src/FC_main.o
 .debug_info    0x00005bbf     0x10b9 src/glcd_driver.o
 .debug_info    0x00006c78     0x19e9 src/glcd_menu.o
 .debug_info    0x00008661      0xaee src/gyros.o
 .debug_info    0x0000914f      0x20e src/i2c.o
 .debug_info    0x0000935d      0xb9d src/imu.o
 .debug_info    0x00009efa      0xf44 src/init.o
 .debug_info    0x0000ae3e      0xb33 src/isr.o
 .debug_info    0x0000b971      0xfc4 src/menu_driver.o
 .debug_info    0x0000c935      0xa4a src/menu_flight.o
 .debug_info    0x0000d37f      0x5d1 src/menu_main.o
 .debug_info    0x0000d950      0xb1e src/menu_mixer.o
 .debug_info    0x0000e46e      0xb10 src/menu_servos.o
 .debug_info    0x0000ef7e      0xc2e src/menu_settings.o
 .debug_info    0x0000fbac       0x64 src/misc_asm.o
 .debug_info    0x0000fc10     0x113f src/mixer.o
 .debug_info    0x00010d4f      0x778 src/mugui_text.o
 .debug_info    0x000114c7      0xa25 src/pid.o
 .debug_info    0x00011eec      0x904 src/rc.o
 .debug_info    0x000127f0      0x88f src/servos.o
 .debug_info    0x0001307f       0x66 src/servos_asm.o
 .debug_info    0x000130e5      0x235 src/twimastertimeout.o
 .debug_info    0x0001331a      0x737 src/uart.o
 .debug_info    0x00013a51      0x109 src/vbat.o

.debug_abbrev   0x00000000     0x3541
 *(.debug_abbrev)
 .debug_abbrev  0x00000000      0x25b src/acc.o
 .debug_abbrev  0x0000025b       0x78 src/adc.o
 .debug_abbrev  0x000002d3      0x19f src/display_balance.o
 .debug_abbrev  0x00000472      0x1e0 src/display_rcinput.o
 .debug_abbrev  0x00000652      0x227 src/display_sensors.o
 .debug_abbrev  0x00000879      0x237 src/display_status.o
 .debug_abbrev  0x00000ab0      0x1d4 src/display_wizard.o
 .debug_abbrev  0x00000c84      0x282 src/eeprom.o
 .debug_abbrev  0x00000f06      0x1bb src/FC_main.o
 .debug_abbrev  0x000010c1      0x2c1 src/glcd_driver.o
 .debug_abbrev  0x00001382      0x248 src/glcd_menu.o
 .debug_abbrev  0x000015ca      0x250 src/gyros.o
 .debug_abbrev  0x0000181a       0xff src/i2c.o
 .debug_abbrev  0x00001919      0x205 src/imu.o
 .debug_abbrev  0x00001b1e      0x24d src/init.o
 .debug_abbrev  0x00001d6b      0x1a9 src/isr.o
 .debug_abbrev  0x00001f14      0x3c4 src/menu_driver.o
 .debug_abbrev  0x000022d8      0x15c src/menu_flight.o
 .debug_abbrev  0x00002434      0x20b src/menu_main.o
 .debug_abbrev  0x0000263f      0x17d src/menu_mixer.o
 .debug_abbrev  0x000027bc      0x199 src/menu_servos.o
 .debug_abbrev  0x00002955      0x1af src/menu_settings.o
 .debug_abbrev  0x00002b04       0x14 src/misc_asm.o
 .debug_abbrev  0x00002b18      0x21d src/mixer.o
 .debug_abbrev  0x00002d35      0x19c src/mugui_text.o
 .debug_abbrev  0x00002ed1      0x12f src/pid.o
 .debug_abbrev  0x00003000      0x1a6 src/rc.o
 .debug_abbrev  0x000031a6      0x136 src/servos.o
 .debug_abbrev  0x000032dc       0x14 src/servos_asm.o
 .debug_abbrev  0x000032f0       0xe8 src/twimastertimeout.o
 .debug_abbrev  0x000033d8       0xbe src/uart.o
 .debug_abbrev  0x00003496       0xab src/vbat.o

.debug_line     0x00000000     0x3cf6
 *(.debug_line .debug_line.* .debug_line_end)
 .debug_line    0x00000000      0x24e src/acc.o
 .debug_line    0x0000024e       0xc3 src/adc.o
 .debug_line    0x00000311      0x1b6 src/display_balance.o
 .debug_line    0x000004c7      0x1a7 src/display_rcinput.o
 .debug_line    0x0000066e      0x21c src/display_sensors.o
 .debug_line    0x0000088a      0x1a7 src/display_status.o
 .debug_line    0x00000a31      0x210 src/display_wizard.o
 .debug_line    0x00000c41      0x34c src/eeprom.o
 .debug_line    0x00000f8d      0x3c1 src/FC_main.o
 .debug_line    0x0000134e      0x31f src/glcd_driver.o
 .debug_line    0x0000166d      0x144 src/glcd_menu.o
 .debug_line    0x000017b1      0x226 src/gyros.o
 .debug_line    0x000019d7       0xe5 src/i2c.o
 .debug_line    0x00001abc      0x1ed src/imu.o
 .debug_line    0x00001ca9      0x2df src/init.o
 .debug_line    0x00001f88      0x277 src/isr.o
 .debug_line    0x000021ff      0x496 src/menu_driver.o
 .debug_line    0x00002695      0x114 src/menu_flight.o
 .debug_line    0x000027a9      0x20a src/menu_main.o
 .debug_line    0x000029b3      0x113 src/menu_mixer.o
 .debug_line    0x00002ac6      0x140 src/menu_servos.o
 .debug_line    0x00002c06      0x157 src/menu_settings.o
 .debug_line    0x00002d5d       0x64 src/misc_asm.o
 .debug_line    0x00002dc1      0x3bf src/mixer.o
 .debug_line    0x00003180      0x1ac src/mugui_text.o
 .debug_line    0x0000332c      0x1ad src/pid.o
 .debug_line    0x000034d9      0x1ba src/rc.o
 .debug_line    0x00003693      0x114 src/servos.o
 .debug_line    0x000037a7      0x1a8 src/servos_asm.o
 .debug_line    0x0000394f      0x1e7 src/twimastertimeout.o
 .debug_line    0x00003b36       0xf5 src/uart.o
 .debug_line    0x00003c2b       0xcb src/vbat.o

.debug_frame    0x00000000     0x1400
 *(.debug_frame)
 .debug_frame   0x00000000       0x8c src/acc.o
 .debug_frame   0x0000008c       0x34 src/adc.o
 .debug_frame   0x000000c0       0x44 src/display_balance.o
 .debug_frame   0x00000104       0x24 src/display_rcinput.o
 .debug_frame   0x00000128       0x24 src/display_sensors.o
 .debug_frame   0x0000014c       0x58 src/display_status.o
 .debug_frame   0x000001a4       0x58 src/display_wizard.o
 .debug_frame   0x000001fc      0x140 src/eeprom.o
 .debug_frame   0x0000033c       0x34 src/FC_main.o
 .debug_frame   0x00000370      0x230 src/glcd_driver.o
 .debug_frame   0x000005a0       0x44 src/glcd_menu.o
 .debug_frame   0x000005e4       0xec src/gyros.o
 .debug_frame   0x000006d0       0x74 src/i2c.o
 .debug_frame   0x00000744      0x180 src/imu.o
 .debug_frame   0x000008c4       0x3c src/init.o
 .debug_frame   0x00000900      0x1d0 src/isr.o
 .debug_frame   0x00000ad0      0x1c0 src/menu_driver.o
 .debug_frame   0x00000c90       0x6c src/menu_flight.o
 .debug_frame   0x00000cfc       0x88 src/menu_main.o
 .debug_frame   0x00000d84       0x6c src/menu_mixer.o
 .debug_frame   0x00000df0       0x84 src/menu_servos.o
 .debug_frame   0x00000e74       0x84 src/menu_settings.o
 .debug_frame   0x00000ef8      0x134 src/mixer.o
 .debug_frame   0x0000102c      0x158 src/mugui_text.o
 .debug_frame   0x00001184       0xf4 src/pid.o
 .debug_frame   0x00001278       0x50 src/rc.o
 .debug_frame   0x000012c8       0x5c src/servos.o
 .debug_frame   0x00001324       0x94 src/twimastertimeout.o
 .debug_frame   0x000013b8       0x24 src/uart.o
 .debug_frame   0x000013dc       0x24 src/vbat.o

.debug_str      0x00000000     0x26f6
 *(.debug_str)
 .debug_str     0x00000000      0x774 src/acc.o
                                0x805 (size before relaxing)
 .debug_str     0x00000774       0x27 src/adc.o
                                0x158 (size before relaxing)
 .debug_str     0x0000079b       0x99 src/display_balance.o
                                0x297 (size before relaxing)
 .debug_str     0x00000834       0xe3 src/display_rcinput.o
                                0x2b3 (size before relaxing)
 .debug_str     0x00000917       0x4e src/display_sensors.o
                                0x2f2 (size before relaxing)
 .debug_str     0x00000965      0x12b src/display_status.o
                                0x816 (size before relaxing)
 .debug_str     0x00000a90       0x73 src/display_wizard.o
                                0x839 (size before relaxing)
 .debug_str     0x00000b03      0x270 src/eeprom.o
                                0x9a8 (size before relaxing)
 .debug_str     0x00000d73      0x4b1 src/FC_main.o
                                0xd0d (size before relaxing)
 .debug_str     0x00001224       0xb5 src/glcd_driver.o
                                0x7dd (size before relaxing)
 .debug_str     0x000012d9      0x98e src/glcd_menu.o