Archive member included to satisfy reference by file (symbol)

c:/program files (x86)/atmel/studio/7.0/toolchain/avr8/avr8-gnu-toolchain/bin/../lib/gcc/avr/4.9.2/../../../../avr/lib/avr5\libm.a(addsf3.o)
                              src/imu.o (__subsf3)
c:/program files (x86)/atmel/studio/7.0/toolchain/avr8/avr8-gnu-toolchain/bin/../lib/gcc/avr/4.9.2/../../../../avr/lib/avr5\libm.a(addsf3x.o)
                              c:/program files (x86)/atmel/studio/7.0/toolchain/avr8/avr8-gnu-toolchain/bin/../lib/gcc/avr/4.9.2/../../../../avr/lib/avr5\libm.a(addsf3.o) (__addsf3x)
c:/program files (x86)/atmel/studio/7.0/toolchain/avr8/avr8-gnu-toolchain/bin/../lib/gcc/avr/4.9.2/../../../../avr/lib/avr5\libm.a(cmpsf2.o)
                              src/imu.o (__ltsf2)
c:/program files (x86)/atmel/studio/7.0/toolchain/avr8/avr8-gnu-toolchain/bin/../lib/gcc/avr/4.9.2/../../../../avr/lib/avr5\libm.a(divsf3.o)
                              src/display_io.o (__divsf3)
c:/program files (x86)/atmel/studio/7.0/toolchain/avr8/avr8-gnu-toolchain/bin/../lib/gcc/avr/4.9.2/../../../../avr/lib/avr5\libm.a(divsf3x.o)
                              c:/program files (x86)/atmel/studio/7.0/toolchain/avr8/avr8-gnu-toolchain/bin/../lib/gcc/avr/4.9.2/../../../../avr/lib/avr5\libm.a(divsf3.o) (__divsf3x)
c:/program files (x86)/atmel/studio/7.0/toolchain/avr8/avr8-gnu-toolchain/bin/../lib/gcc/avr/4.9.2/../../../../avr/lib/avr5\libm.a(fixsfsi.o)
                              src/acc.o (__fixsfsi)
c:/program files (x86)/atmel/studio/7.0/toolchain/avr8/avr8-gnu-toolchain/bin/../lib/gcc/avr/4.9.2/../../../../avr/lib/avr5\libm.a(fixunssfsi.o)
                              c:/program files (x86)/atmel/studio/7.0/toolchain/avr8/avr8-gnu-toolchain/bin/../lib/gcc/avr/4.9.2/../../../../avr/lib/avr5\libm.a(fixsfsi.o) (__fixunssfsi)
c:/program files (x86)/atmel/studio/7.0/toolchain/avr8/avr8-gnu-toolchain/bin/../lib/gcc/avr/4.9.2/../../../../avr/lib/avr5\libm.a(floatsisf.o)
                              src/imu.o (__floatunsisf)
c:/program files (x86)/atmel/studio/7.0/toolchain/avr8/avr8-gnu-toolchain/bin/../lib/gcc/avr/4.9.2/../../../../avr/lib/avr5\libm.a(fp_cmp.o)
                              c:/program files (x86)/atmel/studio/7.0/toolchain/avr8/avr8-gnu-toolchain/bin/../lib/gcc/avr/4.9.2/../../../../avr/lib/avr5\libm.a(cmpsf2.o) (__fp_cmp)
c:/program files (x86)/atmel/studio/7.0/toolchain/avr8/avr8-gnu-toolchain/bin/../lib/gcc/avr/4.9.2/../../../../avr/lib/avr5\libm.a(fp_inf.o)
                              c:/program files (x86)/atmel/studio/7.0/toolchain/avr8/avr8-gnu-toolchain/bin/../lib/gcc/avr/4.9.2/../../../../avr/lib/avr5\libm.a(addsf3x.o) (__fp_inf)
c:/program files (x86)/atmel/studio/7.0/toolchain/avr8/avr8-gnu-toolchain/bin/../lib/gcc/avr/4.9.2/../../../../avr/lib/avr5\libm.a(fp_nan.o)
                              c:/program files (x86)/atmel/studio/7.0/toolchain/avr8/avr8-gnu-toolchain/bin/../lib/gcc/avr/4.9.2/../../../../avr/lib/avr5\libm.a(addsf3x.o) (__fp_nan)
c:/program files (x86)/atmel/studio/7.0/toolchain/avr8/avr8-gnu-toolchain/bin/../lib/gcc/avr/4.9.2/../../../../avr/lib/avr5\libm.a(fp_pscA.o)
                              c:/program files (x86)/atmel/studio/7.0/toolchain/avr8/avr8-gnu-toolchain/bin/../lib/gcc/avr/4.9.2/../../../../avr/lib/avr5\libm.a(addsf3x.o) (__fp_pscA)
c:/program files (x86)/atmel/studio/7.0/toolchain/avr8/avr8-gnu-toolchain/bin/../lib/gcc/avr/4.9.2/../../../../avr/lib/avr5\libm.a(fp_pscB.o)
                              c:/program files (x86)/atmel/studio/7.0/toolchain/avr8/avr8-gnu-toolchain/bin/../lib/gcc/avr/4.9.2/../../../../avr/lib/avr5\libm.a(addsf3x.o) (__fp_pscB)
c:/program files (x86)/atmel/studio/7.0/toolchain/avr8/avr8-gnu-toolchain/bin/../lib/gcc/avr/4.9.2/../../../../avr/lib/avr5\libm.a(fp_round.o)
                              c:/program files (x86)/atmel/studio/7.0/toolchain/avr8/avr8-gnu-toolchain/bin/../lib/gcc/avr/4.9.2/../../../../avr/lib/avr5\libm.a(addsf3.o) (__fp_round)
c:/program files (x86)/atmel/studio/7.0/toolchain/avr8/avr8-gnu-toolchain/bin/../lib/gcc/avr/4.9.2/../../../../avr/lib/avr5\libm.a(fp_split3.o)
                              c:/program files (x86)/atmel/studio/7.0/toolchain/avr8/avr8-gnu-toolchain/bin/../lib/gcc/avr/4.9.2/../../../../avr/lib/avr5\libm.a(addsf3x.o) (__fp_split3)
c:/program files (x86)/atmel/studio/7.0/toolchain/avr8/avr8-gnu-toolchain/bin/../lib/gcc/avr/4.9.2/../../../../avr/lib/avr5\libm.a(fp_zero.o)
                              c:/program files (x86)/atmel/studio/7.0/toolchain/avr8/avr8-gnu-toolchain/bin/../lib/gcc/avr/4.9.2/../../../../avr/lib/avr5\libm.a(addsf3x.o) (__fp_zero)
c:/program files (x86)/atmel/studio/7.0/toolchain/avr8/avr8-gnu-toolchain/bin/../lib/gcc/avr/4.9.2/../../../../avr/lib/avr5\libm.a(gesf2.o)
                              src/imu.o (__gtsf2)
c:/program files (x86)/atmel/studio/7.0/toolchain/avr8/avr8-gnu-toolchain/bin/../lib/gcc/avr/4.9.2/../../../../avr/lib/avr5\libm.a(mulsf3.o)
[...]
Memory Configuration

Name             Origin             Length             Attributes
text             0x00000000         0x00020000         xr
data             0x00800060         0x0000ffa0         rw !x
eeprom           0x00810000         0x00010000         rw !x
fuse             0x00820000         0x00000400         rw !x
lock             0x00830000         0x00000400         rw !x
signature        0x00840000         0x00000400         rw !x
user_signatures  0x00850000         0x00000400         rw !x
*default*        0x00000000         0xffffffff

Linker script and memory map

Address of section .data set to 0x800100
LOAD C:/Program Files (x86)/Atmel/Studio/7.0/Packs/atmel/ATmega_DFP/1.0.90/gcc/dev/atmega644pa/avr5/crtatmega644pa.o
LOAD src/acc.o
LOAD src/adc.o
LOAD src/display_balance.o
LOAD src/display_io.o
LOAD src/display_log.o
LOAD src/display_rcinput.o
LOAD src/display_sensors.o
LOAD src/display_status.o
LOAD src/display_wizard.o
LOAD src/eeprom.o
LOAD src/FC_main.o
LOAD src/glcd_driver.o
LOAD src/glcd_menu.o
LOAD src/gyros.o
LOAD src/i2c.o
LOAD src/imu.o
LOAD src/init.o
LOAD src/isr.o
LOAD src/menu_ch_order.o
LOAD src/menu_curves.o
LOAD src/menu_driver.o
LOAD src/menu_flight.o
LOAD src/menu_main.o
LOAD src/menu_mixer.o
LOAD src/menu_offsets.o
LOAD src/menu_servos.o
LOAD src/menu_settings.o
LOAD src/misc_asm.o
LOAD src/mixer.o
LOAD src/mugui_text.o
LOAD src/pid.o
LOAD src/rc.o
LOAD src/servos.o
LOAD src/servos_asm.o
LOAD src/twimastertimeout.o
LOAD src/uart.o
LOAD src/vbat.o
START GROUP
LOAD c:/program files (x86)/atmel/studio/7.0/toolchain/avr8/avr8-gnu-toolchain/bin/../lib/gcc/avr/4.9.2/../../../../avr/lib/avr5\libm.a
END GROUP
START GROUP
LOAD c:/program files (x86)/atmel/studio/7.0/toolchain/avr8/avr8-gnu-toolchain/bin/../lib/gcc/avr/4.9.2/avr5\libgcc.a
LOAD c:/program files (x86)/atmel/studio/7.0/toolchain/avr8/avr8-gnu-toolchain/bin/../lib/gcc/avr/4.9.2/../../../../avr/lib/avr5\libm.a
LOAD c:/program files (x86)/atmel/studio/7.0/toolchain/avr8/avr8-gnu-toolchain/bin/../lib/gcc/avr/4.9.2/../../../../avr/lib/avr5\libc.a
LOAD C:/Program Files (x86)/Atmel/Studio/7.0/Packs/atmel/ATmega_DFP/1.0.90/gcc/dev/atmega644pa/avr5\libatmega644pa.a
END GROUP

.hash
 *(.hash)

.dynsym
 *(.dynsym)

.dynstr
 *(.dynstr)

.gnu.version
 *(.gnu.version)

.gnu.version_d
 *(.gnu.version_d)

.gnu.version_r
 *(.gnu.version_r)

.rel.init
 *(.rel.init)

.rela.init
 *(.rela.init)

.rel.text
 *(.rel.text)
 *(.rel.text.*)
 *(.rel.gnu.linkonce.t*)

.rela.text
 *(.rela.text)
 *(.rela.text.*)
 *(.rela.gnu.linkonce.t*)

.rel.fini
 *(.rel.fini)

.rela.fini
 *(.rela.fini)

.rel.rodata
 *(.rel.rodata)
 *(.rel.rodata.*)
 *(.rel.gnu.linkonce.r*)

.rela.rodata
 *(.rela.rodata)
 *(.rela.rodata.*)
 *(.rela.gnu.linkonce.r*)

.rel.data
 *(.rel.data)
 *(.rel.data.*)
 *(.rel.gnu.linkonce.d*)

.rela.data
 *(.rela.data)
 *(.rela.data.*)
 *(.rela.gnu.linkonce.d*)

.rel.ctors
 *(.rel.ctors)

.rela.ctors
 *(.rela.ctors)

.rel.dtors
 *(.rel.dtors)

.rela.dtors
 *(.rela.dtors)

.rel.got
 *(.rel.got)

.rela.got
 *(.rela.got)

.rel.bss
 *(.rel.bss)

.rela.bss
 *(.rela.bss)

.rel.plt
 *(.rel.plt)

.rela.plt
 *(.rela.plt)

.text           0x00000000     0xe100
 *(.vectors)
 .vectors       0x00000000       0x7c C:/Program Files (x86)/Atmel/Studio/7.0/Packs/atmel/ATmega_DFP/1.0.90/gcc/dev/atmega644pa/avr5/crtatmega644pa.o
                0x00000000                __vector_default
                0x00000000                __vectors
 *(.vectors)
 *(.progmem.gcc*)
 .progmem.gcc_sw_table.Initial_EEPROM_Config_Load
                0x0000007c       0x20 src/eeprom.o
 .progmem.gcc_sw_table.main
                0x0000009c       0x16 src/FC_main.o
 .progmem.gcc_sw_table.edit_curve_item
                0x000000b2       0x4c src/menu_driver.o
 .progmem.gcc_sw_table.do_main_menu_item
                0x000000fe       0x30 src/menu_main.o
 .progmem.gcc_sw_table.UpdateLimits
                0x0000012e       0x12 src/mixer.o
 .progmem.gcc_sw_table.init_uart
                0x00000140        0xe src/uart.o
                0x0000014e                . = ALIGN (0x2)
                0x0000014e                __trampolines_start = .
 *(.trampolines)
 .trampolines   0x0000014e        0x0 linker stubs
 *(.trampolines*)
                0x0000014e                __trampolines_end = .
 *(.progmem*)
 .progmem.data.Acc_Pol
                0x0000014e       0x48 src/acc.o
                0x0000014e                Acc_Pol
 .progmem.data.ACC_RPY_Order
                0x00000196       0x48 src/acc.o
                0x00000196                ACC_RPY_Order
 .progmem.data.MPX
                0x000001de        0x8 src/eeprom.o
                0x000001de                MPX
 .progmem.data.FUTABA
                0x000001e6        0x8 src/eeprom.o
                0x000001e6                FUTABA
 .progmem.data.JR
                0x000001ee        0x8 src/eeprom.o
                0x000001ee                JR
 .progmem.data.Trans_Matrix
                0x000001f6        0x9 src/FC_main.o
                0x000001f6                Trans_Matrix
 .progmem.data.Wingdings
                0x000001ff       0x6a src/FC_main.o
                0x000001ff                Wingdings
 .progmem.data.Verdana22
                0x00000269      0x276 src/FC_main.o
                0x00000269                Verdana22
 .progmem.data.Verdana14
                0x000004df      0xaae src/FC_main.o
                0x000004df                Verdana14
 .progmem.data.Verdana8
                0x00000f8d      0x4ac src/FC_main.o
                0x00000f8d                Verdana8
 .progmem.data.lcd_commmands
                0x00001439        0xe src/glcd_driver.o
                0x00001439                lcd_commmands
 .progmem.data.pagemap
                0x00001447        0x8 src/glcd_driver.o
                0x00001447                pagemap
 .progmem.data.text_menu
                0x0000144f      0x3cc src/glcd_menu.o
                0x0000144f                text_menu
 .progmem.data.Ch8
                0x0000181b        0xb src/glcd_menu.o
                0x0000181b                Ch8
 .progmem.data.Ch7
                0x00001826        0xb src/glcd_menu.o
                0x00001826                Ch7
 .progmem.data.Ch6
                0x00001831        0xb src/glcd_menu.o
                0x00001831                Ch6
 .progmem.data.Ch5
                0x0000183c        0xb src/glcd_menu.o
                0x0000183c                Ch5
 .progmem.data.Ch4
                0x00001847        0xb src/glcd_menu.o
                0x00001847                Ch4
 .progmem.data.Ch3
                0x00001852        0xb src/glcd_menu.o
                0x00001852                Ch3
 .progmem.data.Ch2
                0x0000185d        0xb src/glcd_menu.o
                0x0000185d                Ch2
 .progmem.data.Ch1
                0x00001868        0xb src/glcd_menu.o
                0x00001868                Ch1
 .progmem.data.O7
                0x00001873        0x5 src/glcd_menu.o
                0x00001873                O7
 .progmem.data.O6
                0x00001878        0x5 src/glcd_menu.o
                0x00001878                O6
 .progmem.data.O5
                0x0000187d        0x5 src/glcd_menu.o
                0x0000187d                O5
 .progmem.data.O4
                0x00001882        0x5 src/glcd_menu.o
                0x00001882                O4
 .progmem.data.O3
                0x00001887        0x5 src/glcd_menu.o
                0x00001887                O3
 .progmem.data.O2
                0x0000188c        0x5 src/glcd_menu.o
                0x0000188c                O2
 .progmem.data.O1
                0x00001891        0x5 src/glcd_menu.o
                0x00001891                O1
 .progmem.data.O0
                0x00001896        0x5 src/glcd_menu.o
                0x00001896                O0
 .progmem.data.I10
                0x0000189b        0x5 src/glcd_menu.o
                0x0000189b                I10
 .progmem.data.I9
                0x000018a0        0x4 src/glcd_menu.o
                0x000018a0                I9
 .progmem.data.I8
                0x000018a4        0x3 src/glcd_menu.o
                0x000018a4                I8
 .progmem.data.I7
                0x000018a7        0x3 src/glcd_menu.o
                0x000018a7                I7
 .progmem.data.I6
                0x000018aa        0x3 src/glcd_menu.o
                0x000018aa                I6
 .progmem.data.I5
                0x000018ad        0x3 src/glcd_menu.o
                0x000018ad                I5
 .progmem.data.I4
                0x000018b0        0x3 src/glcd_menu.o
                0x000018b0                I4
 .progmem.data.I3
                0x000018b3        0x3 src/glcd_menu.o
                0x000018b3                I3
 .progmem.data.I2
                0x000018b6        0x3 src/glcd_menu.o
                0x000018b6                I2
 .progmem.data.I1
                0x000018b9        0x3 src/glcd_menu.o
                0x000018b9                I1
 .progmem.data.Uni4
                0x000018bc        0x8 src/glcd_menu.o
                0x000018bc                Uni4
 .progmem.data.Uni3
                0x000018c4        0x8 src/glcd_menu.o
                0x000018c4                Uni3
 .progmem.data.Uni1
                0x000018cc        0xb src/glcd_menu.o
                0x000018cc                Uni1
 .progmem.data.Chan7
                0x000018d7        0x5 src/glcd_menu.o
                0x000018d7                Chan7
 .progmem.data.Chan6
                0x000018dc        0x5 src/glcd_menu.o
                0x000018dc                Chan6
 .progmem.data.Chan5
                0x000018e1        0x5 src/glcd_menu.o
                0x000018e1                Chan5
 .progmem.data.Chan4
                0x000018e6        0x5 src/glcd_menu.o
                0x000018e6                Chan4
 .progmem.data.Chan3
                0x000018eb        0x4 src/glcd_menu.o
                0x000018eb                Chan3
 .progmem.data.Chan2
                0x000018ef        0x4 src/glcd_menu.o
                0x000018ef                Chan2
 .progmem.data.Chan1
                0x000018f3        0x4 src/glcd_menu.o
                0x000018f3                Chan1
 .progmem.data.Chan0
                0x000018f7        0x4 src/glcd_menu.o
                0x000018f7                Chan0
 .progmem.data.Misc_1
                0x000018fb        0x5 src/glcd_menu.o
                0x000018fb                Misc_1
 .progmem.data.Curve_5
                0x00001900       0x10 src/glcd_menu.o
                0x00001900                Curve_5
 .progmem.data.Curve_4
                0x00001910       0x10 src/glcd_menu.o
                0x00001910                Curve_4
 .progmem.data.Curve_3
                0x00001920       0x14 src/glcd_menu.o
                0x00001920                Curve_3
 .progmem.data.Curve_2
                0x00001934       0x14 src/glcd_menu.o
                0x00001934                Curve_2
 .progmem.data.Curve_1
                0x00001948       0x12 src/glcd_menu.o
                0x00001948                Curve_1
 .progmem.data.Curve_0
                0x0000195a       0x12 src/glcd_menu.o
                0x0000195a                Curve_0
 .progmem.data.Reference_1
                0x0000196c        0xb src/glcd_menu.o
                0x0000196c                Reference_1
 .progmem.data.Reference_0
                0x00001977        0xe src/glcd_menu.o
                0x00001977                Reference_0
 .progmem.data.Misc_Msg01
                0x00001985        0x5 src/glcd_menu.o
                0x00001985                Misc_Msg01
 .progmem.data.ERROR_MSG_0
                0x0000198a        0x6 src/glcd_menu.o
                0x0000198a                ERROR_MSG_0
 .progmem.data.ERROR_4
                0x00001990        0xa src/glcd_menu.o
                0x00001990                ERROR_4
 .progmem.data.ERROR_3
                0x0000199a        0xd src/glcd_menu.o
                0x0000199a                ERROR_3
 .progmem.data.ERROR_2
                0x000019a7        0xa src/glcd_menu.o
                0x000019a7                ERROR_2
 .progmem.data.ERROR_1
                0x000019b1        0xe src/glcd_menu.o
                0x000019b1                ERROR_1
 .progmem.data.ERROR_0
                0x000019bf        0x7 src/glcd_menu.o
                0x000019bf                ERROR_0
 .progmem.data.WARNING_1
                0x000019c6        0xd src/glcd_menu.o
                0x000019c6                WARNING_1
 .progmem.data.WARNING_0
                0x000019d3       0x1a src/glcd_menu.o
                0x000019d3                WARNING_0
 .progmem.data.PRESET_4
                0x000019ed        0x8 src/glcd_menu.o
                0x000019ed                PRESET_4
 .progmem.data.PRESET_3
                0x000019f5        0xa src/glcd_menu.o
                0x000019f5                PRESET_3
 .progmem.data.PRESET_2
                0x000019ff        0x7 src/glcd_menu.o
                0x000019ff                PRESET_2
 .progmem.data.PRESET_1
                0x00001a06        0x7 src/glcd_menu.o
                0x00001a06                PRESET_1
 .progmem.data.PRESET_0
                0x00001a0d        0x6 src/glcd_menu.o
                0x00001a0d                PRESET_0
 .progmem.data.VBAT39
                0x00001a13        0x5 src/glcd_menu.o
                0x00001a13                VBAT39
 .progmem.data.VBAT38
                0x00001a18        0x5 src/glcd_menu.o
                0x00001a18                VBAT38
 .progmem.data.VBAT37
                0x00001a1d        0x5 src/glcd_menu.o
                0x00001a1d                VBAT37
 .progmem.data.VBAT36
                0x00001a22        0x5 src/glcd_menu.o
                0x00001a22                VBAT36
 .progmem.data.VBAT35
                0x00001a27        0x5 src/glcd_menu.o
                0x00001a27                VBAT35
 .progmem.data.VBAT34
                0x00001a2c        0x5 src/glcd_menu.o
                0x00001a2c                VBAT34
 .progmem.data.VBAT33
                0x00001a31        0x5 src/glcd_menu.o
                0x00001a31                VBAT33
 .progmem.data.VBAT32
                0x00001a36        0x5 src/glcd_menu.o
                0x00001a36                VBAT32
 .progmem.data.Dummy0
                0x00001a3b        0x1 src/glcd_menu.o
                0x00001a3b                Dummy0
 .progmem.data.MPU6050LPF7
                0x00001a3c        0x6 src/glcd_menu.o
                0x00001a3c                MPU6050LPF7
 .progmem.data.MPU6050LPF6
                0x00001a42        0x6 src/glcd_menu.o
                0x00001a42                MPU6050LPF6
 .progmem.data.MPU6050LPF5
                0x00001a48        0x5 src/glcd_menu.o
                0x00001a48                MPU6050LPF5
 .progmem.data.MPU6050LPF4
                0x00001a4d        0x5 src/glcd_menu.o
                0x00001a4d                MPU6050LPF4
 .progmem.data.MPU6050LPF3
                0x00001a52        0x5 src/glcd_menu.o
                0x00001a52                MPU6050LPF3
 .progmem.data.MPU6050LPF2
                0x00001a57        0x5 src/glcd_menu.o
                0x00001a57                MPU6050LPF2
 .progmem.data.MPU6050LPF1
                0x00001a5c        0x4 src/glcd_menu.o
                0x00001a5c                MPU6050LPF1
 .progmem.data.GeneralText10
                0x00001a60        0xd src/glcd_menu.o
                0x00001a60                GeneralText10
 .progmem.data.Random12
                0x00001a6d        0x7 src/glcd_menu.o
                0x00001a6d                Random12
 .progmem.data.Random11
                0x00001a74        0x4 src/glcd_menu.o
                0x00001a74                Random11
 .progmem.data.Random10
                0x00001a78        0x5 src/glcd_menu.o
                0x00001a78                Random10
 .progmem.data.Random1
                0x00001a7d        0x5 src/glcd_menu.o
                0x00001a7d                Random1
 .progmem.data.Safety2
                0x00001a82        0x8 src/glcd_menu.o
                0x00001a82                Safety2
 .progmem.data.Safety1
                0x00001a8a        0x6 src/glcd_menu.o
                0x00001a8a                Safety1
 .progmem.data.GeneralText5
                0x00001a90        0x8 src/glcd_menu.o
                0x00001a90                GeneralText5
 .progmem.data.MixerItem16
                0x00001a98        0xa src/glcd_menu.o
                0x00001a98                MixerItem16
 .progmem.data.MixerItem15
                0x00001aa2        0x7 src/glcd_menu.o
                0x00001aa2                MixerItem15
 .progmem.data.MixerItem12
                0x00001aa9        0x9 src/glcd_menu.o
                0x00001aa9                MixerItem12
 .progmem.data.MixerItem11
                0x00001ab2        0x7 src/glcd_menu.o
                0x00001ab2                MixerItem11
 .progmem.data.Orientation24
                0x00001ab9        0xc src/glcd_menu.o
                0x00001ab9                Orientation24
 .progmem.data.Orientation23
                0x00001ac5        0x9 src/glcd_menu.o
                0x00001ac5                Orientation23
 .progmem.data.Orientation22
                0x00001ace        0xb src/glcd_menu.o
                0x00001ace                Orientation22
 .progmem.data.Orientation21
                0x00001ad9        0xb src/glcd_menu.o
                0x00001ad9                Orientation21
 .progmem.data.Orientation20
                0x00001ae4        0xa src/glcd_menu.o
                0x00001ae4                Orientation20
 .progmem.data.Orientation19
                0x00001aee        0x8 src/glcd_menu.o
                0x00001aee                Orientation19
 .progmem.data.Orientation18
                0x00001af6        0xb src/glcd_menu.o
                0x00001af6                Orientation18
 .progmem.data.Orientation17
                0x00001b01        0xa src/glcd_menu.o
                0x00001b01                Orientation17
 .progmem.data.Orientation16
                0x00001b0b        0xb src/glcd_menu.o
                0x00001b0b                Orientation16
 .progmem.data.Orientation15
                0x00001b16        0x9 src/glcd_menu.o
                0x00001b16                Orientation15
 .progmem.data.Orientation14
                0x00001b1f        0xc src/glcd_menu.o
                0x00001b1f                Orientation14
 .progmem.data.Orientation13
                0x00001b2b        0xb src/glcd_menu.o
                0x00001b2b                Orientation13
 .progmem.data.Orientation12
                0x00001b36        0xb src/glcd_menu.o
                0x00001b36                Orientation12
 .progmem.data.Orientation11
                0x00001b41        0xc src/glcd_menu.o
                0x00001b41                Orientation11
 .progmem.data.Orientation10
                0x00001b4d        0xc src/glcd_menu.o
                0x00001b4d                Orientation10
 .progmem.data.Orientation9
                0x00001b59        0xb src/glcd_menu.o
                0x00001b59                Orientation9
 .progmem.data.Orientation8
                0x00001b64        0xb src/glcd_menu.o
                0x00001b64                Orientation8
 .progmem.data.Orientation7
                0x00001b6f        0x8 src/glcd_menu.o
                0x00001b6f                Orientation7
 .progmem.data.Orientation6
                0x00001b77        0xa src/glcd_menu.o
                0x00001b77                Orientation6
 .progmem.data.Orientation5
                0x00001b81        0xa src/glcd_menu.o
                0x00001b81                Orientation5
 .progmem.data.Orientation4
                0x00001b8b        0xa src/glcd_menu.o
                0x00001b8b                Orientation4
 .progmem.data.Orientation3
                0x00001b95        0xa src/glcd_menu.o
                0x00001b95                Orientation3
 .progmem.data.Orientation2
                0x00001b9f        0x9 src/glcd_menu.o
                0x00001b9f                Orientation2
 .progmem.data.Orientation1
                0x00001ba8        0x9 src/glcd_menu.o
                0x00001ba8                Orientation1
 .progmem.data.MixerMenuItem7
                0x00001bb1        0x8 src/glcd_menu.o
                0x00001bb1                MixerMenuItem7
 .progmem.data.MixerMenuItem6
                0x00001bb9        0x9 src/glcd_menu.o
                0x00001bb9                MixerMenuItem6
 .progmem.data.MixerMenuItem5
                0x00001bc2        0x4 src/glcd_menu.o
                0x00001bc2                MixerMenuItem5
 .progmem.data.MixerMenuItem4
                0x00001bc6        0x9 src/glcd_menu.o
                0x00001bc6                MixerMenuItem4
 .progmem.data.MixerMenuItem3
                0x00001bcf        0x9 src/glcd_menu.o
                0x00001bcf                MixerMenuItem3
 .progmem.data.MixerMenuItem2
                0x00001bd8        0x8 src/glcd_menu.o
                0x00001bd8                MixerMenuItem2
 .progmem.data.MOUT8
                0x00001be0        0x5 src/glcd_menu.o
                0x00001be0                MOUT8
 .progmem.data.MOUT7
                0x00001be5        0x5 src/glcd_menu.o
                0x00001be5                MOUT7
 .progmem.data.MOUT6
                0x00001bea        0x5 src/glcd_menu.o
                0x00001bea                MOUT6
 .progmem.data.MOUT5
                0x00001bef        0x5 src/glcd_menu.o
                0x00001bef                MOUT5
 .progmem.data.MOUT4
                0x00001bf4        0x5 src/glcd_menu.o
                0x00001bf4                MOUT4
 .progmem.data.MOUT3
                0x00001bf9        0x5 src/glcd_menu.o
                0x00001bf9                MOUT3
 .progmem.data.MOUT2
                0x00001bfe        0x5 src/glcd_menu.o
                0x00001bfe                MOUT2
 .progmem.data.MOUT1
                0x00001c03        0x5 src/glcd_menu.o
                0x00001c03                MOUT1
 .progmem.data.Status5
                0x00001c08        0xb src/glcd_menu.o
                0x00001c08                Status5
 .progmem.data.Status4
                0x00001c13        0x8 src/glcd_menu.o
                0x00001c13                Status4
 .progmem.data.Status2
                0x00001c1b        0xc src/glcd_menu.o
                0x00001c1b                Status2
 .progmem.data.Status0
                0x00001c27        0x6 src/glcd_menu.o
                0x00001c27                Status0
 .progmem.data.WizardText2
                0x00001c2d        0x5 src/glcd_menu.o
                0x00001c2d                WizardText2
 .progmem.data.WizardText1
                0x00001c32        0xe src/glcd_menu.o
                0x00001c32                WizardText1
 .progmem.data.WizardText0
                0x00001c40        0xd src/glcd_menu.o
                0x00001c40                WizardText0
 .progmem.data.PText6
                0x00001c4d        0x9 src/glcd_menu.o
                0x00001c4d                PText6
 .progmem.data.PText5
                0x00001c56        0x9 src/glcd_menu.o
                0x00001c56                PText5
 .progmem.data.PText4
                0x00001c5f        0xc src/glcd_menu.o
                0x00001c5f                PText4
 .progmem.data.PText3
                0x00001c6b        0xe src/glcd_menu.o
                0x00001c6b                PText3
 .progmem.data.PText2
                0x00001c79        0xc src/glcd_menu.o
                0x00001c79                PText2
 .progmem.data.PText1
                0x00001c85        0x6 src/glcd_menu.o
                0x00001c85                PText1
 .progmem.data.PText0
                0x00001c8b        0xa src/glcd_menu.o
                0x00001c8b                PText0
 .progmem.data.ErrorText9
                0x00001c95        0x9 src/glcd_menu.o
                0x00001c95                ErrorText9
 .progmem.data.ErrorText8
                0x00001c9e        0x9 src/glcd_menu.o
                0x00001c9e                ErrorText8
 .progmem.data.Disarmed
                0x00001ca7        0x9 src/glcd_menu.o
                0x00001ca7                Disarmed
 .progmem.data.ErrorText10
                0x00001cb0        0x4 src/glcd_menu.o
                0x00001cb0                ErrorText10
 .progmem.data.Status3
                0x00001cb4        0x8 src/glcd_menu.o
                0x00001cb4                Status3
 .progmem.data.ErrorText7
                0x00001cbc        0x6 src/glcd_menu.o
                0x00001cbc                ErrorText7
 .progmem.data.ErrorText6
                0x00001cc2        0x5 src/glcd_menu.o
                0x00001cc2                ErrorText6
 .progmem.data.ErrorText5
                0x00001cc7        0x6 src/glcd_menu.o
                0x00001cc7                ErrorText5
 .progmem.data.ErrorText4
                0x00001ccd        0x7 src/glcd_menu.o
                0x00001ccd                ErrorText4
 .progmem.data.ErrorText3
                0x00001cd4        0x3 src/glcd_menu.o
                0x00001cd4                ErrorText3
 .progmem.data.ChannelRef12
                0x00001cd7        0x6 src/glcd_menu.o
                0x00001cd7                ChannelRef12
 .progmem.data.ChannelRef10
                0x00001cdd        0x7 src/glcd_menu.o
                0x00001cdd                ChannelRef10
 .progmem.data.ChannelRef8
                0x00001ce4        0x5 src/glcd_menu.o
                0x00001ce4                ChannelRef8
 .progmem.data.ChannelRef7
                0x00001ce9        0x5 src/glcd_menu.o
                0x00001ce9                ChannelRef7
 .progmem.data.ChannelRef6
                0x00001cee        0x5 src/glcd_menu.o
                0x00001cee                ChannelRef6
 .progmem.data.ChannelRef5
                0x00001cf3        0x5 src/glcd_menu.o
                0x00001cf3                ChannelRef5
 .progmem.data.ChannelRef4
                0x00001cf8        0x5 src/glcd_menu.o
                0x00001cf8                ChannelRef4
 .progmem.data.ChannelRef3
                0x00001cfd        0x7 src/glcd_menu.o
                0x00001cfd                ChannelRef3
 .progmem.data.ChannelRef2
                0x00001d04        0x9 src/glcd_menu.o
                0x00001d04                ChannelRef2
 .progmem.data.ChannelRef1
                0x00001d0d        0x8 src/glcd_menu.o
                0x00001d0d                ChannelRef1
 .progmem.data.ChannelRef0
                0x00001d15        0x9 src/glcd_menu.o
                0x00001d15                ChannelRef0
 .progmem.data.MixerItem62
                0x00001d1e        0x9 src/glcd_menu.o
                0x00001d1e                MixerItem62
 .progmem.data.MixerItem61
                0x00001d27        0x5 src/glcd_menu.o
                0x00001d27                MixerItem61
 .progmem.data.MixerItem60
                0x00001d2c        0x7 src/glcd_menu.o
                0x00001d2c                MixerItem60
 .progmem.data.MixerItem49
                0x00001d33        0x6 src/glcd_menu.o
                0x00001d33                MixerItem49
 .progmem.data.MixerItem41
                0x00001d39        0x8 src/glcd_menu.o
                0x00001d39                MixerItem41
 .progmem.data.MixerItem40
                0x00001d41        0x8 src/glcd_menu.o
                0x00001d41                MixerItem40
 .progmem.data.MixerItem420
                0x00001d49        0xa src/glcd_menu.o
                0x00001d49                MixerItem420
 .progmem.data.MixerItem800
                0x00001d53        0x7 src/glcd_menu.o
                0x00001d53                MixerItem800
 .progmem.data.MixerItem81
                0x00001d5a        0x9 src/glcd_menu.o
                0x00001d5a                MixerItem81
 .progmem.data.MixerItem80
                0x00001d63        0x8 src/glcd_menu.o
                0x00001d63                MixerItem80
 .progmem.data.MixerItemP730
                0x00001d6b        0x6 src/glcd_menu.o
                0x00001d6b                MixerItemP730
 .progmem.data.MixerItemP74
                0x00001d71        0x6 src/glcd_menu.o
                0x00001d71                MixerItemP74
 .progmem.data.MixerItemP73
                0x00001d77        0x6 src/glcd_menu.o
                0x00001d77                MixerItemP73
 .progmem.data.MixerItem72
                0x00001d7d        0x8 src/glcd_menu.o
                0x00001d7d                MixerItem72
 .progmem.data.MixerItem71
                0x00001d85        0xa src/glcd_menu.o
                0x00001d85                MixerItem71
 .progmem.data.MixerItem70
                0x00001d8f        0x9 src/glcd_menu.o
                0x00001d8f                MixerItem70
 .progmem.data.MixerItem31
                0x00001d98        0xd src/glcd_menu.o
                0x00001d98                MixerItem31
 .progmem.data.MixerItem21
                0x00001da5        0xd src/glcd_menu.o
                0x00001da5                MixerItem21
 .progmem.data.MixerItem30
                0x00001db2        0xb src/glcd_menu.o
                0x00001db2                MixerItem30
 .progmem.data.MixerItem29
                0x00001dbd        0xd src/glcd_menu.o
                0x00001dbd                MixerItem29
 .progmem.data.MixerItem2
                0x00001dca        0xb src/glcd_menu.o
                0x00001dca                MixerItem2
 .progmem.data.MixerItem0
                0x00001dd5        0xd src/glcd_menu.o
                0x00001dd5                MixerItem0
 .progmem.data.MixerItem43
                0x00001de2        0xe src/glcd_menu.o
                0x00001de2                MixerItem43
 .progmem.data.MixerItem42
                0x00001df0        0xe src/glcd_menu.o
                0x00001df0                MixerItem42
 .progmem.data.MixerItem28
                0x00001dfe        0xd src/glcd_menu.o
                0x00001dfe                MixerItem28
 .progmem.data.MixerItem3
                0x00001e0b        0xd src/glcd_menu.o
                0x00001e0b                MixerItem3
 .progmem.data.MixerItem700
                0x00001e18        0xb src/glcd_menu.o
                0x00001e18                MixerItem700
 .progmem.data.MixerItem27
                0x00001e23        0xc src/glcd_menu.o
                0x00001e23                MixerItem27
 .progmem.data.MixerItem7
                0x00001e2f        0xc src/glcd_menu.o
                0x00001e2f                MixerItem7
 .progmem.data.MixerItem26
                0x00001e3b        0xd src/glcd_menu.o
                0x00001e3b                MixerItem26
 .progmem.data.MixerItem6
                0x00001e48        0xd src/glcd_menu.o
                0x00001e48                MixerItem6
 .progmem.data.MixerItem25
                0x00001e55        0xf src/glcd_menu.o
                0x00001e55                MixerItem25
 .progmem.data.MixerItem5
                0x00001e64        0xf src/glcd_menu.o
                0x00001e64                MixerItem5
 .progmem.data.MixerItem24
                0x00001e73        0xe src/glcd_menu.o
                0x00001e73                MixerItem24
 .progmem.data.MixerItem4
                0x00001e81        0xe src/glcd_menu.o
                0x00001e81                MixerItem4
 .progmem.data.MixerItem56
                0x00001e8f       0x10 src/glcd_menu.o
                0x00001e8f                MixerItem56
 .progmem.data.MixerItem53
                0x00001e9f       0x10 src/glcd_menu.o
                0x00001e9f                MixerItem53
 .progmem.data.MixerItem55
                0x00001eaf       0x10 src/glcd_menu.o
                0x00001eaf                MixerItem55
 .progmem.data.MixerItem52
                0x00001ebf       0x10 src/glcd_menu.o
                0x00001ebf                MixerItem52
 .progmem.data.MixerItem54
                0x00001ecf       0x10 src/glcd_menu.o
                0x00001ecf                MixerItem54
 .progmem.data.MixerItem51
                0x00001edf       0x10 src/glcd_menu.o
                0x00001edf                MixerItem51
 .progmem.data.Mixeritem50
                0x00001eef        0xe src/glcd_menu.o
                0x00001eef                Mixeritem50
 .progmem.data.MixerItem33
                0x00001efd       0x10 src/glcd_menu.o
                0x00001efd                MixerItem33
 .progmem.data.MixerItem23
                0x00001f0d       0x10 src/glcd_menu.o
                0x00001f0d                MixerItem23
 .progmem.data.MixerItem1
                0x00001f1d        0x8 src/glcd_menu.o
                0x00001f1d                MixerItem1
 .progmem.data.P5text
                0x00001f25        0xa src/glcd_menu.o
                0x00001f25                P5text
 .progmem.data.P4text
                0x00001f2f        0xa src/glcd_menu.o
                0x00001f2f                P4text
 .progmem.data.P3text
                0x00001f39        0x3 src/glcd_menu.o
                0x00001f39                P3text
 .progmem.data.P2text
                0x00001f3c        0x5 src/glcd_menu.o
                0x00001f3c                P2text
 .progmem.data.P1text
                0x00001f41        0x3 src/glcd_menu.o
                0x00001f41                P1text
 .progmem.data.AdvancedDummy1
                0x00001f44        0x2 src/glcd_menu.o
                0x00001f44                AdvancedDummy1
 .progmem.data.AdvancedDummy0
                0x00001f46        0x2 src/glcd_menu.o
                0x00001f46                AdvancedDummy0
 .progmem.data.MixerMenuItem8
                0x00001f48        0xd src/glcd_menu.o
                0x00001f48                MixerMenuItem8
 .progmem.data.MixerMenuItem1
                0x00001f55        0xd src/glcd_menu.o
                0x00001f55                MixerMenuItem1
 .progmem.data.GeneralText21
                0x00001f62        0x8 src/glcd_menu.o
                0x00001f62                GeneralText21
 .progmem.data.GeneralText20
                0x00001f6a        0x8 src/glcd_menu.o
                0x00001f6a                GeneralText20
 .progmem.data.BattMenuItem2
                0x00001f72        0xd src/glcd_menu.o
                0x00001f72                BattMenuItem2
 .progmem.data.GeneralText7
                0x00001f7f        0xc src/glcd_menu.o
                0x00001f7f                GeneralText7
 .progmem.data.GeneralText16
                0x00001f8b        0xa src/glcd_menu.o
                0x00001f8b                GeneralText16
 .progmem.data.GeneralText6
                0x00001f95        0xa src/glcd_menu.o
                0x00001f95                GeneralText6
 .progmem.data.GeneralText3
                0x00001f9f        0xa src/glcd_menu.o
                0x00001f9f                GeneralText3
 .progmem.data.GeneralText2
                0x00001fa9        0xd src/glcd_menu.o
                0x00001fa9                GeneralText2
 .progmem.data.AutoMenuItem2
                0x00001fb6        0x8 src/glcd_menu.o
                0x00001fb6                AutoMenuItem2
 .progmem.data.Contrast
                0x00001fbe        0xa src/glcd_menu.o
                0x00001fbe                Contrast
 .progmem.data.GeneralText100
                0x00001fc8        0xd src/glcd_menu.o
                0x00001fc8                GeneralText100
 .progmem.data.MixerMenuItem0
                0x00001fd5        0xd src/glcd_menu.o
                0x00001fd5                MixerMenuItem0
 .progmem.data.RCMenuItem9
                0x00001fe2        0x7 src/glcd_menu.o
                0x00001fe2                RCMenuItem9
 .progmem.data.RCMenuItem8
                0x00001fe9        0xa src/glcd_menu.o
                0x00001fe9                RCMenuItem8
 .progmem.data.RCMenuItem7
                0x00001ff3        0x7 src/glcd_menu.o
                0x00001ff3                RCMenuItem7
 .progmem.data.RCMenuItem6
                0x00001ffa        0xc src/glcd_menu.o
                0x00001ffa                RCMenuItem6
 .progmem.data.RXMode6
                0x00002006        0xa src/glcd_menu.o
                0x00002006                RXMode6
 .progmem.data.RXMode5
                0x00002010        0xb src/glcd_menu.o
                0x00002010                RXMode5
 .progmem.data.RXMode4
                0x0000201b        0x7 src/glcd_menu.o
                0x0000201b                RXMode4
 .progmem.data.RXMode3
                0x00002022        0x9 src/glcd_menu.o
                0x00002022                RXMode3
 .progmem.data.RXMode2
                0x0000202b        0x6 src/glcd_menu.o
                0x0000202b                RXMode2
 .progmem.data.RXMode1
                0x00002031        0x4 src/glcd_menu.o
                0x00002031                RXMode1
 .progmem.data.RXMode0
                0x00002035        0x5 src/glcd_menu.o
                0x00002035                RXMode0
 .progmem.data.RCMenuItem300
                0x0000203a       0x10 src/glcd_menu.o
                0x0000203a                RCMenuItem300
 .progmem.data.TransitionIn
                0x0000204a       0x10 src/glcd_menu.o
                0x0000204a                TransitionIn
 .progmem.data.TransitionOut
                0x0000205a       0x11 src/glcd_menu.o
                0x0000205a                TransitionOut
 .progmem.data.RCMenuItem30
                0x0000206b       0x13 src/glcd_menu.o
                0x0000206b                RCMenuItem30
 .progmem.data.Transition_P2
                0x0000207e       0x11 src/glcd_menu.o
                0x0000207e                Transition_P2
 .progmem.data.Transition_P1n
                0x0000208f       0x10 src/glcd_menu.o
                0x0000208f                Transition_P1n
 .progmem.data.Transition_P1
                0x0000209f       0x10 src/glcd_menu.o
                0x0000209f                Transition_P1
 .progmem.data.Transition
                0x000020af        0xc src/glcd_menu.o
                0x000020af                Transition
 .progmem.data.RCMenuItem2
                0x000020bb        0xf src/glcd_menu.o
                0x000020bb                RCMenuItem2
 .progmem.data.RCMenuItem0
                0x000020ca        0xb src/glcd_menu.o
                0x000020ca                RCMenuItem0
 .progmem.data.RCMenuItem20
                0x000020d5        0xa src/glcd_menu.o
                0x000020d5                RCMenuItem20
 .progmem.data.RCMenuItem1
                0x000020df        0x9 src/glcd_menu.o
                0x000020df                RCMenuItem1
 .progmem.data.AutoMenuItem15
                0x000020e8        0x3 src/glcd_menu.o
                0x000020e8                AutoMenuItem15
 .progmem.data.AutoMenuItem11
                0x000020eb        0x4 src/glcd_menu.o
                0x000020eb                AutoMenuItem11
 .progmem.data.StabMenuItem132
                0x000020ef       0x10 src/glcd_menu.o
                0x000020ef                StabMenuItem132
 .progmem.data.StabMenuItem131
                0x000020ff        0xa src/glcd_menu.o
                0x000020ff                StabMenuItem131
 .progmem.data.StabMenuItem13
                0x00002109        0xa src/glcd_menu.o
                0x00002109                StabMenuItem13
 .progmem.data.StabMenuItem30
                0x00002113        0xa src/glcd_menu.o
                0x00002113                StabMenuItem30
 .progmem.data.StabMenuItem9
                0x0000211d        0xc src/glcd_menu.o
                0x0000211d                StabMenuItem9
 .progmem.data.StabMenuItem12
                0x00002129        0xd src/glcd_menu.o
                0x00002129                StabMenuItem12
 .progmem.data.StabMenuItem8
                0x00002136        0x7 src/glcd_menu.o
                0x00002136                StabMenuItem8
 .progmem.data.StabMenuItem7
                0x0000213d        0x7 src/glcd_menu.o
                0x0000213d                StabMenuItem7
 .progmem.data.AutoMenuItem8
                0x00002144        0xc src/glcd_menu.o
                0x00002144                AutoMenuItem8
 .progmem.data.AutoMenuItem21
                0x00002150       0x11 src/glcd_menu.o
                0x00002150                AutoMenuItem21
 .progmem.data.StabMenuItem6
                0x00002161        0xe src/glcd_menu.o
                0x00002161                StabMenuItem6
 .progmem.data.StabMenuItem11
                0x0000216f        0xf src/glcd_menu.o
                0x0000216f                StabMenuItem11
 .progmem.data.StabMenuItem5
                0x0000217e        0x9 src/glcd_menu.o
                0x0000217e                StabMenuItem5
 .progmem.data.AutoMenuItem4
                0x00002187        0x9 src/glcd_menu.o
                0x00002187                AutoMenuItem4
 .progmem.data.AutoMenuItem7
                0x00002190        0xb src/glcd_menu.o
                0x00002190                AutoMenuItem7
 .progmem.data.AutoMenuItem200
                0x0000219b        0xf src/glcd_menu.o
                0x0000219b                AutoMenuItem200
 .progmem.data.AutoMenuItem20
                0x000021aa       0x10 src/glcd_menu.o
                0x000021aa                AutoMenuItem20
 .progmem.data.StabMenuItem3
                0x000021ba        0xd src/glcd_menu.o
                0x000021ba                StabMenuItem3
 .progmem.data.StabMenuItem10
                0x000021c7        0xe src/glcd_menu.o
                0x000021c7                StabMenuItem10
 .progmem.data.StabMenuItem2
                0x000021d5        0x8 src/glcd_menu.o
                0x000021d5                StabMenuItem2
 .progmem.data.AutoMenuItem1
                0x000021dd        0x8 src/glcd_menu.o
                0x000021dd                AutoMenuItem1
 .progmem.data.SensorMenuItem2
                0x000021e5        0x5 src/glcd_menu.o
                0x000021e5                SensorMenuItem2
 .progmem.data.SensorMenuItem1
                0x000021ea        0x5 src/glcd_menu.o
                0x000021ea                SensorMenuItem1
 .progmem.data.PText20
                0x000021ef        0x4 src/glcd_menu.o
                0x000021ef                PText20
 .progmem.data.PText19
                0x000021f3        0x4 src/glcd_menu.o
                0x000021f3                PText19
 .progmem.data.PText18
                0x000021f7        0x4 src/glcd_menu.o
                0x000021f7                PText18
 .progmem.data.PText17
                0x000021fb        0x6 src/glcd_menu.o
                0x000021fb                PText17
 .progmem.data.PText16
                0x00002201        0x5 src/glcd_menu.o
                0x00002201                PText16
 .progmem.data.PText15
                0x00002206        0x5 src/glcd_menu.o
                0x00002206                PText15
 .progmem.data.MainMenuItem24
                0x0000220b        0xe src/glcd_menu.o
                0x0000220b                MainMenuItem24
 .progmem.data.MainMenuItem31
                0x00002219       0x13 src/glcd_menu.o
                0x00002219                MainMenuItem31
 .progmem.data.MainMenuItem32
                0x0000222c       0x15 src/glcd_menu.o
                0x0000222c                MainMenuItem32
 .progmem.data.MainMenuItem23
                0x00002241       0x19 src/glcd_menu.o
                0x00002241                MainMenuItem23
 .progmem.data.MainMenuItem22
                0x0000225a       0x19 src/glcd_menu.o
                0x0000225a                MainMenuItem22
 .progmem.data.MainMenuItem20
                0x00002273       0x14 src/glcd_menu.o
                0x00002273                MainMenuItem20
 .progmem.data.MainMenuItem18
                0x00002287        0xf src/glcd_menu.o
                0x00002287                MainMenuItem18
 .progmem.data.MainMenuItem17
                0x00002296        0xf src/glcd_menu.o
                0x00002296                MainMenuItem17
 .progmem.data.MainMenuItem16
                0x000022a5        0xf src/glcd_menu.o
                0x000022a5                MainMenuItem16
 .progmem.data.MainMenuItem15
                0x000022b4        0xf src/glcd_menu.o
                0x000022b4                MainMenuItem15
 .progmem.data.MainMenuItem14
                0x000022c3        0xf src/glcd_menu.o
                0x000022c3                MainMenuItem14
 .progmem.data.MainMenuItem13
                0x000022d2        0xf src/glcd_menu.o
                0x000022d2                MainMenuItem13
 .progmem.data.MainMenuItem12
                0x000022e1        0xf src/glcd_menu.o
                0x000022e1                MainMenuItem12
 .progmem.data.MainMenuItem11
                0x000022f0        0xf src/glcd_menu.o
                0x000022f0                MainMenuItem11
 .progmem.data.MainMenuItem25
                0x000022ff       0x13 src/glcd_menu.o
                0x000022ff                MainMenuItem25
 .progmem.data.MainMenuItem30
                0x00002312        0xa src/glcd_menu.o
                0x00002312                MainMenuItem30
 .progmem.data.MainMenuItem3
                0x0000231c       0x14 src/glcd_menu.o
                0x0000231c                MainMenuItem3
 .progmem.data.MainMenuItem2
                0x00002330       0x14 src/glcd_menu.o
                0x00002330                MainMenuItem2
 .progmem.data.MainMenuItem10
                0x00002344        0xf src/glcd_menu.o
                0x00002344                MainMenuItem10
 .progmem.data.MainMenuItem8
                0x00002353       0x16 src/glcd_menu.o
                0x00002353                MainMenuItem8
 .progmem.data.MainMenuItem7
                0x00002369       0x12 src/glcd_menu.o
                0x00002369                MainMenuItem7
 .progmem.data.MainMenuItem9
                0x0000237b       0x13 src/glcd_menu.o
                0x0000237b                MainMenuItem9
 .progmem.data.MainMenuItem1
                0x0000238e       0x12 src/glcd_menu.o
                0x0000238e                MainMenuItem1
 .progmem.data.MainMenuItem0
                0x000023a0        0xb src/glcd_menu.o
                0x000023a0                MainMenuItem0
 .progmem.data.MenuFrame9
                0x000023ab        0x6 src/glcd_menu.o
                0x000023ab                MenuFrame9
 .progmem.data.MenuFrame8
                0x000023b1        0x5 src/glcd_menu.o
                0x000023b1                MenuFrame8
 .progmem.data.MenuFrame7
                0x000023b6        0x5 src/glcd_menu.o
                0x000023b6                MenuFrame7
 .progmem.data.MenuFrame6
                0x000023bb        0x5 src/glcd_menu.o
                0x000023bb                MenuFrame6
 .progmem.data.MenuFrame5
                0x000023c0        0x5 src/glcd_menu.o
                0x000023c0                MenuFrame5
 .progmem.data.MenuFrame1
                0x000023c5        0x2 src/glcd_menu.o
                0x000023c5                MenuFrame1
 .progmem.data.MenuFrame4
                0x000023c7        0x2 src/glcd_menu.o
                0x000023c7                MenuFrame4
 .progmem.data.MenuFrame3
                0x000023c9        0x2 src/glcd_menu.o
                0x000023c9                MenuFrame3
 .progmem.data.MenuFrame2
                0x000023cb        0x2 src/glcd_menu.o
                0x000023cb                MenuFrame2
 .progmem.data.MenuFrame0
                0x000023cd        0x2 src/glcd_menu.o
                0x000023cd                MenuFrame0
 .progmem.data.StatusText9
                0x000023cf        0x8 src/glcd_menu.o
                0x000023cf                StatusText9
 .progmem.data.StatusText8
                0x000023d7        0x5 src/glcd_menu.o
                0x000023d7                StatusText8
 .progmem.data.StatusText7
                0x000023dc        0x9 src/glcd_menu.o
                0x000023dc                StatusText7
 .progmem.data.StatusText5
                0x000023e5        0x2 src/glcd_menu.o
                0x000023e5                StatusText5
 .progmem.data.StatusText4
                0x000023e7        0x2 src/glcd_menu.o
                0x000023e7                StatusText4
 .progmem.data.StatusText3
                0x000023e9        0x9 src/glcd_menu.o
                0x000023e9                StatusText3
 .progmem.data.StatusText1
                0x000023f2        0x6 src/glcd_menu.o
                0x000023f2                StatusText1
 .progmem.data.StatusText0
                0x000023f8        0xd src/glcd_menu.o
                0x000023f8                StatusText0
 .progmem.data.Gyro_Pol
                0x00002405       0x48 src/gyros.o
                0x00002405                Gyro_Pol
 .progmem.data.Gyro_RPY_Order
                0x0000244d       0x48 src/gyros.o
                0x0000244d                Gyro_RPY_Order
 .progmem.data.LPF_lookup_HS
                0x00002495       0x20 src/imu.o
                0x00002495                LPF_lookup_HS
 .progmem.data.LPF_lookup
                0x000024b5       0x20 src/imu.o
                0x000024b5                LPF_lookup
 .progmem.data.Ch_menu_ranges
                0x000024d5       0x28 src/menu_ch_order.o
                0x000024d5                Ch_menu_ranges
 .progmem.data.ChMenuOffsets
                0x000024fd       0x10 src/menu_ch_order.o
                0x000024fd                ChMenuOffsets
 .progmem.data.ChMenuText
                0x0000250d       0x10 src/menu_ch_order.o
                0x0000250d                ChMenuText
 .progmem.data.Curves_menu_ranges
                0x0000251d       0xf0 src/menu_curves.o
                0x0000251d                Curves_menu_ranges
 .progmem.data.CurvesMenuOffsets
                0x0000260d        0xc src/menu_curves.o
                0x0000260d                CurvesMenuOffsets
 .progmem.data.CurvesMenuText
                0x00002619        0xc src/menu_curves.o
                0x00002619                CurvesMenuText
 .progmem.data.lines
                0x00002625        0x4 src/menu_driver.o
                0x00002625                lines
 .progmem.data.flight_menu_ranges
                0x00002629       0x64 src/menu_flight.o
                0x00002629                flight_menu_ranges
 .progmem.data.FlightMenuOffsets
                0x0000268d       0x28 src/menu_flight.o
                0x0000268d                FlightMenuOffsets
 .progmem.data.FlightMenuText
                0x000026b5       0x28 src/menu_flight.o
                0x000026b5                FlightMenuText
 .progmem.data.mixer_menu_ranges
                0x000026dd       0x96 src/menu_mixer.o
                0x000026dd                mixer_menu_ranges
 .progmem.data.MixerMenuOffsets
                0x00002773       0x3c src/menu_mixer.o
                0x00002773                MixerMenuOffsets
 .progmem.data.MixerMenuTextM
                0x000027af       0x3c src/menu_mixer.o
                0x000027af                MixerMenuTextM
 .progmem.data.MixerMenuTextE
                0x000027eb       0x3c src/menu_mixer.o
                0x000027eb                MixerMenuTextE
 .progmem.data.Offsets_menu_ranges
                0x00002827      0x140 src/menu_offsets.o
                0x00002827                Offsets_menu_ranges
 .progmem.data.OffsetsMenuOffsets
                0x00002967       0x10 src/menu_offsets.o
                0x00002967                OffsetsMenuOffsets
 .progmem.data.OffsetsMenuText
                0x00002977       0x10 src/menu_offsets.o
                0x00002977                OffsetsMenuText
 .progmem.data.servo_menu_ranges
                0x00002987        0xf src/menu_servos.o
                0x00002987                servo_menu_ranges
 .progmem.data.ServoMenuOffsets
                0x00002996       0x30 src/menu_servos.o
                0x00002996                ServoMenuOffsets
 .progmem.data.ServoMenuText
                0x000029c6       0x30 src/menu_servos.o
                0x000029c6                ServoMenuText
 .progmem.data.P1_Orientation_LUT
                0x000029f6       0x18 src/menu_settings.o
                0x000029f6                P1_Orientation_LUT
 .progmem.data.rc_menu_ranges
                0x00002a0e       0x78 src/menu_settings.o
                0x00002a0e                rc_menu_ranges
 .progmem.data.RCMenuOffsets
                0x00002a86       0x30 src/menu_settings.o
                0x00002a86                RCMenuOffsets
 .progmem.data.RCMenuText
                0x00002ab6       0x30 src/menu_settings.o
                0x00002ab6                RCMenuText
 .progmem.data.SQRTSIN
                0x00002ae6       0x65 src/mixer.o
                0x00002ae6                SQRTSIN
 .progmem.data.SIN
                0x00002b4b       0x65 src/mixer.o
                0x00002b4b                SIN
                0x00002bb0                . = ALIGN (0x2)
 *(.jumptables)
 *(.jumptables*)
 *(.lowtext)
 *(.lowtext*)
                0x00002bb0                __ctors_start = .
 *(.ctors)
                0x00002bb0                __ctors_end = .
                0x00002bb0                __dtors_start = .
 *(.dtors)
                0x00002bb0                __dtors_end = .
 SORT(*)(.ctors)
 SORT(*)(.dtors)
 *(.init0)
 .init0         0x00002bb0        0x0 C:/Program Files (x86)/Atmel/Studio/7.0/Packs/atmel/ATmega_DFP/1.0.90/gcc/dev/atmega644pa/avr5/crtatmega644pa.o
                0x00002bb0                __init
 *(.init0)
 *(.init1)
 *(.init1)
 *(.init2)
 .init2         0x00002bb0        0xc C:/Program Files (x86)/Atmel/Studio/7.0/Packs/atmel/ATmega_DFP/1.0.90/gcc/dev/atmega644pa/avr5/crtatmega644pa.o
 *(.init2)
 *(.init3)
 .init3         0x00002bbc       0x18 src/init.o
                0x00002bbc                wdt_init
 *(.init3)
 *(.init4)
 .init4         0x00002bd4       0x16 c:/program files (x86)/atmel/studio/7.0/toolchain/avr8/avr8-gnu-toolchain/bin/../lib/gcc/avr/4.9.2/avr5\libgcc.a(_copy_data.o)
                0x00002bd4                __do_copy_data
 .init4         0x00002bea       0x10 c:/program files (x86)/atmel/studio/7.0/toolchain/avr8/avr8-gnu-toolchain/bin/../lib/gcc/avr/4.9.2/avr5\libgcc.a(_clear_bss.o)
                0x00002bea                __do_clear_bss
 *(.init4)
 *(.init5)
 *(.init5)
 *(.init6)
 *(.init6)
 *(.init7)
 *(.init7)
 *(.init8)
 *(.init8)
 *(.init9)
 .init9         0x00002bfa        0x8 C:/Program Files (x86)/Atmel/Studio/7.0/Packs/atmel/ATmega_DFP/1.0.90/gcc/dev/atmega644pa/avr5/crtatmega644pa.o
 *(.init9)
 *(.text)
 .text          0x00002c02        0x4 C:/Program Files (x86)/Atmel/Studio/7.0/Packs/atmel/ATmega_DFP/1.0.90/gcc/dev/atmega644pa/avr5/crtatmega644pa.o
                0x00002c02                __vector_22
                0x00002c02                __vector_28
                0x00002c02                __vector_24
                0x00002c02                __vector_12
                0x00002c02                __bad_interrupt
                0x00002c02                __vector_6
                0x00002c02                __vector_23
                0x00002c02                __vector_30
                0x00002c02                __vector_25
                0x00002c02                __vector_11
                0x00002c02                __vector_13
                0x00002c02                __vector_17
                0x00002c02                __vector_19
                0x00002c02                __vector_27
                0x00002c02                __vector_4
                0x00002c02                __vector_9
                0x00002c02                __vector_21
                0x00002c02                __vector_15
                0x00002c02                __vector_29
                0x00002c02                __vector_8
                0x00002c02                __vector_26
                0x00002c02                __vector_14
                0x00002c02                __vector_10
                0x00002c02                __vector_16
 .text          0x00002c06       0x40 src/misc_asm.o
                0x00002c06                glcd_delay
                0x00002c0a                glcd_delay_1us
                0x00002c14                bind_master
 .text          0x00002c46      0x308 src/servos_asm.o
                0x00002c46                output_servo_ppm_asm
                0x00002e5e                output_servo_ppm_asm3
                0x00002f4e                . = ALIGN (0x2)
 *(.text.*)
 .text.get_raw_accs
                0x00002f4e      0x10c src/acc.o
                0x00002f4e                get_raw_accs
 .text.ReadAcc  0x0000305a      0x3a2 src/acc.o
                0x0000305a                ReadAcc
 .text.CalibrateAcc
                0x000033fc      0x3a6 src/acc.o
                0x000033fc                CalibrateAcc
 .text.init_i2c_accs
                0x000037a2       0x14 src/acc.o
                0x000037a2                init_i2c_accs
 .text.Init_ADC
                0x000037b6        0xc src/adc.o
                0x000037b6                Init_ADC
 .text.read_adc
                0x000037c2       0x14 src/adc.o
                0x000037c2                read_adc
 .text.Display_balance
                0x000037d6      0x126 src/display_balance.o
                0x000037d6                Display_balance
 .text.Display_in_out
                0x000038fc      0x6ea src/display_io.o
                0x000038fc                Display_in_out
 .text.menu_log
                0x00003fe6       0xbc src/display_log.o
                0x00003fe6                menu_log
 .text.Display_rcinput
                0x000040a2      0x1fe src/display_rcinput.o
                0x000040a2                Display_rcinput
 .text.Display_sensors
                0x000042a0      0x322 src/display_sensors.o
                0x000042a0                Display_sensors
 .text.Display_status
                0x000045c2      0x40a src/display_status.o
                0x000045c2                Display_status
 .text.Display_sticks
                0x000049cc      0x268 src/display_wizard.o
                0x000049cc                Display_sticks
 .text.eeprom_write_byte_changed
                0x00004c34       0x38 src/eeprom.o
                0x00004c34                eeprom_write_byte_changed
 .text.eeprom_write_block_changes
                0x00004c6c       0x3a src/eeprom.o
                0x00004c6c                eeprom_write_block_changes
 .text.Save_Config_to_EEPROM
                0x00004ca6       0x16 src/eeprom.o
                0x00004ca6                Save_Config_to_EEPROM
 .text.Update_V1_0_to_V1_1
                0x00004cbc      0x5b8 src/eeprom.o
                0x00004cbc                Update_V1_0_to_V1_1
 .text.Update_V1_1_to_V1_2
                0x00005274       0x68 src/eeprom.o
                0x00005274                Update_V1_1_to_V1_2
 .text.Update_V1_2_to_V1_3B1
                0x000052dc       0xd0 src/eeprom.o
                0x000052dc                Update_V1_2_to_V1_3B1
 .text.Update_V1_3B1_to_V1_3B14
                0x000053ac       0x2a src/eeprom.o
                0x000053ac                Update_V1_3B1_to_V1_3B14
 .text.Update_V1_3B14_to_V1_3B15
                0x000053d6       0xe2 src/eeprom.o
                0x000053d6                Update_V1_3B14_to_V1_3B15
 .text.Update_V1_3B15_to_V1_3B17
                0x000054b8       0x44 src/eeprom.o
                0x000054b8                Update_V1_3B15_to_V1_3B17
 .text.Update_V1_3_to_V1_4B2
                0x000054fc       0xa2 src/eeprom.o
                0x000054fc                Update_V1_3_to_V1_4B2
 .text.Update_V1_4B2_to_V1_4B8
                0x0000559e       0x1e src/eeprom.o
                0x0000559e                Update_V1_4B2_to_V1_4B8
 .text.Load_eeprom_preset
                0x000055bc      0x590 src/eeprom.o
                0x000055bc                Load_eeprom_preset
 .text.Set_EEPROM_Default_Config
                0x00005b4c      0x190 src/eeprom.o
                0x00005b4c                Set_EEPROM_Default_Config
 .text.Initial_EEPROM_Config_Load
                0x00005cdc       0x6e src/eeprom.o
                0x00005cdc                Initial_EEPROM_Config_Load
 .text.startup.main
                0x00005d4a      0xf12 src/FC_main.o
                0x00005d4a                main
 .text.spiwrite
                0x00006c5c       0x3e src/glcd_driver.o
                0x00006c5c                spiwrite
 .text.st7565_command
                0x00006c9a        0x6 src/glcd_driver.o
                0x00006c9a                st7565_command
 .text.st7565_data
                0x00006ca0        0x6 src/glcd_driver.o
                0x00006ca0                st7565_data
 .text.st7565_set_brightness
                0x00006ca6       0x12 src/glcd_driver.o
                0x00006ca6                st7565_set_brightness
 .text.st7565_init
                0x00006cb8       0x3e src/glcd_driver.o
                0x00006cb8                st7565_init
 .text.write_buffer
                0x00006cf6       0x6a src/glcd_driver.o
                0x00006cf6                write_buffer
 .text.clear_buffer
                0x00006d60       0x12 src/glcd_driver.o
                0x00006d60                clear_buffer
 .text.clear_screen
                0x00006d72       0x3c src/glcd_driver.o
                0x00006d72                clear_screen
 .text.setpixel
                0x00006dae       0x70 src/glcd_driver.o
                0x00006dae                setpixel
 .text.drawline
                0x00006e1e       0xd4 src/glcd_driver.o
                0x00006e1e                drawline
 .text.fillrect
                0x00006ef2       0x68 src/glcd_driver.o
                0x00006ef2                fillrect
 .text.drawrect
                0x00006f5a       0x9e src/glcd_driver.o
                0x00006f5a                drawrect
 .text.fillcircle
                0x00006ff8      0x120 src/glcd_driver.o
                0x00006ff8                fillcircle
 .text.LCD_Display_Text
                0x00007118       0x12 src/glcd_menu.o
                0x00007118                LCD_Display_Text
 .text.gLCDprint_Menu_P
                0x0000712a        0x4 src/glcd_menu.o
                0x0000712a                gLCDprint_Menu_P
 .text.idle_screen
                0x0000712e       0xec src/glcd_menu.o
                0x0000712e                idle_screen
 .text.get_raw_gyros
                0x0000721a       0xfc src/gyros.o
                0x0000721a                get_raw_gyros
 .text.ReadGyros
                0x00007316      0x19a src/gyros.o
                0x00007316                ReadGyros
 .text.CalibrateGyrosFast
                0x000074b0      0x168 src/gyros.o
                0x000074b0                CalibrateGyrosFast
 .text.CalibrateGyrosSlow
                0x00007618      0x1be src/gyros.o
                0x00007618                CalibrateGyrosSlow
 .text.init_i2c_gyros
                0x000077d6       0x2e src/gyros.o
                0x000077d6                init_i2c_gyros
 .text.writeI2Cbyte
                0x00007804       0x2e src/i2c.o
                0x00007804                writeI2Cbyte
 .text.readI2CbyteArray
                0x00007832       0x86 src/i2c.o
                0x00007832                readI2CbyteArray
 .text.RotateVector
                0x000078b8      0x122 src/imu.o
                0x000078b8                RotateVector
 .text.thetascale
                0x000079da       0x78 src/imu.o
                0x000079da                thetascale
 .text.Rotate3dVector
                0x00007a52      0x1e2 src/imu.o
                0x00007a52                Rotate3dVector
 .text.ext2     0x00007c34       0x74 src/imu.o
                0x00007c34                ext2
 .text.ExtractEulerAngles
                0x00007ca8       0x4a src/imu.o
                0x00007ca8                ExtractEulerAngles
 .text.imu_update
                0x00007cf2      0x440 src/imu.o
                0x00007cf2                imu_update
 .text.reset_IMU
                0x00008132       0x92 src/imu.o
                0x00008132                reset_IMU
 .text.init     0x000081c4      0x446 src/init.o
                0x000081c4                init
 .text.__vector_18
                0x0000860a       0x2e src/isr.o
                0x0000860a                __vector_18
 .text.__vector_2
                0x00008638       0x84 src/isr.o
                0x00008638                __vector_2
 .text.__vector_1
                0x000086bc       0x86 src/isr.o
                0x000086bc                __vector_1
 .text.__vector_7
                0x00008742       0x86 src/isr.o
                0x00008742                __vector_7
 .text.__vector_5
                0x000087c8       0x86 src/isr.o
                0x000087c8                __vector_5
 .text.TIM16_ReadTCNT1
                0x0000884e       0x10 src/isr.o
                0x0000884e                TIM16_ReadTCNT1
 .text.__vector_3
                0x0000885e      0x19c src/isr.o
                0x0000885e                __vector_3
 .text.__vector_20
                0x000089fa      0x706 src/isr.o
                0x000089fa                __vector_20
 .text.Disable_RC_Interrupts
                0x00009100       0x26 src/isr.o
                0x00009100                Disable_RC_Interrupts
 .text.init_int
                0x00009126       0x7a src/isr.o
                0x00009126                init_int
 .text.menu_channel
                0x000091a0      0x126 src/menu_ch_order.o
                0x000091a0                menu_channel
 .text.menu_curves
                0x000092c6       0xe0 src/menu_curves.o
                0x000092c6                menu_curves
 .text.print_menu_frame
                0x000093a6      0x13a src/menu_driver.o
                0x000093a6                print_menu_frame
 .text.get_menu_range
                0x000094e0       0x60 src/menu_driver.o
                0x000094e0                get_menu_range
 .text.print_menu_text
                0x00009540       0x4e src/menu_driver.o
                0x00009540                print_menu_text
 .text.poll_buttons
                0x0000958e       0x6e src/menu_driver.o
                0x0000958e                poll_buttons
 .text.do_menu_item
                0x000095fc      0x3d2 src/menu_driver.o
                0x000095fc                do_menu_item
 .text.edit_curve_item
                0x000099ce      0x7d4 src/menu_driver.o
                0x000099ce                edit_curve_item
 .text.menu_beep
                0x0000a1a2       0x30 src/menu_driver.o
                0x0000a1a2                menu_beep
 .text.update_menu
                0x0000a1d2      0x18e src/menu_driver.o
                0x0000a1d2                update_menu
 .text.print_cursor
                0x0000a360       0x14 src/menu_driver.o
                0x0000a360                print_cursor
 .text.print_menu_items
                0x0000a374      0x168 src/menu_driver.o
                0x0000a374                print_menu_items
 .text.menu_flight
                0x0000a4dc      0x178 src/menu_flight.o
                0x0000a4dc                menu_flight
 .text.do_main_menu_item
                0x0000a654       0x80 src/menu_main.o
                0x0000a654                do_main_menu_item
 .text.Wait_BUTTON1
                0x0000a6d4       0x1a src/menu_main.o
                0x0000a6d4                Wait_BUTTON1
 .text.menu_main
                0x0000a6ee      0x112 src/menu_main.o
                0x0000a6ee                menu_main
 .text.Wait_BUTTON4
                0x0000a800       0x1a src/menu_main.o
                0x0000a800                Wait_BUTTON4
 .text.menu_mixer
                0x0000a81a      0x192 src/menu_mixer.o
                0x0000a81a                menu_mixer
 .text.menu_offsets
                0x0000a9ac       0xe0 src/menu_offsets.o
                0x0000a9ac                menu_offsets
 .text.menu_servo_setup
                0x0000aa8c      0x1fa src/menu_servos.o
                0x0000aa8c                menu_servo_setup
 .text.menu_rc_setup
                0x0000ac86      0x266 src/menu_settings.o
                0x0000ac86                menu_rc_setup
 .text.UpdateLimits
                0x0000aeec      0x394 src/mixer.o
                0x0000aeec                UpdateLimits
 .text.UpdateServos
                0x0000b280       0x3e src/mixer.o
                0x0000b280                UpdateServos
 .text.scale32  0x0000b2be       0x44 src/mixer.o
                0x0000b2be                scale32
 .text.scale_percent
                0x0000b302       0x2e src/mixer.o
                0x0000b302                scale_percent
 .text.Process_curve
                0x0000b330      0x344 src/mixer.o
                0x0000b330                Process_curve
 .text.ProcessMixer
                0x0000b674      0xd08 src/mixer.o
                0x0000b674                ProcessMixer
 .text.mugui_text_sizestring
                0x0000c37c       0xa4 src/mugui_text.o
                0x0000c37c                mugui_text_sizestring
 .text.pgm_mugui_scopy
                0x0000c420       0x2e src/mugui_text.o
                0x0000c420                pgm_mugui_scopy
 .text.mugui_lcd_putc
                0x0000c44e      0x178 src/mugui_text.o
                0x0000c44e                mugui_lcd_putc
 .text.pgm_mugui_lcd_puts
                0x0000c5c6       0x5c src/mugui_text.o
                0x0000c5c6                pgm_mugui_lcd_puts
 .text.mugui_lcd_puts
                0x0000c622       0x6a src/mugui_text.o
                0x0000c622                mugui_lcd_puts
 .text.Sensor_PID
                0x0000c68c      0x6e2 src/pid.o
                0x0000c68c                Sensor_PID
 .text.Calculate_PID
                0x0000cd6e      0x5b2 src/pid.o
                0x0000cd6e                Calculate_PID
 .text.RxGetChannels
                0x0000d320      0x12a src/rc.o
                0x0000d320                RxGetChannels
 .text.CenterSticks
                0x0000d44a       0xb6 src/rc.o
                0x0000d44a                CenterSticks
 .text.UpdateTransition
                0x0000d500       0x44 src/rc.o
                0x0000d500                UpdateTransition
 .text.UpdateChOrder
                0x0000d544       0x4a src/rc.o
                0x0000d544                UpdateChOrder
 .text.output_servo_ppm
                0x0000d58e      0x1aa src/servos.o
                0x0000d58e                output_servo_ppm
 .text.i2c_init
                0x0000d738        0xc src/twimastertimeout.o
                0x0000d738                i2c_init
 .text.i2c_start
                0x0000d744       0x7a src/twimastertimeout.o
                0x0000d744                i2c_start
 .text.i2c_start_wait
                0x0000d7be       0x7e src/twimastertimeout.o
                0x0000d7be                i2c_start_wait
 .text.i2c_rep_start
                0x0000d83c        0x4 src/twimastertimeout.o
                0x0000d83c                i2c_rep_start
 .text.i2c_stop
                0x0000d840       0x1e src/twimastertimeout.o
                0x0000d840                i2c_stop
 .text.i2c_write
                0x0000d85e       0x40 src/twimastertimeout.o
                0x0000d85e                i2c_write
 .text.i2c_readAck
                0x0000d89e       0x32 src/twimastertimeout.o
                0x0000d89e                i2c_readAck
 .text.i2c_readNak
                0x0000d8d0       0x32 src/twimastertimeout.o
                0x0000d8d0                i2c_readNak
 .text.init_uart
                0x0000d902       0xe0 src/uart.o
                0x0000d902                init_uart
 .text.CRC16    0x0000d9e2       0x22 src/uart.o
                0x0000d9e2                CRC16
 .text.GetVbat  0x0000da04       0x3e src/vbat.o
                0x0000da04                GetVbat
 .text.avr-libc.fplib
                0x0000da42        0xe c:/program files (x86)/atmel/studio/7.0/toolchain/avr8/avr8-gnu-toolchain/bin/../lib/gcc/avr/4.9.2/../../../../avr/lib/avr5\libm.a(addsf3.o)
                0x0000da42                __subsf3
                0x0000da44                __addsf3
 .text.avr-libc.fplib
                0x0000da50       0xcc c:/program files (x86)/atmel/studio/7.0/toolchain/avr8/avr8-gnu-toolchain/bin/../lib/gcc/avr/4.9.2/../../../../avr/lib/avr5\libm.a(addsf3x.o)
                0x0000da72                __addsf3x
 .text.avr-libc.fplib
                0x0000db1c        0xa c:/program files (x86)/atmel/studio/7.0/toolchain/avr8/avr8-gnu-toolchain/bin/../lib/gcc/avr/4.9.2/../../../../avr/lib/avr5\libm.a(cmpsf2.o)
                0x0000db1c                __nesf2
                0x0000db1c                __eqsf2
                0x0000db1c                __cmpsf2
                0x0000db1c                __ltsf2
                0x0000db1c                __lesf2
 .text.avr-libc.fplib
                0x0000db26        0x8 c:/program files (x86)/atmel/studio/7.0/toolchain/avr8/avr8-gnu-toolchain/bin/../lib/gcc/avr/4.9.2/../../../../avr/lib/avr5\libm.a(divsf3.o)
                0x0000db26                __divsf3
 .text.avr-libc.fplib
                0x0000db2e       0xdc c:/program files (x86)/atmel/studio/7.0/toolchain/avr8/avr8-gnu-toolchain/bin/../lib/gcc/avr/4.9.2/../../../../avr/lib/avr5\libm.a(divsf3x.o)
                0x0000db4e                __divsf3x
                0x0000db54                __divsf3_pse
 .text.avr-libc.fplib
                0x0000dc0a        0xe c:/program files (x86)/atmel/studio/7.0/toolchain/avr8/avr8-gnu-toolchain/bin/../lib/gcc/avr/4.9.2/../../../../avr/lib/avr5\libm.a(fixsfsi.o)
                0x0000dc0a                __fixsfsi
 .text.avr-libc.fplib
                0x0000dc18       0x5e c:/program files (x86)/atmel/studio/7.0/toolchain/avr8/avr8-gnu-toolchain/bin/../lib/gcc/avr/4.9.2/../../../../avr/lib/avr5\libm.a(fixunssfsi.o)
                0x0000dc18                __fixunssfsi
 .text.avr-libc.fplib
                0x0000dc76       0x7a c:/program files (x86)/atmel/studio/7.0/toolchain/avr8/avr8-gnu-toolchain/bin/../lib/gcc/avr/4.9.2/../../../../avr/lib/avr5\libm.a(floatsisf.o)
                0x0000dc76                __floatunsisf
                0x0000dc7a                __floatsisf
 .text.avr-libc.fplib
                0x0000dcf0       0x48 c:/program files (x86)/atmel/studio/7.0/toolchain/avr8/avr8-gnu-toolchain/bin/../lib/gcc/avr/4.9.2/../../../../avr/lib/avr5\libm.a(fp_cmp.o)
                0x0000dcf0                __fp_cmp
 .text.avr-libc.fplib
                0x0000dd38        0xc c:/program files (x86)/atmel/studio/7.0/toolchain/avr8/avr8-gnu-toolchain/bin/../lib/gcc/avr/4.9.2/../../../../avr/lib/avr5\libm.a(fp_inf.o)
                0x0000dd38                __fp_inf
 .text.avr-libc.fplib
                0x0000dd44        0x6 c:/program files (x86)/atmel/studio/7.0/toolchain/avr8/avr8-gnu-toolchain/bin/../lib/gcc/avr/4.9.2/../../../../avr/lib/avr5\libm.a(fp_nan.o)
                0x0000dd44                __fp_nan
 .text.avr-libc.fplib
                0x0000dd4a        0xe c:/program files (x86)/atmel/studio/7.0/toolchain/avr8/avr8-gnu-toolchain/bin/../lib/gcc/avr/4.9.2/../../../../avr/lib/avr5\libm.a(fp_pscA.o)
                0x0000dd4a                __fp_pscA
 .text.avr-libc.fplib
                0x0000dd58        0xe c:/program files (x86)/atmel/studio/7.0/toolchain/avr8/avr8-gnu-toolchain/bin/../lib/gcc/avr/4.9.2/../../../../avr/lib/avr5\libm.a(fp_pscB.o)
                0x0000dd58                __fp_pscB
 .text.avr-libc.fplib
                0x0000dd66       0x22 c:/program files (x86)/atmel/studio/7.0/toolchain/avr8/avr8-gnu-toolchain/bin/../lib/gcc/avr/4.9.2/../../../../avr/lib/avr5\libm.a(fp_round.o)
                0x0000dd66                __fp_round
 .text.avr-libc.fplib
                0x0000dd88       0x44 c:/program files (x86)/atmel/studio/7.0/toolchain/avr8/avr8-gnu-toolchain/bin/../lib/gcc/avr/4.9.2/../../../../avr/lib/avr5\libm.a(fp_split3.o)
                0x0000dd88                __fp_split3
                0x0000dd98                __fp_splitA
 .text.avr-libc.fplib
                0x0000ddcc        0xe c:/program files (x86)/atmel/studio/7.0/toolchain/avr8/avr8-gnu-toolchain/bin/../lib/gcc/avr/4.9.2/../../../../avr/lib/avr5\libm.a(fp_zero.o)
                0x0000ddcc                __fp_zero
                0x0000ddce                __fp_szero
 .text.avr-libc.fplib
                0x0000ddda        0xa c:/program files (x86)/atmel/studio/7.0/toolchain/avr8/avr8-gnu-toolchain/bin/../lib/gcc/avr/4.9.2/../../../../avr/lib/avr5\libm.a(gesf2.o)
                0x0000ddda                __gesf2
                0x0000ddda                __gtsf2
 .text.avr-libc.fplib
                0x0000dde4        0x8 c:/program files (x86)/atmel/studio/7.0/toolchain/avr8/avr8-gnu-toolchain/bin/../lib/gcc/avr/4.9.2/../../../../avr/lib/avr5\libm.a(mulsf3.o)
                0x0000dde4                __mulsf3
 .text.avr-libc.fplib
                0x0000ddec       0xd2 c:/program files (x86)/atmel/studio/7.0/toolchain/avr8/avr8-gnu-toolchain/bin/../lib/gcc/avr/4.9.2/../../../../avr/lib/avr5\libm.a(mulsf3x.o)
                0x0000de0a                __mulsf3x
                0x0000de10                __mulsf3_pse
 .text.libgcc.div
                0x0000debe       0x28 c:/program files (x86)/atmel/studio/7.0/toolchain/avr8/avr8-gnu-toolchain/bin/../lib/gcc/avr/4.9.2/avr5\libgcc.a(_udivmodhi4.o)
                0x0000debe                __udivmodhi4
 .text.libgcc.div
                0x0000dee6       0x28 c:/program files (x86)/atmel/studio/7.0/toolchain/avr8/avr8-gnu-toolchain/bin/../lib/gcc/avr/4.9.2/avr5\libgcc.a(_divmodhi4.o)
                0x0000dee6                _div
                0x0000dee6                __divmodhi4
 .text.libgcc.div
                0x0000df0e       0x2e c:/program files (x86)/atmel/studio/7.0/toolchain/avr8/avr8-gnu-toolchain/bin/../lib/gcc/avr/4.9.2/avr5\libgcc.a(_divmodsi4.o)
                0x0000df0e                __divmodsi4
 .text.libgcc.div
                0x0000df3c       0x10 c:/program files (x86)/atmel/studio/7.0/toolchain/avr8/avr8-gnu-toolchain/bin/../lib/gcc/avr/4.9.2/avr5\libgcc.a(_negsi2.o)
                0x0000df3c                __negsi2
 .text.libgcc   0x0000df4c        0xc c:/program files (x86)/atmel/studio/7.0/toolchain/avr8/avr8-gnu-toolchain/bin/../lib/gcc/avr/4.9.2/avr5\libgcc.a(_tablejump2.o)
                0x0000df4c                __tablejump2__
 .text.libgcc.mul
                0x0000df58       0x10 c:/program files (x86)/atmel/studio/7.0/toolchain/avr8/avr8-gnu-toolchain/bin/../lib/gcc/avr/4.9.2/avr5\libgcc.a(_mulhisi3.o)
                0x0000df58                __mulhisi3
 .text.libgcc.mul
                0x0000df68       0x1e c:/program files (x86)/atmel/studio/7.0/toolchain/avr8/avr8-gnu-toolchain/bin/../lib/gcc/avr/4.9.2/avr5\libgcc.a(_umulhisi3.o)
                0x0000df68                __umulhisi3
 .text.libgcc.mul
                0x0000df86        0xe c:/program files (x86)/atmel/studio/7.0/toolchain/avr8/avr8-gnu-toolchain/bin/../lib/gcc/avr/4.9.2/avr5\libgcc.a(_usmulhisi3.o)
                0x0000df86                __usmulhisi3
                0x0000df8a                __usmulhisi3_tail
 .text.libgcc.mul
                0x0000df94       0x16 c:/program files (x86)/atmel/studio/7.0/toolchain/avr8/avr8-gnu-toolchain/bin/../lib/gcc/avr/4.9.2/avr5\libgcc.a(_muluhisi3.o)
                0x0000df94                __muluhisi3
 .text.libgcc.mul
                0x0000dfaa       0x10 c:/program files (x86)/atmel/studio/7.0/toolchain/avr8/avr8-gnu-toolchain/bin/../lib/gcc/avr/4.9.2/avr5\libgcc.a(_mulshisi3.o)
                0x0000dfaa                __mulshisi3
                0x0000dfb0                __mulohisi3
 .text.libgcc.div
                0x0000dfba       0x44 c:/program files (x86)/atmel/studio/7.0/toolchain/avr8/avr8-gnu-toolchain/bin/../lib/gcc/avr/4.9.2/avr5\libgcc.a(_udivmodsi4.o)
                0x0000dfba                __udivmodsi4
 .text.avr-libc
                0x0000dffe       0x12 c:/program files (x86)/atmel/studio/7.0/toolchain/avr8/avr8-gnu-toolchain/bin/../lib/gcc/avr/4.9.2/../../../../avr/lib/avr5\libc.a(memcpy_P.o)
                0x0000dffe                memcpy_P
 .text.avr-libc
                0x0000e010       0x24 c:/program files (x86)/atmel/studio/7.0/toolchain/avr8/avr8-gnu-toolchain/bin/../lib/gcc/avr/4.9.2/../../../../avr/lib/avr5\libc.a(memmove.o)
                0x0000e010                memmove
 .text.avr-libc
                0x0000e034       0x16 c:/program files (x86)/atmel/studio/7.0/toolchain/avr8/avr8-gnu-toolchain/bin/../lib/gcc/avr/4.9.2/../../../../avr/lib/avr5\libc.a(itoa_ncheck.o)
                0x0000e034                __itoa_ncheck
 .text.avr-libc
                0x0000e04a       0x34 c:/program files (x86)/atmel/studio/7.0/toolchain/avr8/avr8-gnu-toolchain/bin/../lib/gcc/avr/4.9.2/../../../../avr/lib/avr5\libc.a(utoa_ncheck.o)
                0x0000e04a                __utoa_ncheck
                0x0000e04c                __utoa_common
 .text.avr-libc
                0x0000e07e       0x12 c:/program files (x86)/atmel/studio/7.0/toolchain/avr8/avr8-gnu-toolchain/bin/../lib/gcc/avr/4.9.2/../../../../avr/lib/avr5\libc.a(memcpy.o)
                0x0000e07e                memcpy
 .text.avr-libc
                0x0000e090       0x20 c:/program files (x86)/atmel/studio/7.0/toolchain/avr8/avr8-gnu-toolchain/bin/../lib/gcc/avr/4.9.2/../../../../avr/lib/avr5\libc.a(strrev.o)
                0x0000e090                strrev
 .text.avr-libc
                0x0000e0b0       0x20 C:/Program Files (x86)/Atmel/Studio/7.0/Packs/atmel/ATmega_DFP/1.0.90/gcc/dev/atmega644pa/avr5\libatmega644pa.a(eerd_block.o)
                0x0000e0b0                eeprom_read_block
                0x0000e0b4                eeprom_read_blraw
 .text.avr-libc
                0x0000e0d0       0x10 C:/Program Files (x86)/Atmel/Studio/7.0/Packs/atmel/ATmega_DFP/1.0.90/gcc/dev/atmega644pa/avr5\libatmega644pa.a(eerd_byte.o)
                0x0000e0d0                eeprom_read_byte
 .text.avr-libc
                0x0000e0e0       0x1c C:/Program Files (x86)/Atmel/Studio/7.0/Packs/atmel/ATmega_DFP/1.0.90/gcc/dev/atmega644pa/avr5\libatmega644pa.a(eewr_byte.o)
                0x0000e0e0                eeprom_write_byte
                0x0000e0e2                eeprom_write_r18
                0x0000e0fc                . = ALIGN (0x2)
 *(.fini9)
 .fini9         0x0000e0fc        0x0 c:/program files (x86)/atmel/studio/7.0/toolchain/avr8/avr8-gnu-toolchain/bin/../lib/gcc/avr/4.9.2/avr5\libgcc.a(_exit.o)
                0x0000e0fc                _exit
                0x0000e0fc                exit
 *(.fini9)
 *(.fini8)
 *(.fini8)
 *(.fini7)
 *(.fini7)
 *(.fini6)
 *(.fini6)
 *(.fini5)
 *(.fini5)
 *(.fini4)
 *(.fini4)
 *(.fini3)
 *(.fini3)
 *(.fini2)
 *(.fini2)
 *(.fini1)
 *(.fini1)
 *(.fini0)
 .fini0         0x0000e0fc        0x4 c:/program files (x86)/atmel/studio/7.0/toolchain/avr8/avr8-gnu-toolchain/bin/../lib/gcc/avr/4.9.2/avr5\libgcc.a(_exit.o)
 *(.fini0)
                0x0000e100                _etext = .

.data           0x00800100      0x426 load address 0x0000e100
                0x00800100                PROVIDE (__data_start, .)
 *(.data)
 *(.data*)
 .data.buffer   0x00800100      0x400 src/FC_main.o
                0x00800100                buffer
 .data.VectorZ  0x00800500        0x4 src/imu.o
                0x00800500                VectorZ
 .data.cursor   0x00800504        0x2 src/menu_driver.o
                0x00800504                cursor
 .data.main_cursor.2413
                0x00800506        0x2 src/menu_main.o
 .data.menu_flag
                0x00800508        0x1 src/menu_main.o
                0x00800508                menu_flag
 .data.main_top
                0x00800509        0x2 src/menu_main.o
                0x00800509                main_top
 *(.rodata)
 *(.rodata*)
 .rodata.str1.1
                0x0080050b        0x4 src/display_io.o
 .rodata.str1.1
                0x0080050f        0x4 src/display_status.o
 .rodata.CSWTCH.44
                0x0080050f        0x7 src/eeprom.o
 .rodata.CSWTCH.37
                0x00800516        0x5 src/eeprom.o
 .rodata.CSWTCH.36
                0x0080051b        0xa src/eeprom.o
 *(.gnu.linkonce.d*)
                0x00800526                . = ALIGN (0x2)
 *fill*         0x00800525        0x1 
                0x00800526                _edata = .
                0x00800526                PROVIDE (__data_end, .)

.bss            0x00800526      0x47f
                0x00800526                PROVIDE (__bss_start, .)
 *(.bss)
 *(.bss*)
 .bss.accVertf  0x00800526        0x4 src/acc.o
                0x00800526                accVertf
 .bss.RC_Timeout
                0x0080052a        0x2 src/FC_main.o
                0x0080052a                RC_Timeout
 .bss.Servo_TCNT2
                0x0080052c        0x1 src/FC_main.o
                0x0080052c                Servo_TCNT2
 .bss.LoopCount
                0x0080052d        0x1 src/FC_main.o
                0x0080052d                LoopCount
 .bss.Overdue   0x0080052e        0x1 src/FC_main.o
                0x0080052e                Overdue
 .bss.LoopStartTCNT1
                0x0080052f        0x2 src/FC_main.o
                0x0080052f                LoopStartTCNT1
 .bss.InterruptCount
                0x00800531        0x2 src/FC_main.o
                0x00800531                InterruptCount
 .bss.Alarm_flags
                0x00800533        0x1 src/FC_main.o
                0x00800533                Alarm_flags
 .bss.Flight_flags
                0x00800534        0x1 src/FC_main.o
                0x00800534                Flight_flags
 .bss.General_error
                0x00800535        0x1 src/FC_main.o
                0x00800535                General_error
 .bss.old_transition
                0x00800536        0x2 src/FC_main.o
                0x00800536                old_transition
 .bss.transition
                0x00800538        0x2 src/FC_main.o
                0x00800538                transition
 .bss.Old_transition_state
                0x0080053a        0x1 src/FC_main.o
                0x0080053a                Old_transition_state
 .bss.Transition_state
                0x0080053b        0x1 src/FC_main.o
                0x0080053b                Transition_state
 .bss.transition_counter
                0x0080053c        0x2 src/FC_main.o
                0x0080053c                transition_counter
 .bss.VectorY   0x0080053e        0x4 src/imu.o
                0x0080053e                VectorY
 .bss.VectorX   0x00800542        0x4 src/imu.o
                0x00800542                VectorX
 .bss.SystemVoltage
                0x00800546        0x2 src/init.o
                0x00800546                SystemVoltage
 .bss.button_count.2918
                0x00800548        0x1 src/menu_driver.o
 .bss.menu_temp
                0x00800549        0x2 src/menu_driver.o
                0x00800549                menu_temp
 .bss.old_menu.2415
                0x0080054b        0x1 src/menu_main.o
 .bss.main_temp.2414
                0x0080054c        0x2 src/menu_main.o
 .bss.sub_top   0x0080054e        0x2 src/menu_main.o
                0x0080054e                sub_top
 .bss.P2_curve_D
                0x00800550        0x2 src/mixer.o
                0x00800550                P2_curve_D
 .bss.P1_curve_D
                0x00800552        0x2 src/mixer.o
                0x00800552                P1_curve_D
 .bss.P2_curve_C
                0x00800554        0x2 src/mixer.o
                0x00800554                P2_curve_C
 .bss.P1_curve_C
                0x00800556        0x2 src/mixer.o
                0x00800556                P1_curve_C
 .bss.fsample   0x00800558        0x4 src/pid.o
                0x00800558                fsample
 .bss.HPF_I     0x0080055c        0x4 src/pid.o
                0x0080055c                HPF_I
 .bss.HPF_T     0x00800560        0x4 src/pid.o
                0x00800560                HPF_T
 .bss.HPF_V     0x00800564        0x4 src/pid.o
                0x00800564                HPF_V
 .bss.OldRxSum.2392
                0x00800568        0x2 src/rc.o
 *(COMMON)
 COMMON         0x0080056a       0x12 src/acc.o
                0x0080056a                accADC_P1
                0x00800570                accADC
                0x00800576                accADC_P2
 COMMON         0x0080057c       0x5f src/FC_main.o
                0x0080057c                sBuffer
                0x008005c2                pBuffer
 COMMON         0x008005db       0x1e src/gyros.o
                0x008005db                gyroADC
                0x008005e1                gyroADC_raw
                0x008005e7                gyroADC_P1
                0x008005ed                gyroADCalt
                0x008005f3                gyroADC_P2
 COMMON         0x008005f9       0x40 src/imu.o
                0x008005f9                VectorNewB
                0x008005fd                intervalf
                0x00800601                EulerAnglePitch
                0x00800605                AccAngleRoll
                0x00800609                AccAnglePitch
                0x0080060d                GyroPitchVC
                0x00800611                GyroRollVC
                0x00800615                GyroYawVC
                0x00800619                angle
                0x0080061d                VectorNewA
                0x00800621                accSmooth
                0x0080062d                EulerAngleRoll
                0x00800631                VectorA
                0x00800635                VectorB
 COMMON         0x00800639      0x2a4 src/init.o
                0x00800639                Config
 COMMON         0x008008dd       0x42 src/isr.o
                0x008008dd                rcindex
                0x008008de                RxChannel
                0x008008ee                Interrupted
                0x008008ef                max_chan
                0x008008f0                bytecount
                0x008008f1                TempRxChannel
                0x00800901                TMR0_counter
                0x00800903                RxChannelStart
                0x00800913                chanmask16
                0x00800915                packet_size
                0x00800916                ch_num
                0x00800917                PPMSyncStart
                0x00800919                JitterGate
                0x0080091a                JitterFlag
                0x0080091b                checksum
                0x0080091d                FrameRate
 COMMON         0x0080091f        0x2 src/menu_driver.o
                0x0080091f                button
                0x00800920                button_multiplier
 COMMON         0x00800921       0x60 src/pid.o
                0x00800921                IntegralGyro
                0x00800939                GyroDTerm
                0x00800945                IntegralAccVertf
                0x0080094d                gyroSmooth
                0x00800959                PID_Gyros
                0x00800965                PID_ACCs
                0x00800971                PID_AvgGyro
                0x0080097d                GyroAvgNoise
 COMMON         0x00800981       0x14 src/rc.o
                0x00800981                MonopolarThrottle
                0x00800983                RCinputs
 COMMON         0x00800995       0x10 src/servos.o
                0x00800995                ServoOut
                0x008009a5                PROVIDE (__bss_end, .)
                0x0000e100                __data_load_start = LOADADDR (.data)
                0x0000e526                __data_load_end = (__data_load_start + SIZEOF (.data))

.noinit         0x008009a5        0x0
                0x008009a5                PROVIDE (__noinit_start, .)
 *(.noinit*)
                0x008009a5                PROVIDE (__noinit_end, .)
                0x008009a5                _end = .
                0x008009a5                PROVIDE (__heap_start, .)

.eeprom         0x00810000        0x0
 *(.eeprom*)
                0x00810000                __eeprom_end = .

.fuse
 *(.fuse)
 *(.lfuse)
 *(.hfuse)
 *(.efuse)

.lock
 *(.lock*)

.signature
 *(.signature*)

.user_signatures
 *(.user_signatures*)

.stab
 *(.stab)

.stabstr
 *(.stabstr)

.stab.excl
 *(.stab.excl)

.stab.exclstr
 *(.stab.exclstr)

.stab.index
 *(.stab.index)

.stab.indexstr
 *(.stab.indexstr)

.comment        0x00000000       0x30
 *(.comment)
 .comment       0x00000000       0x30 src/acc.o
                                 0x31 (size before relaxing)
 .comment       0x00000030       0x31 src/adc.o
 .comment       0x00000030       0x31 src/display_balance.o
 .comment       0x00000030       0x31 src/display_io.o
 .comment       0x00000030       0x31 src/display_log.o
 .comment       0x00000030       0x31 src/display_rcinput.o
 .comment       0x00000030       0x31 src/display_sensors.o
 .comment       0x00000030       0x31 src/display_status.o
 .comment       0x00000030       0x31 src/display_wizard.o
 .comment       0x00000030       0x31 src/eeprom.o
 .comment       0x00000030       0x31 src/FC_main.o
 .comment       0x00000030       0x31 src/glcd_driver.o
 .comment       0x00000030       0x31 src/glcd_menu.o
 .comment       0x00000030       0x31 src/gyros.o
 .comment       0x00000030       0x31 src/i2c.o
 .comment       0x00000030       0x31 src/imu.o
 .comment       0x00000030       0x31 src/init.o
 .comment       0x00000030       0x31 src/isr.o
 .comment       0x00000030       0x31 src/menu_ch_order.o
 .comment       0x00000030       0x31 src/menu_curves.o
 .comment       0x00000030       0x31 src/menu_driver.o
 .comment       0x00000030       0x31 src/menu_flight.o
 .comment       0x00000030       0x31 src/menu_main.o
 .comment       0x00000030       0x31 src/menu_mixer.o
 .comment       0x00000030       0x31 src/menu_offsets.o
 .comment       0x00000030       0x31 src/menu_servos.o
 .comment       0x00000030       0x31 src/menu_settings.o
 .comment       0x00000030       0x31 src/mixer.o
 .comment       0x00000030       0x31 src/mugui_text.o
 .comment       0x00000030       0x31 src/pid.o
 .comment       0x00000030       0x31 src/rc.o
 .comment       0x00000030       0x31 src/servos.o
 .comment       0x00000030       0x31 src/twimastertimeout.o
 .comment       0x00000030       0x31 src/uart.o
 .comment       0x00000030       0x31 src/vbat.o

.note.gnu.avr.deviceinfo
                0x00000000       0x40
 .note.gnu.avr.deviceinfo
                0x00000000       0x40 C:/Program Files (x86)/Atmel/Studio/7.0/Packs/atmel/ATmega_DFP/1.0.90/gcc/dev/atmega644pa/avr5/crtatmega644pa.o
