Archive member included because of file (symbol)

c:/program files (x86)/atmel/atmel toolchain/avr8 gcc/native/3.4.1061/avr8-gnu-toolchain/bin/../lib/gcc/avr/4.8.1/../../../../avr/lib/avr5\libm.a(addsf3.o)
                              src/imu.o (__subsf3)
c:/program files (x86)/atmel/atmel toolchain/avr8 gcc/native/3.4.1061/avr8-gnu-toolchain/bin/../lib/gcc/avr/4.8.1/../../../../avr/lib/avr5\libm.a(addsf3x.o)
                              c:/program files (x86)/atmel/atmel toolchain/avr8 gcc/native/3.4.1061/avr8-gnu-toolchain/bin/../lib/gcc/avr/4.8.1/../../../../avr/lib/avr5\libm.a(addsf3.o) (__addsf3x)
c:/program files (x86)/atmel/atmel toolchain/avr8 gcc/native/3.4.1061/avr8-gnu-toolchain/bin/../lib/gcc/avr/4.8.1/../../../../avr/lib/avr5\libm.a(cmpsf2.o)
                              src/imu.o (__ltsf2)
c:/program files (x86)/atmel/atmel toolchain/avr8 gcc/native/3.4.1061/avr8-gnu-toolchain/bin/../lib/gcc/avr/4.8.1/../../../../avr/lib/avr5\libm.a(divsf3.o)
                              src/gyros.o (__divsf3)
c:/program files (x86)/atmel/atmel toolchain/avr8 gcc/native/3.4.1061/avr8-gnu-toolchain/bin/../lib/gcc/avr/4.8.1/../../../../avr/lib/avr5\libm.a(divsf3x.o)
                              c:/program files (x86)/atmel/atmel toolchain/avr8 gcc/native/3.4.1061/avr8-gnu-toolchain/bin/../lib/gcc/avr/4.8.1/../../../../avr/lib/avr5\libm.a(divsf3.o) (__divsf3x)
c:/program files (x86)/atmel/atmel toolchain/avr8 gcc/native/3.4.1061/avr8-gnu-toolchain/bin/../lib/gcc/avr/4.8.1/../../../../avr/lib/avr5\libm.a(fixsfsi.o)
                              src/acc.o (__fixsfsi)
c:/program files (x86)/atmel/atmel toolchain/avr8 gcc/native/3.4.1061/avr8-gnu-toolchain/bin/../lib/gcc/avr/4.8.1/../../../../avr/lib/avr5\libm.a(fixunssfsi.o)
                              c:/program files (x86)/atmel/atmel toolchain/avr8 gcc/native/3.4.1061/avr8-gnu-toolchain/bin/../lib/gcc/avr/4.8.1/../../../../avr/lib/avr5\libm.a(fixsfsi.o) (__fixunssfsi)
c:/program files (x86)/atmel/atmel toolchain/avr8 gcc/native/3.4.1061/avr8-gnu-toolchain/bin/../lib/gcc/avr/4.8.1/../../../../avr/lib/avr5\libm.a(floatsisf.o)
                              src/imu.o (__floatunsisf)
c:/program files (x86)/atmel/atmel toolchain/avr8 gcc/native/3.4.1061/avr8-gnu-toolchain/bin/../lib/gcc/avr/4.8.1/../../../../avr/lib/avr5\libm.a(fp_cmp.o)
                              c:/program files (x86)/atmel/atmel toolchain/avr8 gcc/native/3.4.1061/avr8-gnu-toolchain/bin/../lib/gcc/avr/4.8.1/../../../../avr/lib/avr5\libm.a(cmpsf2.o) (__fp_cmp)
c:/program files (x86)/atmel/atmel toolchain/avr8 gcc/native/3.4.1061/avr8-gnu-toolchain/bin/../lib/gcc/avr/4.8.1/../../../../avr/lib/avr5\libm.a(fp_inf.o)
                              c:/program files (x86)/atmel/atmel toolchain/avr8 gcc/native/3.4.1061/avr8-gnu-toolchain/bin/../lib/gcc/avr/4.8.1/../../../../avr/lib/avr5\libm.a(addsf3x.o) (__fp_inf)
c:/program files (x86)/atmel/atmel toolchain/avr8 gcc/native/3.4.1061/avr8-gnu-toolchain/bin/../lib/gcc/avr/4.8.1/../../../../avr/lib/avr5\libm.a(fp_nan.o)
                              c:/program files (x86)/atmel/atmel toolchain/avr8 gcc/native/3.4.1061/avr8-gnu-toolchain/bin/../lib/gcc/avr/4.8.1/../../../../avr/lib/avr5\libm.a(addsf3x.o) (__fp_nan)
c:/program files (x86)/atmel/atmel toolchain/avr8 gcc/native/3.4.1061/avr8-gnu-toolchain/bin/../lib/gcc/avr/4.8.1/../../../../avr/lib/avr5\libm.a(fp_pscA.o)
                              c:/program files (x86)/atmel/atmel toolchain/avr8 gcc/native/3.4.1061/avr8-gnu-toolchain/bin/../lib/gcc/avr/4.8.1/../../../../avr/lib/avr5\libm.a(addsf3x.o) (__fp_pscA)
c:/program files (x86)/atmel/atmel toolchain/avr8 gcc/native/3.4.1061/avr8-gnu-toolchain/bin/../lib/gcc/avr/4.8.1/../../../../avr/lib/avr5\libm.a(fp_pscB.o)
                              c:/program files (x86)/atmel/atmel toolchain/avr8 gcc/native/3.4.1061/avr8-gnu-toolchain/bin/../lib/gcc/avr/4.8.1/../../../../avr/lib/avr5\libm.a(addsf3x.o) (__fp_pscB)
c:/program files (x86)/atmel/atmel toolchain/avr8 gcc/native/3.4.1061/avr8-gnu-toolchain/bin/../lib/gcc/avr/4.8.1/../../../../avr/lib/avr5\libm.a(fp_round.o)
                              c:/program files (x86)/atmel/atmel toolchain/avr8 gcc/native/3.4.1061/avr8-gnu-toolchain/bin/../lib/gcc/avr/4.8.1/../../../../avr/lib/avr5\libm.a(addsf3.o) (__fp_round)
c:/program files (x86)/atmel/atmel toolchain/avr8 gcc/native/3.4.1061/avr8-gnu-toolchain/bin/../lib/gcc/avr/4.8.1/../../../../avr/lib/avr5\libm.a(fp_split3.o)
                              c:/program files (x86)/atmel/atmel toolchain/avr8 gcc/native/3.4.1061/avr8-gnu-toolchain/bin/../lib/gcc/avr/4.8.1/../../../../avr/lib/avr5\libm.a(addsf3x.o) (__fp_split3)
c:/program files (x86)/atmel/atmel toolchain/avr8 gcc/native/3.4.1061/avr8-gnu-toolchain/bin/../lib/gcc/avr/4.8.1/../../../../avr/lib/avr5\libm.a(fp_zero.o)
[...]
Memory Configuration

Name             Origin             Length             Attributes
text             0x00000000         0x00020000         xr
data             0x00800060         0x0000ffa0         rw !x
eeprom           0x00810000         0x00010000         rw !x
fuse             0x00820000         0x00000400         rw !x
lock             0x00830000         0x00000400         rw !x
signature        0x00840000         0x00000400         rw !x
user_signatures  0x00850000         0x00000400         rw !x
*default*        0x00000000         0xffffffff

Linker script and memory map

Address of section .data set to 0x800100
LOAD c:/program files (x86)/atmel/atmel toolchain/avr8 gcc/native/3.4.1061/avr8-gnu-toolchain/bin/../lib/gcc/avr/4.8.1/../../../../avr/lib/avr5/crtm644pa.o
LOAD src/acc.o
LOAD src/adc.o
LOAD src/display_balance.o
LOAD src/display_rcinput.o
LOAD src/display_sensors.o
LOAD src/display_status.o
LOAD src/display_wizard.o
LOAD src/eeprom.o
LOAD src/FC_main.o
LOAD src/glcd_driver.o
LOAD src/glcd_menu.o
LOAD src/gyros.o
LOAD src/i2c.o
LOAD src/imu.o
LOAD src/init.o
LOAD src/isr.o
LOAD src/menu_driver.o
LOAD src/menu_flight.o
LOAD src/menu_main.o
LOAD src/menu_mixer.o
LOAD src/menu_servos.o
LOAD src/menu_settings.o
LOAD src/misc_asm.o
LOAD src/mixer.o
LOAD src/mugui_text.o
LOAD src/pid.o
LOAD src/rc.o
LOAD src/servos.o
LOAD src/servos_asm.o
LOAD src/twimastertimeout.o
LOAD src/uart.o
LOAD src/vbat.o
START GROUP
LOAD c:/program files (x86)/atmel/atmel toolchain/avr8 gcc/native/3.4.1061/avr8-gnu-toolchain/bin/../lib/gcc/avr/4.8.1/../../../../avr/lib/avr5\libm.a
END GROUP
START GROUP
LOAD c:/program files (x86)/atmel/atmel toolchain/avr8 gcc/native/3.4.1061/avr8-gnu-toolchain/bin/../lib/gcc/avr/4.8.1/avr5\libgcc.a
LOAD c:/program files (x86)/atmel/atmel toolchain/avr8 gcc/native/3.4.1061/avr8-gnu-toolchain/bin/../lib/gcc/avr/4.8.1/../../../../avr/lib/avr5\libm.a
LOAD c:/program files (x86)/atmel/atmel toolchain/avr8 gcc/native/3.4.1061/avr8-gnu-toolchain/bin/../lib/gcc/avr/4.8.1/../../../../avr/lib/avr5\libc.a
END GROUP

.hash
 *(.hash)

.dynsym
 *(.dynsym)

.dynstr
 *(.dynstr)

.gnu.version
 *(.gnu.version)

.gnu.version_d
 *(.gnu.version_d)

.gnu.version_r
 *(.gnu.version_r)

.rel.init
 *(.rel.init)

.rela.init
 *(.rela.init)

.rel.text
 *(.rel.text)
 *(.rel.text.*)
 *(.rel.gnu.linkonce.t*)

.rela.text
 *(.rela.text)
 *(.rela.text.*)
 *(.rela.gnu.linkonce.t*)

.rel.fini
 *(.rel.fini)

.rela.fini
 *(.rela.fini)

.rel.rodata
 *(.rel.rodata)
 *(.rel.rodata.*)
 *(.rel.gnu.linkonce.r*)

.rela.rodata
 *(.rela.rodata)
 *(.rela.rodata.*)
 *(.rela.gnu.linkonce.r*)

.rel.data
 *(.rel.data)
 *(.rel.data.*)
 *(.rel.gnu.linkonce.d*)

.rela.data
 *(.rela.data)
 *(.rela.data.*)
 *(.rela.gnu.linkonce.d*)

.rel.ctors
 *(.rel.ctors)

.rela.ctors
 *(.rela.ctors)

.rel.dtors
 *(.rel.dtors)

.rela.dtors
 *(.rela.dtors)

.rel.got
 *(.rel.got)

.rela.got
 *(.rela.got)

.rel.bss
 *(.rel.bss)

.rela.bss
 *(.rela.bss)

.rel.plt
 *(.rel.plt)

.rela.plt
 *(.rela.plt)

.text           0x00000000     0x94d8
 *(.vectors)
 .vectors       0x00000000       0x7c c:/program files (x86)/atmel/atmel toolchain/avr8 gcc/native/3.4.1061/avr8-gnu-toolchain/bin/../lib/gcc/avr/4.8.1/../../../../avr/lib/avr5/crtm644pa.o
                0x00000000                __vector_default
                0x00000000                __vectors
 *(.vectors)
 *(.progmem.gcc*)
 .progmem.gcc_sw_table.main
                0x0000007c       0x16 src/FC_main.o
 .progmem.gcc_sw_table.do_main_menu_item
                0x00000092       0x26 src/menu_main.o
 .progmem.gcc_sw_table.UpdateLimits
                0x000000b8       0x12 src/mixer.o
                0x000000ca                . = ALIGN (0x2)
                0x000000ca                __trampolines_start = .
 *(.trampolines)
 .trampolines   0x000000ca        0x0 linker stubs
 *(.trampolines*)
                0x000000ca                __trampolines_end = .
 *(.progmem*)
 .progmem.data.Acc_Pol
                0x000000ca       0x12 src/acc.o
                0x000000ca                Acc_Pol
 .progmem.data.ACC_RPY_Order
                0x000000dc       0x12 src/acc.o
                0x000000dc                ACC_RPY_Order
 .progmem.data.FUTABA
                0x000000ee        0x8 src/eeprom.o
                0x000000ee                FUTABA
 .progmem.data.JR
                0x000000f6        0x8 src/eeprom.o
                0x000000f6                JR
 .progmem.data.Trans_Matrix
                0x000000fe        0x9 src/FC_main.o
                0x000000fe                Trans_Matrix
 .progmem.data.Wingdings
                0x00000107       0x6a src/FC_main.o
                0x00000107                Wingdings
 .progmem.data.Verdana14
                0x00000171      0x8ae src/FC_main.o
                0x00000171                Verdana14
 .progmem.data.Verdana8
                0x00000a1f      0x3d1 src/FC_main.o
                0x00000a1f                Verdana8
 .progmem.data.lcd_commmands
                0x00000df0        0xe src/glcd_driver.o
                0x00000df0                lcd_commmands
 .progmem.data.pagemap
                0x00000dfe        0x8 src/glcd_driver.o
                0x00000dfe                pagemap
 .progmem.data.text_menu
                0x00000e06      0x226 src/glcd_menu.o
                0x00000e06                text_menu
 .progmem.data.PRESET_2
                0x0000102c        0x7 src/glcd_menu.o
                0x0000102c                PRESET_2
 .progmem.data.PRESET_1
                0x00001033        0x7 src/glcd_menu.o
                0x00001033                PRESET_1
 .progmem.data.VBAT39
                0x0000103a        0x5 src/glcd_menu.o
                0x0000103a                VBAT39
 .progmem.data.VBAT38
                0x0000103f        0x5 src/glcd_menu.o
                0x0000103f                VBAT38
 .progmem.data.VBAT37
                0x00001044        0x5 src/glcd_menu.o
                0x00001044                VBAT37
 .progmem.data.VBAT36
                0x00001049        0x5 src/glcd_menu.o
                0x00001049                VBAT36
 .progmem.data.VBAT35
                0x0000104e        0x5 src/glcd_menu.o
                0x0000104e                VBAT35
 .progmem.data.VBAT34
                0x00001053        0x5 src/glcd_menu.o
                0x00001053                VBAT34
 .progmem.data.VBAT33
                0x00001058        0x5 src/glcd_menu.o
                0x00001058                VBAT33
 .progmem.data.VBAT32
                0x0000105d        0x5 src/glcd_menu.o
                0x0000105d                VBAT32
 .progmem.data.Dummy0
                0x00001062        0x1 src/glcd_menu.o
                0x00001062                Dummy0
 .progmem.data.MPU6050LPF7
                0x00001063        0x6 src/glcd_menu.o
                0x00001063                MPU6050LPF7
 .progmem.data.MPU6050LPF6
                0x00001069        0x6 src/glcd_menu.o
                0x00001069                MPU6050LPF6
 .progmem.data.MPU6050LPF5
                0x0000106f        0x5 src/glcd_menu.o
                0x0000106f                MPU6050LPF5
 .progmem.data.MPU6050LPF4
                0x00001074        0x5 src/glcd_menu.o
                0x00001074                MPU6050LPF4
 .progmem.data.MPU6050LPF3
                0x00001079        0x5 src/glcd_menu.o
                0x00001079                MPU6050LPF3
 .progmem.data.MPU6050LPF2
                0x0000107e        0x5 src/glcd_menu.o
                0x0000107e                MPU6050LPF2
 .progmem.data.MPU6050LPF1
                0x00001083        0x4 src/glcd_menu.o
                0x00001083                MPU6050LPF1
 .progmem.data.GeneralText10
                0x00001087        0xd src/glcd_menu.o
                0x00001087                GeneralText10
 .progmem.data.SWLPF4
                0x00001094        0x5 src/glcd_menu.o
                0x00001094                SWLPF4
 .progmem.data.SWLPF3
                0x00001099        0x5 src/glcd_menu.o
                0x00001099                SWLPF3
 .progmem.data.SWLPF2
                0x0000109e        0x5 src/glcd_menu.o
                0x0000109e                SWLPF2
 .progmem.data.SWLPF1
                0x000010a3        0x5 src/glcd_menu.o
                0x000010a3                SWLPF1
 .progmem.data.Random12
                0x000010a8        0x7 src/glcd_menu.o
                0x000010a8                Random12
 .progmem.data.Random11
                0x000010af        0x4 src/glcd_menu.o
                0x000010af                Random11
 .progmem.data.Random10
                0x000010b3        0x5 src/glcd_menu.o
                0x000010b3                Random10
 .progmem.data.Random1
                0x000010b8        0x5 src/glcd_menu.o
                0x000010b8                Random1
 .progmem.data.Safety2
                0x000010bd        0x8 src/glcd_menu.o
                0x000010bd                Safety2
 .progmem.data.Safety1
                0x000010c5        0x6 src/glcd_menu.o
                0x000010c5                Safety1
 .progmem.data.GeneralText5
                0x000010cb        0x8 src/glcd_menu.o
                0x000010cb                GeneralText5
 .progmem.data.MixerItem16
                0x000010d3        0xa src/glcd_menu.o
                0x000010d3                MixerItem16
 .progmem.data.MixerItem15
                0x000010dd        0x7 src/glcd_menu.o
                0x000010dd                MixerItem15
 .progmem.data.MixerItem12
                0x000010e4        0x9 src/glcd_menu.o
                0x000010e4                MixerItem12
 .progmem.data.MixerItem11
                0x000010ed        0x7 src/glcd_menu.o
                0x000010ed                MixerItem11
 .progmem.data.MixerMenuItem7
                0x000010f4        0x8 src/glcd_menu.o
                0x000010f4                MixerMenuItem7
 .progmem.data.MixerMenuItem6
                0x000010fc        0x9 src/glcd_menu.o
                0x000010fc                MixerMenuItem6
 .progmem.data.MixerMenuItem5
                0x00001105        0x4 src/glcd_menu.o
                0x00001105                MixerMenuItem5
 .progmem.data.MixerMenuItem4
                0x00001109        0x9 src/glcd_menu.o
                0x00001109                MixerMenuItem4
 .progmem.data.MixerMenuItem3
                0x00001112        0x9 src/glcd_menu.o
                0x00001112                MixerMenuItem3
 .progmem.data.MixerMenuItem2
                0x0000111b        0x8 src/glcd_menu.o
                0x0000111b                MixerMenuItem2
 .progmem.data.MOUT8
                0x00001123        0x5 src/glcd_menu.o
                0x00001123                MOUT8
 .progmem.data.MOUT7
                0x00001128        0x5 src/glcd_menu.o
                0x00001128                MOUT7
 .progmem.data.MOUT6
                0x0000112d        0x5 src/glcd_menu.o
                0x0000112d                MOUT6
 .progmem.data.MOUT5
                0x00001132        0x5 src/glcd_menu.o
                0x00001132                MOUT5
 .progmem.data.MOUT4
                0x00001137        0x5 src/glcd_menu.o
                0x00001137                MOUT4
 .progmem.data.MOUT3
                0x0000113c        0x5 src/glcd_menu.o
                0x0000113c                MOUT3
 .progmem.data.MOUT2
                0x00001141        0x5 src/glcd_menu.o
                0x00001141                MOUT2
 .progmem.data.MOUT1
                0x00001146        0x5 src/glcd_menu.o
                0x00001146                MOUT1
 .progmem.data.Status5
                0x0000114b        0xb src/glcd_menu.o
                0x0000114b                Status5
 .progmem.data.Status4
                0x00001156        0x8 src/glcd_menu.o
                0x00001156                Status4
 .progmem.data.Status2
                0x0000115e        0xc src/glcd_menu.o
                0x0000115e                Status2
 .progmem.data.Status0
                0x0000116a        0x6 src/glcd_menu.o
                0x0000116a                Status0
 .progmem.data.WizardText2
                0x00001170        0x5 src/glcd_menu.o
                0x00001170                WizardText2
 .progmem.data.WizardText1
                0x00001175        0xe src/glcd_menu.o
                0x00001175                WizardText1
 .progmem.data.WizardText0
                0x00001183        0xd src/glcd_menu.o
                0x00001183                WizardText0
 .progmem.data.PText6
                0x00001190        0x9 src/glcd_menu.o
                0x00001190                PText6
 .progmem.data.PText5
                0x00001199        0x9 src/glcd_menu.o
                0x00001199                PText5
 .progmem.data.PText4
                0x000011a2        0xc src/glcd_menu.o
                0x000011a2                PText4
 .progmem.data.PText3
                0x000011ae        0xe src/glcd_menu.o
                0x000011ae                PText3
 .progmem.data.PText2
                0x000011bc        0xc src/glcd_menu.o
                0x000011bc                PText2
 .progmem.data.PText1
                0x000011c8        0x6 src/glcd_menu.o
                0x000011c8                PText1
 .progmem.data.PText0
                0x000011ce        0xa src/glcd_menu.o
                0x000011ce                PText0
 .progmem.data.Disarmed
                0x000011d8        0x9 src/glcd_menu.o
                0x000011d8                Disarmed
 .progmem.data.ErrorText10
                0x000011e1        0x4 src/glcd_menu.o
                0x000011e1                ErrorText10
 .progmem.data.Status3
                0x000011e5        0x8 src/glcd_menu.o
                0x000011e5                Status3
 .progmem.data.ErrorText7
                0x000011ed        0x6 src/glcd_menu.o
                0x000011ed                ErrorText7
 .progmem.data.ErrorText6
                0x000011f3        0x5 src/glcd_menu.o
                0x000011f3                ErrorText6
 .progmem.data.ErrorText5
                0x000011f8        0x6 src/glcd_menu.o
                0x000011f8                ErrorText5
 .progmem.data.ErrorText4
                0x000011fe        0x7 src/glcd_menu.o
                0x000011fe                ErrorText4
 .progmem.data.ErrorText3
                0x00001205        0x3 src/glcd_menu.o
                0x00001205                ErrorText3
 .progmem.data.ChannelRef12
                0x00001208        0x6 src/glcd_menu.o
                0x00001208                ChannelRef12
 .progmem.data.ChannelRef10
                0x0000120e        0x7 src/glcd_menu.o
                0x0000120e                ChannelRef10
 .progmem.data.ChannelRef8
                0x00001215        0x5 src/glcd_menu.o
                0x00001215                ChannelRef8
 .progmem.data.ChannelRef7
                0x0000121a        0x5 src/glcd_menu.o
                0x0000121a                ChannelRef7
 .progmem.data.ChannelRef6
                0x0000121f        0x5 src/glcd_menu.o
                0x0000121f                ChannelRef6
 .progmem.data.ChannelRef5
                0x00001224        0x5 src/glcd_menu.o
                0x00001224                ChannelRef5
 .progmem.data.ChannelRef4
                0x00001229        0x5 src/glcd_menu.o
                0x00001229                ChannelRef4
 .progmem.data.ChannelRef3
                0x0000122e        0x7 src/glcd_menu.o
                0x0000122e                ChannelRef3
 .progmem.data.ChannelRef2
                0x00001235        0x9 src/glcd_menu.o
                0x00001235                ChannelRef2
 .progmem.data.ChannelRef1
                0x0000123e        0x8 src/glcd_menu.o
                0x0000123e                ChannelRef1
 .progmem.data.ChannelRef0
                0x00001246        0x9 src/glcd_menu.o
                0x00001246                ChannelRef0
 .progmem.data.MixerItem62
                0x0000124f        0x9 src/glcd_menu.o
                0x0000124f                MixerItem62
 .progmem.data.MixerItem61
                0x00001258        0x5 src/glcd_menu.o
                0x00001258                MixerItem61
 .progmem.data.MixerItem60
                0x0000125d        0x7 src/glcd_menu.o
                0x0000125d                MixerItem60
 .progmem.data.MixerItem49
                0x00001264        0x6 src/glcd_menu.o
                0x00001264                MixerItem49
 .progmem.data.MixerItem41
                0x0000126a        0x8 src/glcd_menu.o
                0x0000126a                MixerItem41
 .progmem.data.MixerItem40
                0x00001272        0x8 src/glcd_menu.o
                0x00001272                MixerItem40
 .progmem.data.MixerItem81
                0x0000127a        0x9 src/glcd_menu.o
                0x0000127a                MixerItem81
 .progmem.data.MixerItem80
                0x00001283        0x8 src/glcd_menu.o
                0x00001283                MixerItem80
 .progmem.data.MixerItem74
                0x0000128b        0x9 src/glcd_menu.o
                0x0000128b                MixerItem74
 .progmem.data.MixerItem73
                0x00001294        0x8 src/glcd_menu.o
                0x00001294                MixerItem73
 .progmem.data.MixerItem72
                0x0000129c        0x8 src/glcd_menu.o
                0x0000129c                MixerItem72
 .progmem.data.MixerItem71
                0x000012a4        0xa src/glcd_menu.o
                0x000012a4                MixerItem71
 .progmem.data.MixerItem70
                0x000012ae        0x9 src/glcd_menu.o
                0x000012ae                MixerItem70
 .progmem.data.MixerItem31
                0x000012b7        0xd src/glcd_menu.o
                0x000012b7                MixerItem31
 .progmem.data.MixerItem21
                0x000012c4        0xd src/glcd_menu.o
                0x000012c4                MixerItem21
 .progmem.data.MixerItem30
                0x000012d1        0xb src/glcd_menu.o
                0x000012d1                MixerItem30
 .progmem.data.MixerItem29
                0x000012dc        0xd src/glcd_menu.o
                0x000012dc                MixerItem29
 .progmem.data.MixerItem2
                0x000012e9        0xb src/glcd_menu.o
                0x000012e9                MixerItem2
 .progmem.data.MixerItem0
                0x000012f4        0xd src/glcd_menu.o
                0x000012f4                MixerItem0
 .progmem.data.MixerItem43
                0x00001301        0xa src/glcd_menu.o
                0x00001301                MixerItem43
 .progmem.data.MixerItem42
                0x0000130b        0xa src/glcd_menu.o
                0x0000130b                MixerItem42
 .progmem.data.MixerItem28
                0x00001315        0xd src/glcd_menu.o
                0x00001315                MixerItem28
 .progmem.data.MixerItem3
                0x00001322        0xc src/glcd_menu.o
                0x00001322                MixerItem3
 .progmem.data.MixerItem27
                0x0000132e        0xc src/glcd_menu.o
                0x0000132e                MixerItem27
 .progmem.data.MixerItem7
                0x0000133a        0xc src/glcd_menu.o
                0x0000133a                MixerItem7
 .progmem.data.MixerItem26
                0x00001346        0xd src/glcd_menu.o
                0x00001346                MixerItem26
 .progmem.data.MixerItem6
                0x00001353        0xd src/glcd_menu.o
                0x00001353                MixerItem6
 .progmem.data.MixerItem25
                0x00001360        0xf src/glcd_menu.o
                0x00001360                MixerItem25
 .progmem.data.MixerItem5
                0x0000136f        0xf src/glcd_menu.o
                0x0000136f                MixerItem5
 .progmem.data.MixerItem24
                0x0000137e        0xe src/glcd_menu.o
                0x0000137e                MixerItem24
 .progmem.data.MixerItem4
                0x0000138c        0xe src/glcd_menu.o
                0x0000138c                MixerItem4
 .progmem.data.MixerItem56
                0x0000139a       0x10 src/glcd_menu.o
                0x0000139a                MixerItem56
 .progmem.data.MixerItem53
                0x000013aa       0x10 src/glcd_menu.o
                0x000013aa                MixerItem53
 .progmem.data.MixerItem55
                0x000013ba       0x10 src/glcd_menu.o
                0x000013ba                MixerItem55
 .progmem.data.MixerItem52
                0x000013ca       0x10 src/glcd_menu.o
                0x000013ca                MixerItem52
 .progmem.data.MixerItem54
                0x000013da       0x10 src/glcd_menu.o
                0x000013da                MixerItem54
 .progmem.data.MixerItem51
                0x000013ea       0x10 src/glcd_menu.o
                0x000013ea                MixerItem51
 .progmem.data.Mixeritem50
                0x000013fa        0xf src/glcd_menu.o
                0x000013fa                Mixeritem50
 .progmem.data.MixerItem33
                0x00001409       0x10 src/glcd_menu.o
                0x00001409                MixerItem33
 .progmem.data.MixerItem23
                0x00001419       0x10 src/glcd_menu.o
                0x00001419                MixerItem23
 .progmem.data.MixerItem34
                0x00001429        0xb src/glcd_menu.o
                0x00001429                MixerItem34
 .progmem.data.MixerItem35
                0x00001434        0xd src/glcd_menu.o
                0x00001434                MixerItem35
 .progmem.data.MixerItem36
                0x00001441       0x11 src/glcd_menu.o
                0x00001441                MixerItem36
 .progmem.data.MixerItem20
                0x00001452        0xb src/glcd_menu.o
                0x00001452                MixerItem20
 .progmem.data.MixerItem1
                0x0000145d        0x8 src/glcd_menu.o
                0x0000145d                MixerItem1
 .progmem.data.P5text
                0x00001465        0xa src/glcd_menu.o
                0x00001465                P5text
 .progmem.data.P4text
                0x0000146f        0xa src/glcd_menu.o
                0x0000146f                P4text
 .progmem.data.P3text
                0x00001479        0x3 src/glcd_menu.o
                0x00001479                P3text
 .progmem.data.P2text
                0x0000147c        0x5 src/glcd_menu.o
                0x0000147c                P2text
 .progmem.data.P1text
                0x00001481        0x3 src/glcd_menu.o
                0x00001481                P1text
 .progmem.data.BattMenuItem2
                0x00001484        0xd src/glcd_menu.o
                0x00001484                BattMenuItem2
 .progmem.data.GeneralText7
                0x00001491        0xc src/glcd_menu.o
                0x00001491                GeneralText7
 .progmem.data.GeneralText16
                0x0000149d        0xa src/glcd_menu.o
                0x0000149d                GeneralText16
 .progmem.data.GeneralText6
                0x000014a7        0xa src/glcd_menu.o
                0x000014a7                GeneralText6
 .progmem.data.GeneralText3
                0x000014b1        0xa src/glcd_menu.o
                0x000014b1                GeneralText3
 .progmem.data.GeneralText2
                0x000014bb        0xd src/glcd_menu.o
                0x000014bb                GeneralText2
 .progmem.data.AutoMenuItem2
                0x000014c8        0x8 src/glcd_menu.o
                0x000014c8                AutoMenuItem2
 .progmem.data.Contrast
                0x000014d0        0xa src/glcd_menu.o
                0x000014d0                Contrast
 .progmem.data.MixerMenuItem0
                0x000014da        0xd src/glcd_menu.o
                0x000014da                MixerMenuItem0
 .progmem.data.RCMenuItem7
                0x000014e7        0x7 src/glcd_menu.o
                0x000014e7                RCMenuItem7
 .progmem.data.RCMenuItem6
                0x000014ee        0x9 src/glcd_menu.o
                0x000014ee                RCMenuItem6
 .progmem.data.RXMode3
                0x000014f7        0x9 src/glcd_menu.o
                0x000014f7                RXMode3
 .progmem.data.RXMode2
                0x00001500        0x6 src/glcd_menu.o
                0x00001500                RXMode2
 .progmem.data.RXMode1
                0x00001506        0x4 src/glcd_menu.o
                0x00001506                RXMode1
 .progmem.data.RXMode0
                0x0000150a        0x5 src/glcd_menu.o
                0x0000150a                RXMode0
 .progmem.data.Transition_P1n
                0x0000150f        0xc src/glcd_menu.o
                0x0000150f                Transition_P1n
 .progmem.data.Transition
                0x0000151b        0xb src/glcd_menu.o
                0x0000151b                Transition
 .progmem.data.RCMenuItem2
                0x00001526        0xf src/glcd_menu.o
                0x00001526                RCMenuItem2
 .progmem.data.RCMenuItem0
                0x00001535        0xb src/glcd_menu.o
                0x00001535                RCMenuItem0
 .progmem.data.RCMenuItem20
                0x00001540        0xa src/glcd_menu.o
                0x00001540                RCMenuItem20
 .progmem.data.RCMenuItem1
                0x0000154a        0x9 src/glcd_menu.o
                0x0000154a                RCMenuItem1
 .progmem.data.AutoMenuItem15
                0x00001553        0x3 src/glcd_menu.o
                0x00001553                AutoMenuItem15
 .progmem.data.AutoMenuItem11
                0x00001556        0x4 src/glcd_menu.o
                0x00001556                AutoMenuItem11
 .progmem.data.StabMenuItem30
                0x0000155a        0xa src/glcd_menu.o
                0x0000155a                StabMenuItem30
 .progmem.data.StabMenuItem9
                0x00001564        0xc src/glcd_menu.o
                0x00001564                StabMenuItem9
 .progmem.data.StabMenuItem12
                0x00001570        0xd src/glcd_menu.o
                0x00001570                StabMenuItem12
 .progmem.data.StabMenuItem8
                0x0000157d        0x7 src/glcd_menu.o
                0x0000157d                StabMenuItem8
 .progmem.data.StabMenuItem7
                0x00001584        0x7 src/glcd_menu.o
                0x00001584                StabMenuItem7
 .progmem.data.AutoMenuItem8
                0x0000158b        0xc src/glcd_menu.o
                0x0000158b                AutoMenuItem8
 .progmem.data.AutoMenuItem21
                0x00001597        0xf src/glcd_menu.o
                0x00001597                AutoMenuItem21
 .progmem.data.StabMenuItem6
                0x000015a6        0xe src/glcd_menu.o
                0x000015a6                StabMenuItem6
 .progmem.data.StabMenuItem11
                0x000015b4        0xf src/glcd_menu.o
                0x000015b4                StabMenuItem11
 .progmem.data.StabMenuItem5
                0x000015c3        0x9 src/glcd_menu.o
                0x000015c3                StabMenuItem5
 .progmem.data.AutoMenuItem4
                0x000015cc        0x9 src/glcd_menu.o
                0x000015cc                AutoMenuItem4
 .progmem.data.AutoMenuItem7
                0x000015d5        0xb src/glcd_menu.o
                0x000015d5                AutoMenuItem7
 .progmem.data.AutoMenuItem20
                0x000015e0        0xe src/glcd_menu.o
                0x000015e0                AutoMenuItem20
 .progmem.data.StabMenuItem3
                0x000015ee        0xd src/glcd_menu.o
                0x000015ee                StabMenuItem3
 .progmem.data.StabMenuItem10
                0x000015fb        0xe src/glcd_menu.o
                0x000015fb                StabMenuItem10
 .progmem.data.StabMenuItem2
                0x00001609        0x8 src/glcd_menu.o
                0x00001609                StabMenuItem2
 .progmem.data.AutoMenuItem1
                0x00001611        0x8 src/glcd_menu.o
                0x00001611                AutoMenuItem1
 .progmem.data.StabMenuItem13
                0x00001619        0xc src/glcd_menu.o
                0x00001619                StabMenuItem13
 .progmem.data.SensorMenuItem2
                0x00001625        0x5 src/glcd_menu.o
                0x00001625                SensorMenuItem2
 .progmem.data.SensorMenuItem1
                0x0000162a        0x5 src/glcd_menu.o
                0x0000162a                SensorMenuItem1
 .progmem.data.PText19
                0x0000162f        0x4 src/glcd_menu.o
                0x0000162f                PText19
 .progmem.data.PText18
                0x00001633        0x4 src/glcd_menu.o
                0x00001633                PText18
 .progmem.data.PText17
                0x00001637        0x6 src/glcd_menu.o
                0x00001637                PText17
 .progmem.data.PText16
                0x0000163d        0x5 src/glcd_menu.o
                0x0000163d                PText16
 .progmem.data.PText15
                0x00001642        0x5 src/glcd_menu.o
                0x00001642                PText15
 .progmem.data.MainMenuItem23
                0x00001647       0x19 src/glcd_menu.o
                0x00001647                MainMenuItem23
 .progmem.data.MainMenuItem22
                0x00001660       0x19 src/glcd_menu.o
                0x00001660                MainMenuItem22
 .progmem.data.MainMenuItem20
                0x00001679       0x14 src/glcd_menu.o
                0x00001679                MainMenuItem20
 .progmem.data.MainMenuItem18
                0x0000168d        0xf src/glcd_menu.o
                0x0000168d                MainMenuItem18
 .progmem.data.MainMenuItem17
                0x0000169c        0xf src/glcd_menu.o
                0x0000169c                MainMenuItem17
 .progmem.data.MainMenuItem16
                0x000016ab        0xf src/glcd_menu.o
                0x000016ab                MainMenuItem16
 .progmem.data.MainMenuItem15
                0x000016ba        0xf src/glcd_menu.o
                0x000016ba                MainMenuItem15
 .progmem.data.MainMenuItem14
                0x000016c9        0xf src/glcd_menu.o
                0x000016c9                MainMenuItem14
 .progmem.data.MainMenuItem13
                0x000016d8        0xf src/glcd_menu.o
                0x000016d8                MainMenuItem13
 .progmem.data.MainMenuItem12
                0x000016e7        0xf src/glcd_menu.o
                0x000016e7                MainMenuItem12
 .progmem.data.MainMenuItem11
                0x000016f6        0xe src/glcd_menu.o
                0x000016f6                MainMenuItem11
 .progmem.data.MainMenuItem3
                0x00001704       0x14 src/glcd_menu.o
                0x00001704                MainMenuItem3
 .progmem.data.MainMenuItem2
                0x00001718       0x14 src/glcd_menu.o
                0x00001718                MainMenuItem2
 .progmem.data.MainMenuItem10
                0x0000172c        0xf src/glcd_menu.o
                0x0000172c                MainMenuItem10
 .progmem.data.MainMenuItem8
                0x0000173b       0x16 src/glcd_menu.o
                0x0000173b                MainMenuItem8
 .progmem.data.MainMenuItem7
                0x00001751       0x12 src/glcd_menu.o
                0x00001751                MainMenuItem7
 .progmem.data.MainMenuItem9
                0x00001763       0x13 src/glcd_menu.o
                0x00001763                MainMenuItem9
 .progmem.data.MainMenuItem1
                0x00001776       0x12 src/glcd_menu.o
                0x00001776                MainMenuItem1
 .progmem.data.MainMenuItem0
                0x00001788        0xb src/glcd_menu.o
                0x00001788                MainMenuItem0
 .progmem.data.MenuFrame8
                0x00001793        0x5 src/glcd_menu.o
                0x00001793                MenuFrame8
 .progmem.data.MenuFrame7
                0x00001798        0x5 src/glcd_menu.o
                0x00001798                MenuFrame7
 .progmem.data.MenuFrame6
                0x0000179d        0x5 src/glcd_menu.o
                0x0000179d                MenuFrame6
 .progmem.data.MenuFrame5
                0x000017a2        0x5 src/glcd_menu.o
                0x000017a2                MenuFrame5
 .progmem.data.MenuFrame1
                0x000017a7        0x2 src/glcd_menu.o
                0x000017a7                MenuFrame1
 .progmem.data.MenuFrame4
                0x000017a9        0x2 src/glcd_menu.o
                0x000017a9                MenuFrame4
 .progmem.data.MenuFrame3
                0x000017ab        0x2 src/glcd_menu.o
                0x000017ab                MenuFrame3
 .progmem.data.MenuFrame2
                0x000017ad        0x2 src/glcd_menu.o
                0x000017ad                MenuFrame2
 .progmem.data.MenuFrame0
                0x000017af        0x2 src/glcd_menu.o
                0x000017af                MenuFrame0
 .progmem.data.StatusText9
                0x000017b1        0x8 src/glcd_menu.o
                0x000017b1                StatusText9
 .progmem.data.StatusText8
                0x000017b9        0x5 src/glcd_menu.o
                0x000017b9                StatusText8
 .progmem.data.StatusText7
                0x000017be        0x9 src/glcd_menu.o
                0x000017be                StatusText7
 .progmem.data.StatusText5
                0x000017c7        0x2 src/glcd_menu.o
                0x000017c7                StatusText5
 .progmem.data.StatusText4
                0x000017c9        0x2 src/glcd_menu.o
                0x000017c9                StatusText4
 .progmem.data.StatusText3
                0x000017cb        0x9 src/glcd_menu.o
                0x000017cb                StatusText3
 .progmem.data.StatusText1
                0x000017d4        0x6 src/glcd_menu.o
                0x000017d4                StatusText1
 .progmem.data.StatusText0
                0x000017da       0x13 src/glcd_menu.o
                0x000017da                StatusText0
 .progmem.data.Gyro_Pol
                0x000017ed       0x12 src/gyros.o
                0x000017ed                Gyro_Pol
 .progmem.data.Gyro_RPY_Order
                0x000017ff       0x12 src/gyros.o
                0x000017ff                Gyro_RPY_Order
 .progmem.data.LPF_lookup_HS
                0x00001811       0x20 src/imu.o
                0x00001811                LPF_lookup_HS
 .progmem.data.LPF_lookup
                0x00001831       0x20 src/imu.o
                0x00001831                LPF_lookup
 .progmem.data.lines
                0x00001851        0x4 src/menu_driver.o
                0x00001851                lines
 .progmem.data.flight_menu_ranges
                0x00001855       0x5a src/menu_flight.o
                0x00001855                flight_menu_ranges
 .progmem.data.FlightMenuText
                0x000018af       0x12 src/menu_flight.o
                0x000018af                FlightMenuText
 .progmem.data.mixer_menu_ranges
                0x000018c1       0xaa src/menu_mixer.o
                0x000018c1                mixer_menu_ranges
 .progmem.data.MixerMenuText
                0x0000196b       0x22 src/menu_mixer.o
                0x0000196b                MixerMenuText
 .progmem.data.servo_menu_ranges
                0x0000198d        0xf src/menu_servos.o
                0x0000198d                servo_menu_ranges
 .progmem.data.ServoMenuText
                0x0000199c       0x18 src/menu_servos.o
                0x0000199c                ServoMenuText
 .progmem.data.rc_menu_ranges
                0x000019b4       0x5a src/menu_settings.o
                0x000019b4                rc_menu_ranges
 .progmem.data.RCMenuText
                0x00001a0e       0x12 src/menu_settings.o
                0x00001a0e                RCMenuText
 .progmem.data.SQRTSIN
                0x00001a20       0x65 src/mixer.o
                0x00001a20                SQRTSIN
 .progmem.data.SIN
                0x00001a85       0x65 src/mixer.o
                0x00001a85                SIN
                0x00001aea                . = ALIGN (0x2)
 *(.jumptables)
 *(.jumptables*)
 *(.lowtext)
 *(.lowtext*)
                0x00001aea                __ctors_start = .
 *(.ctors)
                0x00001aea                __ctors_end = .
                0x00001aea                __dtors_start = .
 *(.dtors)
                0x00001aea                __dtors_end = .
 SORT(*)(.ctors)
 SORT(*)(.dtors)
 *(.init0)
 .init0         0x00001aea        0x0 c:/program files (x86)/atmel/atmel toolchain/avr8 gcc/native/3.4.1061/avr8-gnu-toolchain/bin/../lib/gcc/avr/4.8.1/../../../../avr/lib/avr5/crtm644pa.o
                0x00001aea                __init
 *(.init0)
 *(.init1)
 *(.init1)
 *(.init2)
 .init2         0x00001aea        0xc c:/program files (x86)/atmel/atmel toolchain/avr8 gcc/native/3.4.1061/avr8-gnu-toolchain/bin/../lib/gcc/avr/4.8.1/../../../../avr/lib/avr5/crtm644pa.o
 *(.init2)
 *(.init3)
 .init3         0x00001af6       0x12 src/init.o
                0x00001af6                wdt_init
 *(.init3)
 *(.init4)
 .init4         0x00001b08       0x16 c:/program files (x86)/atmel/atmel toolchain/avr8 gcc/native/3.4.1061/avr8-gnu-toolchain/bin/../lib/gcc/avr/4.8.1/avr5\libgcc.a(_copy_data.o)
                0x00001b08                __do_copy_data
 .init4         0x00001b1e       0x10 c:/program files (x86)/atmel/atmel toolchain/avr8 gcc/native/3.4.1061/avr8-gnu-toolchain/bin/../lib/gcc/avr/4.8.1/avr5\libgcc.a(_clear_bss.o)
                0x00001b1e                __do_clear_bss
 *(.init4)
 *(.init5)
 *(.init5)
 *(.init6)
 *(.init6)
 *(.init7)
 *(.init7)
 *(.init8)
 *(.init8)
 *(.init9)
 .init9         0x00001b2e        0x8 c:/program files (x86)/atmel/atmel toolchain/avr8 gcc/native/3.4.1061/avr8-gnu-toolchain/bin/../lib/gcc/avr/4.8.1/../../../../avr/lib/avr5/crtm644pa.o
 *(.init9)
 *(.text)
 .text          0x00001b36        0x4 c:/program files (x86)/atmel/atmel toolchain/avr8 gcc/native/3.4.1061/avr8-gnu-toolchain/bin/../lib/gcc/avr/4.8.1/../../../../avr/lib/avr5/crtm644pa.o
                0x00001b36                __vector_22
                0x00001b36                __vector_28
                0x00001b36                __vector_24
                0x00001b36                __vector_12
                0x00001b36                __bad_interrupt
                0x00001b36                __vector_6
                0x00001b36                __vector_23
                0x00001b36                __vector_30
                0x00001b36                __vector_25
                0x00001b36                __vector_11
                0x00001b36                __vector_13
                0x00001b36                __vector_17
                0x00001b36                __vector_19
                0x00001b36                __vector_27
                0x00001b36                __vector_4
                0x00001b36                __vector_9
                0x00001b36                __vector_21
                0x00001b36                __vector_15
                0x00001b36                __vector_29
                0x00001b36                __vector_8
                0x00001b36                __vector_26
                0x00001b36                __vector_14
                0x00001b36                __vector_10
                0x00001b36                __vector_16
 .text          0x00001b3a       0x46 src/misc_asm.o
                0x00001b3a                glcd_delay
                0x00001b3e                glcd_delay_1us
                0x00001b48                bind_master
 .text          0x00001b80      0x308 src/servos_asm.o
                0x00001b80                output_servo_ppm_asm
                0x00001d98                output_servo_ppm_asm3
                0x00001e88                . = ALIGN (0x2)
 *(.text.*)
 .text.get_raw_accs
                0x00001e88       0xd0 src/acc.o
                0x00001e88                get_raw_accs
 .text.ReadAcc  0x00001f58       0xc8 src/acc.o
                0x00001f58                ReadAcc
 .text.CalibrateAcc
                0x00002020      0x204 src/acc.o
                0x00002020                CalibrateAcc
 .text.init_i2c_accs
                0x00002224       0x14 src/acc.o
                0x00002224                init_i2c_accs
 .text.Init_ADC
                0x00002238        0xc src/adc.o
                0x00002238                Init_ADC
 .text.read_adc
                0x00002244       0x14 src/adc.o
                0x00002244                read_adc
 .text.Display_balance
                0x00002258      0x120 src/display_balance.o
                0x00002258                Display_balance
 .text.Display_rcinput
                0x00002378      0x1fe src/display_rcinput.o
                0x00002378                Display_rcinput
 .text.Display_sensors
                0x00002576      0x1e0 src/display_sensors.o
                0x00002576                Display_sensors
 .text.Display_status
                0x00002756      0x39e src/display_status.o
                0x00002756                Display_status
 .text.Display_sticks
                0x00002af4      0x214 src/display_wizard.o
                0x00002af4                Display_sticks
 .text.eeprom_write_byte_changed
                0x00002d08       0x38 src/eeprom.o
                0x00002d08                eeprom_write_byte_changed
 .text.eeprom_write_block_changes
                0x00002d40       0x38 src/eeprom.o
                0x00002d40                eeprom_write_block_changes
 .text.Save_Config_to_EEPROM
                0x00002d78       0x16 src/eeprom.o
                0x00002d78                Save_Config_to_EEPROM
 .text.Update_V1_0_to_V1_1
                0x00002d8e      0x46a src/eeprom.o
                0x00002d8e                Update_V1_0_to_V1_1
 .text.Update_V1_1_to_V1_1_B8
                0x000031f8       0x7c src/eeprom.o
                0x000031f8                Update_V1_1_to_V1_1_B8
 .text.Update_V1_1B8_to_V1_1_B10
                0x00003274       0x38 src/eeprom.o
                0x00003274                Update_V1_1B8_to_V1_1_B10
 .text.Set_EEPROM_Default_Config
                0x000032ac      0x294 src/eeprom.o
                0x000032ac                Set_EEPROM_Default_Config
 .text.Initial_EEPROM_Config_Load
                0x00003540       0x5a src/eeprom.o
                0x00003540                Initial_EEPROM_Config_Load
 .text.startup.main
                0x0000359a      0xc22 src/FC_main.o
                0x0000359a                main
 .text.spiwrite
                0x000041bc       0x3e src/glcd_driver.o
                0x000041bc                spiwrite
 .text.st7565_command
                0x000041fa        0x6 src/glcd_driver.o
                0x000041fa                st7565_command
 .text.st7565_data
                0x00004200        0x6 src/glcd_driver.o
                0x00004200                st7565_data
 .text.st7565_set_brightness
                0x00004206       0x12 src/glcd_driver.o
                0x00004206                st7565_set_brightness
 .text.st7565_init
                0x00004218       0x3e src/glcd_driver.o
                0x00004218                st7565_init
 .text.write_buffer
                0x00004256       0x64 src/glcd_driver.o
                0x00004256                write_buffer
 .text.clear_buffer
                0x000042ba       0x12 src/glcd_driver.o
                0x000042ba                clear_buffer
 .text.clear_screen
                0x000042cc       0x3c src/glcd_driver.o
                0x000042cc                clear_screen
 .text.setpixel
                0x00004308       0x72 src/glcd_driver.o
                0x00004308                setpixel
 .text.drawline
                0x0000437a       0xd4 src/glcd_driver.o
                0x0000437a                drawline
 .text.drawrect
                0x0000444e       0xa4 src/glcd_driver.o
                0x0000444e                drawrect
 .text.fillcircle
                0x000044f2      0x122 src/glcd_driver.o
                0x000044f2                fillcircle
 .text.LCD_Display_Text
                0x00004614       0x12 src/glcd_menu.o
                0x00004614                LCD_Display_Text
 .text.gLCDprint_Menu_P
                0x00004626        0x4 src/glcd_menu.o
                0x00004626                gLCDprint_Menu_P
 .text.idle_screen
                0x0000462a       0xec src/glcd_menu.o
                0x0000462a                idle_screen
 .text.get_raw_gyros
                0x00004716       0xca src/gyros.o
                0x00004716                get_raw_gyros
 .text.ReadGyros
                0x000047e0       0x5a src/gyros.o
                0x000047e0                ReadGyros
 .text.CalibrateGyrosFast
                0x0000483a       0xaa src/gyros.o
                0x0000483a                CalibrateGyrosFast
 .text.CalibrateGyrosSlow
                0x000048e4      0x1be src/gyros.o
                0x000048e4                CalibrateGyrosSlow
 .text.init_i2c_gyros
                0x00004aa2       0x2e src/gyros.o
                0x00004aa2                init_i2c_gyros
 .text.writeI2Cbyte
                0x00004ad0       0x2e src/i2c.o
                0x00004ad0                writeI2Cbyte
 .text.readI2CbyteArray
                0x00004afe       0x84 src/i2c.o
                0x00004afe                readI2CbyteArray
 .text.RotateVector
                0x00004b82      0x122 src/imu.o
                0x00004b82                RotateVector
 .text.thetascale
                0x00004ca4       0x78 src/imu.o
                0x00004ca4                thetascale
 .text.Rotate3dVector
                0x00004d1c      0x1e6 src/imu.o
                0x00004d1c                Rotate3dVector
 .text.ext2     0x00004f02       0x74 src/imu.o
                0x00004f02                ext2
 .text.ExtractEulerAngles
                0x00004f76       0x4a src/imu.o
                0x00004f76                ExtractEulerAngles
 .text.imu_update
                0x00004fc0      0x3bc src/imu.o
                0x00004fc0                imu_update
 .text.reset_IMU
                0x0000537c       0x92 src/imu.o
                0x0000537c                reset_IMU
 .text.init     0x0000540e      0x3ac src/init.o
                0x0000540e                init
 .text.__vector_18
                0x000057ba       0x2e src/isr.o
                0x000057ba                __vector_18
 .text.__vector_2
                0x000057e8       0x70 src/isr.o
                0x000057e8                __vector_2
 .text.__vector_1
                0x00005858       0x72 src/isr.o
                0x00005858                __vector_1
 .text.__vector_7
                0x000058ca       0x72 src/isr.o
                0x000058ca                __vector_7
 .text.__vector_5
                0x0000593c       0x72 src/isr.o
                0x0000593c                __vector_5
 .text.TIM16_ReadTCNT1
                0x000059ae       0x10 src/isr.o
                0x000059ae                TIM16_ReadTCNT1
 .text.__vector_3
                0x000059be      0x178 src/isr.o
                0x000059be                __vector_3
 .text.__vector_20
                0x00005b36      0x2dc src/isr.o
                0x00005b36                __vector_20
 .text.Disable_RC_Interrupts
                0x00005e12       0x26 src/isr.o
                0x00005e12                Disable_RC_Interrupts
 .text.init_int
                0x00005e38       0x72 src/isr.o
                0x00005e38                init_int
 .text.print_menu_frame
                0x00005eaa       0xaa src/menu_driver.o
                0x00005eaa                print_menu_frame
 .text.get_menu_range
                0x00005f54       0x60 src/menu_driver.o
                0x00005f54                get_menu_range
 .text.print_menu_text
                0x00005fb4       0x4e src/menu_driver.o
                0x00005fb4                print_menu_text
 .text.poll_buttons
                0x00006002       0x6a src/menu_driver.o
                0x00006002                poll_buttons
 .text.do_menu_item
                0x0000606c      0x338 src/menu_driver.o
                0x0000606c                do_menu_item
 .text.menu_beep
                0x000063a4       0x28 src/menu_driver.o
                0x000063a4                menu_beep
 .text.update_menu
                0x000063cc      0x180 src/menu_driver.o
                0x000063cc                update_menu
 .text.print_cursor
                0x0000654c       0x14 src/menu_driver.o
                0x0000654c                print_cursor
 .text.print_menu_items
                0x00006560      0x14a src/menu_driver.o
                0x00006560                print_menu_items
 .text.menu_flight
                0x000066aa      0x136 src/menu_flight.o
                0x000066aa                menu_flight
 .text.do_main_menu_item
                0x000067e0       0x6c src/menu_main.o
                0x000067e0                do_main_menu_item
 .text.Wait_BUTTON1
                0x0000684c       0x1a src/menu_main.o
                0x0000684c                Wait_BUTTON1
 .text.menu_main
                0x00006866       0xfc src/menu_main.o
                0x00006866                menu_main
 .text.Wait_BUTTON4
                0x00006962       0x1a src/menu_main.o
                0x00006962                Wait_BUTTON4
 .text.menu_mixer
                0x0000697c      0x136 src/menu_mixer.o
                0x0000697c                menu_mixer
 .text.menu_servo_setup
                0x00006ab2      0x1da src/menu_servos.o
                0x00006ab2                menu_servo_setup
 .text.menu_rc_setup
                0x00006c8c      0x218 src/menu_settings.o
                0x00006c8c                menu_rc_setup
 .text.UpdateLimits
                0x00006ea4      0x2b8 src/mixer.o
                0x00006ea4                UpdateLimits
 .text.UpdateServos
                0x0000715c       0x7a src/mixer.o
                0x0000715c                UpdateServos
 .text.scale32  0x000071d6       0x46 src/mixer.o
                0x000071d6                scale32
 .text.ProcessMixer
                0x0000721c      0xa62 src/mixer.o
                0x0000721c                ProcessMixer
 .text.scale_percent
                0x00007c7e        0xe src/mixer.o
                0x00007c7e                scale_percent
 .text.mugui_text_sizestring
                0x00007c8c       0x9c src/mugui_text.o
                0x00007c8c                mugui_text_sizestring
 .text.pgm_mugui_scopy
                0x00007d28       0x2e src/mugui_text.o
                0x00007d28                pgm_mugui_scopy
 .text.mugui_lcd_putc
                0x00007d56      0x178 src/mugui_text.o
                0x00007d56                mugui_lcd_putc
 .text.pgm_mugui_lcd_puts
                0x00007ece       0x5c src/mugui_text.o
                0x00007ece                pgm_mugui_lcd_puts
 .text.mugui_lcd_puts
                0x00007f2a       0x6a src/mugui_text.o
                0x00007f2a                mugui_lcd_puts
 .text.Sensor_PID
                0x00007f94      0x39c src/pid.o
                0x00007f94                Sensor_PID
 .text.Calculate_PID
                0x00008330      0x55e src/pid.o
                0x00008330                Calculate_PID
 .text.RxGetChannels
                0x0000888e      0x12a src/rc.o
                0x0000888e                RxGetChannels
 .text.CenterSticks
                0x000089b8       0xaa src/rc.o
                0x000089b8                CenterSticks
 .text.output_servo_ppm
                0x00008a62      0x136 src/servos.o
                0x00008a62                output_servo_ppm
 .text.i2c_init
                0x00008b98        0xc src/twimastertimeout.o
                0x00008b98                i2c_init
 .text.i2c_start
                0x00008ba4       0x7a src/twimastertimeout.o
                0x00008ba4                i2c_start
 .text.i2c_start_wait
                0x00008c1e       0x7e src/twimastertimeout.o
                0x00008c1e                i2c_start_wait
 .text.i2c_rep_start
                0x00008c9c        0x4 src/twimastertimeout.o
                0x00008c9c                i2c_rep_start
 .text.i2c_stop
                0x00008ca0       0x1e src/twimastertimeout.o
                0x00008ca0                i2c_stop
 .text.i2c_write
                0x00008cbe       0x40 src/twimastertimeout.o
                0x00008cbe                i2c_write
 .text.i2c_readAck
                0x00008cfe       0x32 src/twimastertimeout.o
                0x00008cfe                i2c_readAck
 .text.i2c_readNak
                0x00008d30       0x32 src/twimastertimeout.o
                0x00008d30                i2c_readNak
 .text.init_uart
                0x00008d62       0xc0 src/uart.o
                0x00008d62                init_uart
 .text.GetVbat  0x00008e22       0x3e src/vbat.o
                0x00008e22                GetVbat
 .text.avr-libc.fplib
                0x00008e60        0xa c:/program files (x86)/atmel/atmel toolchain/avr8 gcc/native/3.4.1061/avr8-gnu-toolchain/bin/../lib/gcc/avr/4.8.1/../../../../avr/lib/avr5\libm.a(addsf3.o)
                0x00008e60                __subsf3
                0x00008e62                __addsf3
 .text.avr-libc.fplib
                0x00008e6a       0xc0 c:/program files (x86)/atmel/atmel toolchain/avr8 gcc/native/3.4.1061/avr8-gnu-toolchain/bin/../lib/gcc/avr/4.8.1/../../../../avr/lib/avr5\libm.a(addsf3x.o)
                0x00008e84                __addsf3x
 .text.avr-libc.fplib
                0x00008f2a        0x8 c:/program files (x86)/atmel/atmel toolchain/avr8 gcc/native/3.4.1061/avr8-gnu-toolchain/bin/../lib/gcc/avr/4.8.1/../../../../avr/lib/avr5\libm.a(cmpsf2.o)
                0x00008f2a                __nesf2
                0x00008f2a                __eqsf2
                0x00008f2a                __cmpsf2
                0x00008f2a                __ltsf2
                0x00008f2a                __lesf2
 .text.avr-libc.fplib
                0x00008f32        0x4 c:/program files (x86)/atmel/atmel toolchain/avr8 gcc/native/3.4.1061/avr8-gnu-toolchain/bin/../lib/gcc/avr/4.8.1/../../../../avr/lib/avr5\libm.a(divsf3.o)
                0x00008f32                __divsf3
 .text.avr-libc.fplib
                0x00008f36       0xcc c:/program files (x86)/atmel/atmel toolchain/avr8 gcc/native/3.4.1061/avr8-gnu-toolchain/bin/../lib/gcc/avr/4.8.1/../../../../avr/lib/avr5\libm.a(divsf3x.o)
                0x00008f4c                __divsf3x
                0x00008f50                __divsf3_pse
 .text.avr-libc.fplib
                0x00009002        0xa c:/program files (x86)/atmel/atmel toolchain/avr8 gcc/native/3.4.1061/avr8-gnu-toolchain/bin/../lib/gcc/avr/4.8.1/../../../../avr/lib/avr5\libm.a(fixsfsi.o)
                0x00009002                __fixsfsi
 .text.avr-libc.fplib
                0x0000900c       0x58 c:/program files (x86)/atmel/atmel toolchain/avr8 gcc/native/3.4.1061/avr8-gnu-toolchain/bin/../lib/gcc/avr/4.8.1/../../../../avr/lib/avr5\libm.a(fixunssfsi.o)
                0x0000900c                __fixunssfsi
 .text.avr-libc.fplib
                0x00009064       0x7a c:/program files (x86)/atmel/atmel toolchain/avr8 gcc/native/3.4.1061/avr8-gnu-toolchain/bin/../lib/gcc/avr/4.8.1/../../../../avr/lib/avr5\libm.a(floatsisf.o)
                0x00009064                __floatunsisf
                0x00009068                __floatsisf
 .text.avr-libc.fplib
                0x000090de       0x48 c:/program files (x86)/atmel/atmel toolchain/avr8 gcc/native/3.4.1061/avr8-gnu-toolchain/bin/../lib/gcc/avr/4.8.1/../../../../avr/lib/avr5\libm.a(fp_cmp.o)
                0x000090de                __fp_cmp
 .text.avr-libc.fplib
                0x00009126        0xc c:/program files (x86)/atmel/atmel toolchain/avr8 gcc/native/3.4.1061/avr8-gnu-toolchain/bin/../lib/gcc/avr/4.8.1/../../../../avr/lib/avr5\libm.a(fp_inf.o)
                0x00009126                __fp_inf
 .text.avr-libc.fplib
                0x00009132        0x6 c:/program files (x86)/atmel/atmel toolchain/avr8 gcc/native/3.4.1061/avr8-gnu-toolchain/bin/../lib/gcc/avr/4.8.1/../../../../avr/lib/avr5\libm.a(fp_nan.o)
                0x00009132                __fp_nan
 .text.avr-libc.fplib
                0x00009138        0xe c:/program files (x86)/atmel/atmel toolchain/avr8 gcc/native/3.4.1061/avr8-gnu-toolchain/bin/../lib/gcc/avr/4.8.1/../../../../avr/lib/avr5\libm.a(fp_pscA.o)
                0x00009138                __fp_pscA
 .text.avr-libc.fplib
                0x00009146        0xe c:/program files (x86)/atmel/atmel toolchain/avr8 gcc/native/3.4.1061/avr8-gnu-toolchain/bin/../lib/gcc/avr/4.8.1/../../../../avr/lib/avr5\libm.a(fp_pscB.o)
                0x00009146                __fp_pscB
 .text.avr-libc.fplib
                0x00009154       0x22 c:/program files (x86)/atmel/atmel toolchain/avr8 gcc/native/3.4.1061/avr8-gnu-toolchain/bin/../lib/gcc/avr/4.8.1/../../../../avr/lib/avr5\libm.a(fp_round.o)
                0x00009154                __fp_round
 .text.avr-libc.fplib
                0x00009176       0x44 c:/program files (x86)/atmel/atmel toolchain/avr8 gcc/native/3.4.1061/avr8-gnu-toolchain/bin/../lib/gcc/avr/4.8.1/../../../../avr/lib/avr5\libm.a(fp_split3.o)
                0x00009176                __fp_split3
                0x00009186                __fp_splitA
 .text.avr-libc.fplib
                0x000091ba        0xe c:/program files (x86)/atmel/atmel toolchain/avr8 gcc/native/3.4.1061/avr8-gnu-toolchain/bin/../lib/gcc/avr/4.8.1/../../../../avr/lib/avr5\libm.a(fp_zero.o)
                0x000091ba                __fp_zero
                0x000091bc                __fp_szero
 .text.avr-libc.fplib
                0x000091c8        0x8 c:/program files (x86)/atmel/atmel toolchain/avr8 gcc/native/3.4.1061/avr8-gnu-toolchain/bin/../lib/gcc/avr/4.8.1/../../../../avr/lib/avr5\libm.a(gesf2.o)
                0x000091c8                __gesf2
                0x000091c8                __gtsf2
 .text.avr-libc.fplib
                0x000091d0        0x4 c:/program files (x86)/atmel/atmel toolchain/avr8 gcc/native/3.4.1061/avr8-gnu-toolchain/bin/../lib/gcc/avr/4.8.1/../../../../avr/lib/avr5\libm.a(mulsf3.o)
                0x000091d0                __mulsf3
 .text.avr-libc.fplib
                0x000091d4       0xc2 c:/program files (x86)/atmel/atmel toolchain/avr8 gcc/native/3.4.1061/avr8-gnu-toolchain/bin/../lib/gcc/avr/4.8.1/../../../../avr/lib/avr5\libm.a(mulsf3x.o)
                0x000091e8                __mulsf3x
                0x000091ec                __mulsf3_pse
 .text.libgcc.div
                0x00009296       0x28 c:/program files (x86)/atmel/atmel toolchain/avr8 gcc/native/3.4.1061/avr8-gnu-toolchain/bin/../lib/gcc/avr/4.8.1/avr5\libgcc.a(_udivmodhi4.o)
                0x00009296                __udivmodhi4
 .text.libgcc.div
                0x000092be       0x28 c:/program files (x86)/atmel/atmel toolchain/avr8 gcc/native/3.4.1061/avr8-gnu-toolchain/bin/../lib/gcc/avr/4.8.1/avr5\libgcc.a(_divmodhi4.o)
                0x000092be                _div
                0x000092be                __divmodhi4
 .text.libgcc.div
                0x000092e6       0x44 c:/program files (x86)/atmel/atmel toolchain/avr8 gcc/native/3.4.1061/avr8-gnu-toolchain/bin/../lib/gcc/avr/4.8.1/avr5\libgcc.a(_udivmodsi4.o)
                0x000092e6                __udivmodsi4
 .text.libgcc.div
                0x0000932a       0x2e c:/program files (x86)/atmel/atmel toolchain/avr8 gcc/native/3.4.1061/avr8-gnu-toolchain/bin/../lib/gcc/avr/4.8.1/avr5\libgcc.a(_divmodsi4.o)
                0x0000932a                __divmodsi4
 .text.libgcc.div
                0x00009358       0x10 c:/program files (x86)/atmel/atmel toolchain/avr8 gcc/native/3.4.1061/avr8-gnu-toolchain/bin/../lib/gcc/avr/4.8.1/avr5\libgcc.a(_negsi2.o)
                0x00009358                __negsi2
 .text.libgcc   0x00009368        0xc c:/program files (x86)/atmel/atmel toolchain/avr8 gcc/native/3.4.1061/avr8-gnu-toolchain/bin/../lib/gcc/avr/4.8.1/avr5\libgcc.a(_tablejump.o)
                0x00009368                __tablejump2__
                0x0000936c                __tablejump__
 .text.libgcc.mul
                0x00009374       0x10 c:/program files (x86)/atmel/atmel toolchain/avr8 gcc/native/3.4.1061/avr8-gnu-toolchain/bin/../lib/gcc/avr/4.8.1/avr5\libgcc.a(_mulhisi3.o)
                0x00009374                __mulhisi3
 .text.libgcc.mul
                0x00009384       0x1e c:/program files (x86)/atmel/atmel toolchain/avr8 gcc/native/3.4.1061/avr8-gnu-toolchain/bin/../lib/gcc/avr/4.8.1/avr5\libgcc.a(_umulhisi3.o)
                0x00009384                __umulhisi3
 .text.libgcc.mul
                0x000093a2        0xe c:/program files (x86)/atmel/atmel toolchain/avr8 gcc/native/3.4.1061/avr8-gnu-toolchain/bin/../lib/gcc/avr/4.8.1/avr5\libgcc.a(_usmulhisi3.o)
                0x000093a2                __usmulhisi3
                0x000093a6                __usmulhisi3_tail
 .text.libgcc.mul
                0x000093b0       0x16 c:/program files (x86)/atmel/atmel toolchain/avr8 gcc/native/3.4.1061/avr8-gnu-toolchain/bin/../lib/gcc/avr/4.8.1/avr5\libgcc.a(_muluhisi3.o)
                0x000093b0                __muluhisi3
 .text.libgcc.mul
                0x000093c6       0x10 c:/program files (x86)/atmel/atmel toolchain/avr8 gcc/native/3.4.1061/avr8-gnu-toolchain/bin/../lib/gcc/avr/4.8.1/avr5\libgcc.a(_mulshisi3.o)
                0x000093c6                __mulshisi3
                0x000093cc                __mulohisi3
 .text.avr-libc
                0x000093d6       0x12 c:/program files (x86)/atmel/atmel toolchain/avr8 gcc/native/3.4.1061/avr8-gnu-toolchain/bin/../lib/gcc/avr/4.8.1/../../../../avr/lib/avr5\libc.a(memcpy_P.o)
                0x000093d6                memcpy_P
 .text.avr-libc
                0x000093e8       0x24 c:/program files (x86)/atmel/atmel toolchain/avr8 gcc/native/3.4.1061/avr8-gnu-toolchain/bin/../lib/gcc/avr/4.8.1/../../../../avr/lib/avr5\libc.a(memmove.o)
                0x000093e8                memmove
 .text.avr-libc
                0x0000940c       0x16 c:/program files (x86)/atmel/atmel toolchain/avr8 gcc/native/3.4.1061/avr8-gnu-toolchain/bin/../lib/gcc/avr/4.8.1/../../../../avr/lib/avr5\libc.a(itoa_ncheck.o)
                0x0000940c                __itoa_ncheck
 .text.avr-libc
                0x00009422       0x34 c:/program files (x86)/atmel/atmel toolchain/avr8 gcc/native/3.4.1061/avr8-gnu-toolchain/bin/../lib/gcc/avr/4.8.1/../../../../avr/lib/avr5\libc.a(utoa_ncheck.o)
                0x00009422                __utoa_ncheck
                0x00009424                __utoa_common
 .text.avr-libc
                0x00009456       0x20 c:/program files (x86)/atmel/atmel toolchain/avr8 gcc/native/3.4.1061/avr8-gnu-toolchain/bin/../lib/gcc/avr/4.8.1/../../../../avr/lib/avr5\libc.a(eerd_block_atmega644pa.o)
                0x00009456                __eerd_block_m644pa
                0x0000945a                __eerd_blraw_m644pa
 .text.avr-libc
                0x00009476       0x10 c:/program files (x86)/atmel/atmel toolchain/avr8 gcc/native/3.4.1061/avr8-gnu-toolchain/bin/../lib/gcc/avr/4.8.1/../../../../avr/lib/avr5\libc.a(eerd_byte_atmega644pa.o)
                0x00009476                __eerd_byte_m644pa
 .text.avr-libc
                0x00009486       0x1c c:/program files (x86)/atmel/atmel toolchain/avr8 gcc/native/3.4.1061/avr8-gnu-toolchain/bin/../lib/gcc/avr/4.8.1/../../../../avr/lib/avr5\libc.a(eewr_byte_atmega644pa.o)
                0x00009486                __eewr_byte_m644pa
                0x00009488                __eewr_r18_m644pa
 .text.avr-libc
                0x000094a2       0x12 c:/program files (x86)/atmel/atmel toolchain/avr8 gcc/native/3.4.1061/avr8-gnu-toolchain/bin/../lib/gcc/avr/4.8.1/../../../../avr/lib/avr5\libc.a(memcpy.o)
                0x000094a2                memcpy
 .text.avr-libc
                0x000094b4       0x20 c:/program files (x86)/atmel/atmel toolchain/avr8 gcc/native/3.4.1061/avr8-gnu-toolchain/bin/../lib/gcc/avr/4.8.1/../../../../avr/lib/avr5\libc.a(strrev.o)
                0x000094b4                strrev
                0x000094d4                . = ALIGN (0x2)
 *(.fini9)
 .fini9         0x000094d4        0x0 c:/program files (x86)/atmel/atmel toolchain/avr8 gcc/native/3.4.1061/avr8-gnu-toolchain/bin/../lib/gcc/avr/4.8.1/avr5\libgcc.a(_exit.o)
                0x000094d4                _exit
                0x000094d4                exit
 *(.fini9)
 *(.fini8)
 *(.fini8)
 *(.fini7)
 *(.fini7)
 *(.fini6)
 *(.fini6)
 *(.fini5)
 *(.fini5)
 *(.fini4)
 *(.fini4)
 *(.fini3)
 *(.fini3)
 *(.fini2)
 *(.fini2)
 *(.fini1)
 *(.fini1)
 *(.fini0)
 .fini0         0x000094d4        0x4 c:/program files (x86)/atmel/atmel toolchain/avr8 gcc/native/3.4.1061/avr8-gnu-toolchain/bin/../lib/gcc/avr/4.8.1/avr5\libgcc.a(_exit.o)
 *(.fini0)
                0x000094d8                _etext = .

.data           0x00800100      0x414 load address 0x000094d8
                0x00800100                PROVIDE (__data_start, .)
 *(.data)
 *(.data*)
 .data.buffer   0x00800100      0x400 src/FC_main.o
                0x00800100                buffer
 .data.VectorZ  0x00800500        0x4 src/imu.o
                0x00800500                VectorZ
 .data.cursor   0x00800504        0x1 src/menu_driver.o
                0x00800504                cursor
 .data.main_cursor.2274
                0x00800505        0x1 src/menu_main.o
 .data.main_top
                0x00800506        0x2 src/menu_main.o
                0x00800506                main_top
 *(.rodata)
 *(.rodata*)
 .rodata.str1.1
                0x00800508        0x4 src/display_status.o
 .rodata.CSWTCH.13
                0x0080050c        0x7 src/eeprom.o
 *(.gnu.linkonce.d*)
                0x00800514                . = ALIGN (0x2)
 *fill*         0x00800513        0x1 
                0x00800514                _edata = .
                0x00800514                PROVIDE (__data_end, .)

.bss            0x00800514      0x331
                0x00800514                PROVIDE (__bss_start, .)
 *(.bss)
 *(.bss*)
 .bss.accVert   0x00800514        0x2 src/acc.o
                0x00800514                accVert
 .bss.LoopCount
                0x00800516        0x1 src/FC_main.o
                0x00800516                LoopCount
 .bss.Overdue   0x00800517        0x1 src/FC_main.o
                0x00800517                Overdue
 .bss.LoopStartTCNT1
                0x00800518        0x2 src/FC_main.o
                0x00800518                LoopStartTCNT1
 .bss.InterruptCount
                0x0080051a        0x2 src/FC_main.o
                0x0080051a                InterruptCount
 .bss.Alarm_flags
                0x0080051c        0x1 src/FC_main.o
                0x0080051c                Alarm_flags
 .bss.Flight_flags
                0x0080051d        0x1 src/FC_main.o
                0x0080051d                Flight_flags
 .bss.General_error
                0x0080051e        0x1 src/FC_main.o
                0x0080051e                General_error
 .bss.transition
                0x0080051f        0x2 src/FC_main.o
                0x0080051f                transition
 .bss.Transition_state
                0x00800521        0x1 src/FC_main.o
                0x00800521                Transition_state
 .bss.transition_counter
                0x00800522        0x2 src/FC_main.o
                0x00800522                transition_counter
 .bss.VectorY   0x00800524        0x4 src/imu.o
                0x00800524                VectorY
 .bss.VectorX   0x00800528        0x4 src/imu.o
                0x00800528                VectorX
 .bss.SystemVoltage
                0x0080052c        0x2 src/init.o
                0x0080052c                SystemVoltage
 .bss.button_count.2539
                0x0080052e        0x1 src/menu_driver.o
 .bss.menu_temp
                0x0080052f        0x2 src/menu_driver.o
                0x0080052f                menu_temp
 .bss.old_menu.2276
                0x00800531        0x1 src/menu_main.o
 .bss.main_temp.2275
                0x00800532        0x2 src/menu_main.o
 .bss.sub_top   0x00800534        0x2 src/menu_main.o
                0x00800534                sub_top
 .bss.PID_AvgAccVert
                0x00800536        0x4 src/pid.o
                0x00800536                PID_AvgAccVert
 .bss.OldRxSum.2258
                0x0080053a        0x2 src/rc.o
 *(COMMON)
 COMMON         0x0080053c        0x6 src/acc.o
                0x0080053c                accADC
 COMMON         0x00800542       0x29 src/FC_main.o
                0x00800542                sBuffer
                0x0080055b                pBuffer
 COMMON         0x0080056b        0x6 src/gyros.o
                0x0080056b                gyroADC
 COMMON         0x00800571       0x38 src/imu.o
                0x00800571                VectorNewB
                0x00800575                EulerAnglePitch
                0x00800579                AccAngleRoll
                0x0080057d                AccAnglePitch
                0x00800581                GyroPitchVC
                0x00800585                GyroRollVC
                0x00800589                angle
                0x0080058d                VectorNewA
                0x00800591                accSmooth
                0x0080059d                EulerAngleRoll
                0x008005a1                VectorA
                0x008005a5                VectorB
 COMMON         0x008005a9      0x208 src/init.o
                0x008005a9                Config
 COMMON         0x008007b1       0x31 src/isr.o
                0x008007b1                rcindex
                0x008007b2                RxChannel
                0x008007c2                Interrupted
                0x008007c3                max_chan
                0x008007c4                bytecount
                0x008007c5                TMR0_counter
                0x008007c7                RxChannelStart
                0x008007d7                chanmask16
                0x008007d9                ch_num
                0x008007da                PPMSyncStart
                0x008007dc                JitterGate
                0x008007dd                JitterFlag
                0x008007de                checksum
                0x008007e0                FrameRate
 COMMON         0x008007e2        0x2 src/menu_driver.o
                0x008007e2                button
                0x008007e3                button_multiplier
 COMMON         0x008007e4        0x1 src/menu_main.o
                0x008007e4                menu_flag
 COMMON         0x008007e5       0x3c src/pid.o
                0x008007e5                IntegralGyro
                0x008007fd                gyroSmooth
                0x00800809                PID_Gyros
                0x00800815                PID_ACCs
 COMMON         0x00800821       0x14 src/rc.o
                0x00800821                MonopolarThrottle
                0x00800823                RCinputs
 COMMON         0x00800835       0x10 src/servos.o
                0x00800835                ServoOut
                0x00800845                PROVIDE (__bss_end, .)
                0x000094d8                __data_load_start = LOADADDR (.data)
                0x000098ec                __data_load_end = (__data_load_start + SIZEOF (.data))

.noinit         0x00800845        0x0
                0x00800845                PROVIDE (__noinit_start, .)
 *(.noinit*)
                0x00800845                PROVIDE (__noinit_end, .)
                0x00800845                _end = .
                0x00800845                PROVIDE (__heap_start, .)

.eeprom         0x00810000        0x0
 *(.eeprom*)
                0x00810000                __eeprom_end = .

.fuse
 *(.fuse)
 *(.lfuse)
 *(.hfuse)
 *(.efuse)

.lock
 *(.lock*)

.signature
 *(.signature*)

.user_signatures
 *(.user_signatures*)

.stab
 *(.stab)

.stabstr
 *(.stabstr)

.stab.excl
 *(.stab.excl)

.stab.exclstr
 *(.stab.exclstr)

.stab.index
 *(.stab.index)

.stab.indexstr
 *(.stab.indexstr)

.comment        0x00000000       0x30
 *(.comment)
 .comment       0x00000000       0x30 src/acc.o
                                 0x31 (size before relaxing)
 .comment       0x00000000       0x31 src/adc.o
 .comment       0x00000000       0x31 src/display_balance.o
 .comment       0x00000000       0x31 src/display_rcinput.o
 .comment       0x00000000       0x31 src/display_sensors.o
 .comment       0x00000000       0x31 src/display_status.o
 .comment       0x00000000       0x31 src/display_wizard.o
 .comment       0x00000000       0x31 src/eeprom.o
 .comment       0x00000000       0x31 src/FC_main.o
 .comment       0x00000000       0x31 src/glcd_driver.o
 .comment       0x00000000       0x31 src/glcd_menu.o
 .comment       0x00000000       0x31 src/gyros.o
 .comment       0x00000000       0x31 src/i2c.o
 .comment       0x00000000       0x31 src/imu.o
 .comment       0x00000000       0x31 src/init.o
 .comment       0x00000000       0x31 src/isr.o
 .comment       0x00000000       0x31 src/menu_driver.o
 .comment       0x00000000       0x31 src/menu_flight.o
 .comment       0x00000000       0x31 src/menu_main.o
 .comment       0x00000000       0x31 src/menu_mixer.o
 .comment       0x00000000       0x31 src/menu_servos.o
 .comment       0x00000000       0x31 src/menu_settings.o
 .comment       0x00000000       0x31 src/mixer.o
 .comment       0x00000000       0x31 src/mugui_text.o
 .comment       0x00000000       0x31 src/pid.o
 .comment       0x00000000       0x31 src/rc.o
 .comment       0x00000000       0x31 src/servos.o
 .comment       0x00000000       0x31 src/twimastertimeout.o
 .comment       0x00000000       0x31 src/uart.o
 .comment       0x00000000       0x31 src/vbat.o

.note.gnu.build-id
 *(.note.gnu.build-id)

.debug
 *(.debug)

.line
 *(.line)

.debug_srcinfo
 *(.debug_srcinfo)

.debug_sfnames
 *(.debug_sfnames)

.debug_aranges  0x00000000      0x670
 *(.debug_aranges)
 .debug_aranges
                0x00000000       0x38 src/acc.o
 .debug_aranges
                0x00000038       0x28 src/adc.o
 .debug_aranges
                0x00000060       0x20 src/display_balance.o
 .debug_aranges
                0x00000080       0x20 src/display_rcinput.o
 .debug_aranges
                0x000000a0       0x20 src/display_sensors.o
 .debug_aranges
                0x000000c0       0x20 src/display_status.o
 .debug_aranges
                0x000000e0       0x20 src/display_wizard.o
 .debug_aranges
                0x00000100       0x60 src/eeprom.o
 .debug_aranges
                0x00000160       0x20 src/FC_main.o
 .debug_aranges
                0x00000180       0x80 src/glcd_driver.o
 .debug_aranges
                0x00000200       0x30 src/glcd_menu.o
 .debug_aranges
                0x00000230       0x40 src/gyros.o
 .debug_aranges
                0x00000270       0x28 src/i2c.o
 .debug_aranges
                0x00000298       0x60 src/imu.o
 .debug_aranges
                0x000002f8       0x28 src/init.o
 .debug_aranges
                0x00000320       0x68 src/isr.o
 .debug_aranges
                0x00000388       0x60 src/menu_driver.o
 .debug_aranges
                0x000003e8       0x20 src/menu_flight.o
 .debug_aranges
                0x00000408       0x38 src/menu_main.o
 .debug_aranges
                0x00000440       0x20 src/menu_mixer.o
 .debug_aranges
                0x00000460       0x20 src/menu_servos.o
 .debug_aranges
                0x00000480       0x20 src/menu_settings.o
 .debug_aranges
                0x000004a0       0x20 src/misc_asm.o
 .debug_aranges
                0x000004c0       0x48 src/mixer.o
 .debug_aranges
                0x00000508       0x40 src/mugui_text.o
 .debug_aranges
                0x00000548       0x28 src/pid.o
 .debug_aranges
                0x00000570       0x28 src/rc.o
 .debug_aranges
                0x00000598       0x20 src/servos.o
 .debug_aranges
                0x000005b8       0x20 src/servos_asm.o
 .debug_aranges
                0x000005d8       0x58 src/twimastertimeout.o
 .debug_aranges
                0x00000630       0x20 src/uart.o
 .debug_aranges
                0x00000650       0x20 src/vbat.o

.debug_pubnames
 *(.debug_pubnames)

.debug_info     0x00000000    0x144b1
 *(.debug_info .gnu.linkonce.wi.*)
 .debug_info    0x00000000      0xc38 src/acc.o
 .debug_info    0x00000c38       0xa9 src/adc.o
 .debug_info    0x00000ce1      0x41e src/display_balance.o
 .debug_info    0x000010ff      0x886 src/display_rcinput.o
 .debug_info    0x00001985      0x869 src/display_sensors.o
 .debug_info    0x000021ee      0xfc2 src/display_status.o
 .debug_info    0x000031b0      0xc1a src/display_wizard.o
 .debug_info    0x00003dca      0xdcd src/eeprom.o
 .debug_info    0x00004b97     0x111e src/FC_main.o
 .debug_info    0x00005cb5     0x10b9 src/glcd_driver.o
 .debug_info    0x00006d6e     0x1959 src/glcd_menu.o
 .debug_info    0x000086c7      0xaee src/gyros.o
 .debug_info    0x000091b5      0x20e src/i2c.o
 .debug_info    0x000093c3      0xcbd src/imu.o
 .debug_info    0x0000a080      0xf8d src/init.o
 .debug_info    0x0000b00d      0xb3c src/isr.o
 .debug_info    0x0000bb49     0x1683 src/menu_driver.o
 .debug_info    0x0000d1cc      0xa4a src/menu_flight.o
 .debug_info    0x0000dc16      0x5d1 src/menu_main.o
 .debug_info    0x0000e1e7      0xb1e src/menu_mixer.o
 .debug_info    0x0000ed05      0xb10 src/menu_servos.o
 .debug_info    0x0000f815      0xd2b src/menu_settings.o
 .debug_info    0x00010540       0x6c src/misc_asm.o
 .debug_info    0x000105ac     0x1010 src/mixer.o
 .debug_info    0x000115bc      0x778 src/mugui_text.o
 .debug_info    0x00011d34      0xb07 src/pid.o
 .debug_info    0x0001283b      0x904 src/rc.o
 .debug_info    0x0001313f      0x88f src/servos.o
 .debug_info    0x000139ce       0x6e src/servos_asm.o
 .debug_info    0x00013a3c      0x235 src/twimastertimeout.o
 .debug_info    0x00013c71      0x737 src/uart.o
 .debug_info    0x000143a8      0x109 src/vbat.o

.debug_abbrev   0x00000000     0x360b
 *(.debug_abbrev)
 .debug_abbrev  0x00000000      0x25b src/acc.o
 .debug_abbrev  0x0000025b       0x78 src/adc.o
 .debug_abbrev  0x000002d3      0x153 src/display_balance.o
 .debug_abbrev  0x00000426      0x1e0 src/display_rcinput.o
 .debug_abbrev  0x00000606      0x227 src/display_sensors.o
 .debug_abbrev  0x0000082d      0x233 src/display_status.o
 .debug_abbrev  0x00000a60      0x1d4 src/display_wizard.o
 .debug_abbrev  0x00000c34      0x2e4 src/eeprom.o
 .debug_abbrev  0x00000f18      0x212 src/FC_main.o
 .debug_abbrev  0x0000112a      0x2c1 src/glcd_driver.o
 .debug_abbrev  0x000013eb      0x1cf src/glcd_menu.o
 .debug_abbrev  0x000015ba      0x250 src/gyros.o
 .debug_abbrev  0x0000180a       0xff src/i2c.o
 .debug_abbrev  0x00001909      0x26f src/imu.o
 .debug_abbrev  0x00001b78      0x22e src/init.o
 .debug_abbrev  0x00001da6      0x1a9 src/isr.o
 .debug_abbrev  0x00001f4f      0x3e9 src/menu_driver.o
 .debug_abbrev  0x00002338      0x15c src/menu_flight.o
 .debug_abbrev  0x00002494      0x20b src/menu_main.o
 .debug_abbrev  0x0000269f      0x17d src/menu_mixer.o
 .debug_abbrev  0x0000281c      0x199 src/menu_servos.o
 .debug_abbrev  0x000029b5      0x1cb src/menu_settings.o
 .debug_abbrev  0x00002b80       0x14 src/misc_asm.o
 .debug_abbrev  0x00002b94      0x21d src/mixer.o
 .debug_abbrev  0x00002db1      0x19c src/mugui_text.o
 .debug_abbrev  0x00002f4d      0x17d src/pid.o
 .debug_abbrev  0x000030ca      0x1a6 src/rc.o
 .debug_abbrev  0x00003270      0x136 src/servos.o
 .debug_abbrev  0x000033a6       0x14 src/servos_asm.o
 .debug_abbrev  0x000033ba       0xe8 src/twimastertimeout.o
 .debug_abbrev  0x000034a2       0xbe src/uart.o
 .debug_abbrev  0x00003560       0xab src/vbat.o

.debug_line     0x00000000     0x404e
 *(.debug_line .debug_line.* .debug_line_end)
 .debug_line    0x00000000      0x260 src/acc.o
 .debug_line    0x00000260       0xc3 src/adc.o
 .debug_line    0x00000323      0x142 src/display_balance.o
 .debug_line    0x00000465      0x1a7 src/display_rcinput.o
 .debug_line    0x0000060c      0x21c src/display_sensors.o
 .debug_line    0x00000828      0x1a7 src/display_status.o
 .debug_line    0x000009cf      0x210 src/display_wizard.o
 .debug_line    0x00000bdf      0x3dd src/eeprom.o
 .debug_line    0x00000fbc      0x4be src/FC_main.o
 .debug_line    0x0000147a      0x31f src/glcd_driver.o
 .debug_line    0x00001799      0x11f src/glcd_menu.o
 .debug_line    0x000018b8      0x226 src/gyros.o
 .debug_line    0x00001ade       0xe5 src/i2c.o
 .debug_line    0x00001bc3      0x2ea src/imu.o
 .debug_line    0x00001ead      0x2e7 src/init.o
 .debug_line    0x00002194      0x27e src/isr.o
 .debug_line    0x00002412      0x4d9 src/menu_driver.o
 .debug_line    0x000028eb      0x114 src/menu_flight.o
 .debug_line    0x000029ff      0x20a src/menu_main.o
 .debug_line    0x00002c09      0x113 src/menu_mixer.o
 .debug_line    0x00002d1c      0x140 src/menu_servos.o
 .debug_line    0x00002e5c      0x164 src/menu_settings.o
 .debug_line    0x00002fc0       0x64 src/misc_asm.o
 .debug_line    0x00003024      0x3b6 src/mixer.o
 .debug_line    0x000033da      0x1ac src/mugui_text.o
 .debug_line    0x00003586      0x2b8 src/pid.o
 .debug_line    0x0000383e      0x1ba src/rc.o
 .debug_line    0x000039f8      0x114 src/servos.o
 .debug_line    0x00003b0c      0x19a src/servos_asm.o
 .debug_line    0x00003ca6      0x1e7 src/twimastertimeout.o
 .debug_line    0x00003e8d       0xf5 src/uart.o
 .debug_line    0x00003f82       0xcc src/vbat.o

.debug_frame    0x00000000     0x1468
 *(.debug_frame)
 .debug_frame   0x00000000       0x8c src/acc.o
 .debug_frame   0x0000008c       0x34 src/adc.o
 .debug_frame   0x000000c0       0x44 src/display_balance.o
 .debug_frame   0x00000104       0x24 src/display_rcinput.o
 .debug_frame   0x00000128       0x24 src/display_sensors.o
 .debug_frame   0x0000014c       0x58 src/display_status.o
 .debug_frame   0x000001a4       0x58 src/display_wizard.o
 .debug_frame   0x000001fc      0x178 src/eeprom.o
 .debug_frame   0x00000374       0x34 src/FC_main.o
 .debug_frame   0x000003a8      0x230 src/glcd_driver.o
 .debug_frame   0x000005d8       0x44 src/glcd_menu.o
 .debug_frame   0x0000061c       0xec src/gyros.o
 .debug_frame   0x00000708       0x74 src/i2c.o
 .debug_frame   0x0000077c      0x1a4 src/imu.o
 .debug_frame   0x00000920       0x3c src/init.o
 .debug_frame   0x0000095c      0x1dc src/isr.o
 .debug_frame   0x00000b38      0x1c0 src/menu_driver.o
 .debug_frame   0x00000cf8       0x6c src/menu_flight.o
 .debug_frame   0x00000d64       0x88 src/menu_main.o
 .debug_frame   0x00000dec       0x6c src/menu_mixer.o
 .debug_frame   0x00000e58       0x84 src/menu_servos.o
 .debug_frame   0x00000edc       0x84 src/menu_settings.o
 .debug_frame   0x00000f60      0x134 src/mixer.o
 .debug_frame   0x00001094      0x158 src/mugui_text.o
 .debug_frame   0x000011ec       0xf4 src/pid.o
 .debug_frame   0x000012e0       0x50 src/rc.o
 .debug_frame   0x00001330       0x5c src/servos.o
 .debug_frame   0x0000138c       0x94 src/twimastertimeout.o
 .debug_frame   0x00001420       0x24 src/uart.o
 .debug_frame   0x00001444       0x24 src/vbat.o

.debug_str      0x00000000     0x2838
 *(.debug_str)
 .debug_str     0x00000000      0x786 src/acc.o
                                0x817 (size before relaxing)
 .debug_str     0x00000786       0x27 src/adc.o
                                0x160 (size before relaxing)
 .debug_str     0x000007ad       0x92 src/display_balance.o
                                0x25c (size before relaxing)
 .debug_str     0x0000083f       0xe3 src/display_rcinput.o
                                0x2bb (size before relaxing)
 .debug_str     0x00000922       0x4e src/display_sensors.o
                                0x2fa (size before relaxing)
 .debug_str     0x00000970      0x122 src/display_status.o
                                0x80c (size before relaxing)
 .debug_str     0x00000a92       0x73 src/display_wizard.o
                                0x841 (size before relaxing)
 .debug_str     0x00000b05      0x303 src/eeprom.o
                                0xa55 (size before relaxing)
 .debug_str     0x00000e08      0x4c7 src/FC_main.o
                                0xd9b (size before relaxing)
 .debug_str     0x000012cf       0xbe src/glcd_driver.o
                                0x7e5 (size before relaxing)
 .debug_str     0x0000138d      0x9e6 src/glcd_menu.o
                                0xbf7 (size before relaxing)
 .debug_str     0x00001d73       0x9d src/gyros.o
                                0x800 (size before relaxing)
 .debug_str     0x00001e10       0x64 src/i2c.o
                                0x1d7 (size before relaxing)
 .debug_str     0x00001e74      0x157 src/imu.o
                                0x882 (size before relaxing)
 .debug_str     0x00001fcb       0x79 src/init.o
                                0x96f (size before relaxing)
 .debug_str     0x00002044      0x111 src/isr.o
                                0x8a5 (size before relaxing)
 .debug_str     0x00002155      0x1c1 src/menu_driver.o
                                0xa3d (size before relaxing)
 .debug_str     0x00002316       0x6c src/menu_flight.o
                                0x7a0 (size before relaxing)
 .debug_str     0x00002382       0x84 src/menu_main.o
                                0x36f (size before relaxing)
 .debug_str     0x00002406       0x4a src/menu_mixer.o
                                0x855 (size before relaxing)
 .debug_str     0x00002450       0x4a src/menu_servos.o
                                0x850 (size before relaxing)
 .debug_str     0x0000249a       0x79 src/menu_settings.o
                                0x952 (size before relaxing)
 .debug_str     0x00002513       0xdd src/mixer.o
                                0x9e3 (size before relaxing)
 .debug_str     0x000025f0       0x8a src/mugui_text.o
                                0x27e (size before relaxing)
 .debug_str     0x0000267a       0xe3 src/pid.o
                                0x896 (size before relaxing)
 .debug_str     0x0000275d       0x1f src/rc.o
                                0x7a6 (size before relaxing)
 .debug_str     0x0000277c       0x10 src/servos.o
                                0x79d (size before relaxing)
 .debug_str     0x0000278c       0x33 src/twimastertimeout.o
                                0x1dc (size before relaxing)
 .debug_str     0x000027bf        0xe src/uart.o
                                0x695 (size before relaxing)
 .debug_str     0x000027cd       0x6b src/vbat.o
                                0x1c7 (size before relaxing)

.debug_loc      0x00000000     0x918c
 *(.debug_loc)
 .debug_loc     0x00000000      0x3e2 src/acc.o
 .debug_loc     0x000003e2       0x2d src/adc.o
 .debug_loc     0x0000040f       0xbf src/display_balance.o
 .debug_loc     0x000004ce      0x160 src/display_rcinput.o
 .debug_loc     0x0000062e      0x150 src/display_sensors.o
 .debug_loc     0x0000077e      0x244 src/display_status.o
 .debug_loc     0x000009c2      0x21c src/display_wizard.o
 .debug_loc     0x00000bde      0x6cd src/eeprom.o
 .debug_loc     0x000012ab     0x139f src/FC_main.o
 .debug_loc     0x0000264a      0xd3f src/glcd_driver.o
 .debug_loc     0x00003389      0x1d2 src/glcd_menu.o
 .debug_loc     0x0000355b      0x4f1 src/gyros.o
 .debug_loc     0x00003a4c      0x221 src/i2c.o
 .debug_loc     0x00003c6d      0x765 src/imu.o
 .debug_loc     0x000043d2      0x1e9 src/init.o
 .debug_loc     0x000045bb      0x750 src/isr.o
 .debug_loc     0x00004d0b     0x10d4 src/menu_driver.o
 .debug_loc     0x00005ddf      0x14e src/menu_flight.o
 .debug_loc     0x00005f2d      0x38b src/menu_main.o
 .debug_loc     0x000062b8      0x16d src/menu_mixer.o
 .debug_loc     0x00006425      0x25b src/menu_servos.o
 .debug_loc     0x00006680      0x249 src/menu_settings.o
 .debug_loc     0x000068c9      0xd72 src/mixer.o
 .debug_loc     0x0000763b      0xe1b src/mugui_text.o
 .debug_loc     0x00008456      0x7d0 src/pid.o
 .debug_loc     0x00008c26      0x12a src/rc.o
 .debug_loc     0x00008d50      0x169 src/servos.o
 .debug_loc     0x00008eb9      0x29b src/twimastertimeout.o
 .debug_loc     0x00009154       0x38 src/vbat.o

.debug_macinfo
 *(.debug_macinfo)

.debug_weaknames
 *(.debug_weaknames)

.debug_funcnames
 *(.debug_funcnames)

.debug_typenames
 *(.debug_typenames)

.debug_varnames
 *(.debug_varnames)

.debug_pubtypes
 *(.debug_pubtypes)

.debug_ranges   0x00000000      0x510
 *(.debug_ranges)
 .debug_ranges  0x00000000       0x40 src/acc.o
 .debug_ranges  0x00000040       0x18 src/adc.o
 .debug_ranges  0x00000058       0x10 src/display_balance.o
 .debug_ranges  0x00000068       0x10 src/display_rcinput.o
 .debug_ranges  0x00000078       0x10 src/display_sensors.o
 .debug_ranges  0x00000088       0x10 src/display_status.o
 .debug_ranges  0x00000098       0x10 src/display_wizard.o
 .debug_ranges  0x000000a8       0x50 src/eeprom.o
 .debug_ranges  0x000000f8       0x10 src/FC_main.o
 .debug_ranges  0x00000108       0x88 src/glcd_driver.o
 .debug_ranges  0x00000190       0x20 src/glcd_menu.o
 .debug_ranges  0x000001b0       0x48 src/gyros.o
 .debug_ranges  0x000001f8       0x18 src/i2c.o
 .debug_ranges  0x00000210       0x50 src/imu.o
 .debug_ranges  0x00000260       0x18 src/init.o
 .debug_ranges  0x00000278       0x58 src/isr.o
 .debug_ranges  0x000002d0       0x68 src/menu_driver.o
 .debug_ranges  0x00000338       0x10 src/menu_flight.o
 .debug_ranges  0x00000348       0x28 src/menu_main.o
 .debug_ranges  0x00000370       0x10 src/menu_mixer.o
 .debug_ranges  0x00000380       0x10 src/menu_servos.o
 .debug_ranges  0x00000390       0x10 src/menu_settings.o
 .debug_ranges  0x000003a0       0x98 src/mixer.o
 .debug_ranges  0x00000438       0x30 src/mugui_text.o
 .debug_ranges  0x00000468       0x18 src/pid.o
 .debug_ranges  0x00000480       0x18 src/rc.o
 .debug_ranges  0x00000498       0x10 src/servos.o
 .debug_ranges  0x000004a8       0x48 src/twimastertimeout.o
 .debug_ranges  0x000004f0       0x10 src/uart.o
 .debug_ranges  0x00000500       0x10 src/vbat.o

.debug_macro
 *(.debug_macro)
OUTPUT(OpenAeroVTOL.elf elf32-avr)
LOAD linker stubs
